../Core/Src/ssd1306.c:9:6:ssd1306_Reset	4	static
../Core/Src/ssd1306.c:14:6:ssd1306_WriteCommand	32	static
../Core/Src/ssd1306.c:19:6:ssd1306_WriteData	32	static
../Core/Src/ssd1306.c:30:17:ssd1306_FillBuffer	24	static
../Core/Src/ssd1306.c:40:6:ssd1306_Init	8	static
../Core/Src/ssd1306.c:142:6:ssd1306_Fill	16	static
../Core/Src/ssd1306.c:147:6:ssd1306_UpdateScreen	16	static
../Core/Src/ssd1306.c:168:6:ssd1306_DrawPixel	16	static
../Core/Src/ssd1306.c:188:6:ssd1306_WriteChar	48	static
../Core/Src/ssd1306.c:223:6:ssd1306_WriteString	24	static
../Core/Src/ssd1306.c:237:6:ssd1306_SetCursor	16	static
../Core/Src/ssd1306.c:243:6:ssd1306_Line	48	static
../Core/Src/ssd1306.c:270:6:ssd1306_Polyline	40	static
../Core/Src/ssd1306.c:284:14:ssd1306_DegToRad	16	static
../Core/Src/ssd1306.c:289:17:ssd1306_NormalizeTo0_360	24	static
../Core/Src/ssd1306.c:305:6:ssd1306_DrawArc	64	static
../Core/Src/ssd1306.c:345:6:ssd1306_DrawArcWithRadiusLine	72	static
../Core/Src/ssd1306.c:388:6:ssd1306_DrawCircle	40	static
../Core/Src/ssd1306.c:423:6:ssd1306_FillCircle	48	static
../Core/Src/ssd1306.c:459:6:ssd1306_DrawRectangle	32	static
../Core/Src/ssd1306.c:469:6:ssd1306_FillRectangle	32	static
../Core/Src/ssd1306.c:484:6:ssd1306_DrawBitmap	24	static
../Core/Src/ssd1306.c:508:6:ssd1306_SetContrast	24	static
../Core/Src/ssd1306.c:514:6:ssd1306_SetDisplayOn	24	static
../Core/Src/ssd1306.c:526:9:ssd1306_GetDisplayOn	4	static
../Core/Src/ssd1306.c:531:6:batterygauge	40	static
