../Core/Src/ssd1306.c:9:6:ssd1306_Reset	0	static
../Core/Src/ssd1306.c:14:6:ssd1306_WriteCommand	32	static
../Core/Src/ssd1306.c:19:6:ssd1306_WriteData	24	static
../Core/Src/ssd1306.c:30:17:ssd1306_FillBuffer	8	static
../Core/Src/ssd1306.c:142:6:ssd1306_Fill	0	static
../Core/Src/ssd1306.c:147:6:ssd1306_UpdateScreen	16	static
../Core/Src/ssd1306.c:168:6:ssd1306_DrawPixel	12	static
../Core/Src/ssd1306.c:188:6:ssd1306_WriteChar	64	static
../Core/Src/ssd1306.c:223:6:ssd1306_WriteString	24	static
../Core/Src/ssd1306.c:237:6:ssd1306_SetCursor	0	static
../Core/Src/ssd1306.c:243:6:ssd1306_Line	48	static
../Core/Src/ssd1306.c:270:6:ssd1306_Polyline	32	static
../Core/Src/ssd1306.c:305:6:ssd1306_DrawArc	96	static
../Core/Src/ssd1306.c:345:6:ssd1306_DrawArcWithRadiusLine	104	static
../Core/Src/ssd1306.c:388:6:ssd1306_DrawCircle	48	static
../Core/Src/ssd1306.c:423:6:ssd1306_FillCircle	48	static
../Core/Src/ssd1306.c:459:6:ssd1306_DrawRectangle	32	static
../Core/Src/ssd1306.c:469:6:ssd1306_FillRectangle	24	static
../Core/Src/ssd1306.c:484:6:ssd1306_DrawBitmap	48	static
../Core/Src/ssd1306.c:508:6:ssd1306_SetContrast	8	static
../Core/Src/ssd1306.c:514:6:ssd1306_SetDisplayOn	0	static
../Core/Src/ssd1306.c:40:6:ssd1306_Init	8	static
../Core/Src/ssd1306.c:526:9:ssd1306_GetDisplayOn	0	static
../Core/Src/ssd1306.c:531:6:batterygauge	40	static
