../Core/Src/foc.c:29:6:foc_pwm_init	12	static
../Core/Src/foc.c:48:6:foc_motor_init	16	static
../Core/Src/foc.c:57:6:foc_sensor_init	0	static
../Core/Src/foc.c:64:6:foc_gear_reducer_init	0	static
../Core/Src/foc.c:70:6:foc_set_limit_current	0	static
../Core/Src/foc.c:76:6:foc_current_control_update	72	static
../Core/Src/foc.c:119:6:foc_speed_control_update	8	static
../Core/Src/foc.c:130:6:foc_position_control_update	8	static
../Core/Src/foc.c:154:6:foc_calc_electric_angle	24	static
../Core/Src/foc.c:197:6:open_loop_voltage_control	72	static
