Archive member included to satisfy reference by file (symbol)

C:/ST/STM32CubeIDE_1.13.1/STM32CubeIDE/plugins/com.st.stm32cube.ide.mcu.externaltools.gnu-tools-for-stm32.13.3.rel1.win32_1.0.0.202411081344/tools/bin/../lib/gcc/arm-none-eabi/13.3.1/../../../../arm-none-eabi/lib/thumb/v7e-m+dp/hard\libc_nano.a(libc_a-exit.o)
                              C:/ST/STM32CubeIDE_1.13.1/STM32CubeIDE/plugins/com.st.stm32cube.ide.mcu.externaltools.gnu-tools-for-stm32.13.3.rel1.win32_1.0.0.202411081344/tools/bin/../lib/gcc/arm-none-eabi/13.3.1/../../../../arm-none-eabi/lib/thumb/v7e-m+dp/hard/crt0.o (exit)
C:/ST/STM32CubeIDE_1.13.1/STM32CubeIDE/plugins/com.st.stm32cube.ide.mcu.externaltools.gnu-tools-for-stm32.13.3.rel1.win32_1.0.0.202411081344/tools/bin/../lib/gcc/arm-none-eabi/13.3.1/../../../../arm-none-eabi/lib/thumb/v7e-m+dp/hard\libc_nano.a(libc_a-findfp.o)
                              ./Middlewares/Third_Party/FreeRTOS/Source/tasks.o (__sf)
C:/ST/STM32CubeIDE_1.13.1/STM32CubeIDE/plugins/com.st.stm32cube.ide.mcu.externaltools.gnu-tools-for-stm32.13.3.rel1.win32_1.0.0.202411081344/tools/bin/../lib/gcc/arm-none-eabi/13.3.1/../../../../arm-none-eabi/lib/thumb/v7e-m+dp/hard\libc_nano.a(libc_a-fwalk.o)
                              C:/ST/STM32CubeIDE_1.13.1/STM32CubeIDE/plugins/com.st.stm32cube.ide.mcu.externaltools.gnu-tools-for-stm32.13.3.rel1.win32_1.0.0.202411081344/tools/bin/../lib/gcc/arm-none-eabi/13.3.1/../../../../arm-none-eabi/lib/thumb/v7e-m+dp/hard\libc_nano.a(libc_a-findfp.o) (_fwalk_sglue)
C:/ST/STM32CubeIDE_1.13.1/STM32CubeIDE/plugins/com.st.stm32cube.ide.mcu.externaltools.gnu-tools-for-stm32.13.3.rel1.win32_1.0.0.202411081344/tools/bin/../lib/gcc/arm-none-eabi/13.3.1/../../../../arm-none-eabi/lib/thumb/v7e-m+dp/hard\libc_nano.a(libc_a-stdio.o)
                              C:/ST/STM32CubeIDE_1.13.1/STM32CubeIDE/plugins/com.st.stm32cube.ide.mcu.externaltools.gnu-tools-for-stm32.13.3.rel1.win32_1.0.0.202411081344/tools/bin/../lib/gcc/arm-none-eabi/13.3.1/../../../../arm-none-eabi/lib/thumb/v7e-m+dp/hard\libc_nano.a(libc_a-findfp.o) (__sread)
C:/ST/STM32CubeIDE_1.13.1/STM32CubeIDE/plugins/com.st.stm32cube.ide.mcu.externaltools.gnu-tools-for-stm32.13.3.rel1.win32_1.0.0.202411081344/tools/bin/../lib/gcc/arm-none-eabi/13.3.1/../../../../arm-none-eabi/lib/thumb/v7e-m+dp/hard\libc_nano.a(libc_a-memset.o)
                              C:/ST/STM32CubeIDE_1.13.1/STM32CubeIDE/plugins/com.st.stm32cube.ide.mcu.externaltools.gnu-tools-for-stm32.13.3.rel1.win32_1.0.0.202411081344/tools/bin/../lib/gcc/arm-none-eabi/13.3.1/../../../../arm-none-eabi/lib/thumb/v7e-m+dp/hard/crt0.o (memset)
C:/ST/STM32CubeIDE_1.13.1/STM32CubeIDE/plugins/com.st.stm32cube.ide.mcu.externaltools.gnu-tools-for-stm32.13.3.rel1.win32_1.0.0.202411081344/tools/bin/../lib/gcc/arm-none-eabi/13.3.1/../../../../arm-none-eabi/lib/thumb/v7e-m+dp/hard\libc_nano.a(libc_a-closer.o)
                              C:/ST/STM32CubeIDE_1.13.1/STM32CubeIDE/plugins/com.st.stm32cube.ide.mcu.externaltools.gnu-tools-for-stm32.13.3.rel1.win32_1.0.0.202411081344/tools/bin/../lib/gcc/arm-none-eabi/13.3.1/../../../../arm-none-eabi/lib/thumb/v7e-m+dp/hard\libc_nano.a(libc_a-stdio.o) (_close_r)
C:/ST/STM32CubeIDE_1.13.1/STM32CubeIDE/plugins/com.st.stm32cube.ide.mcu.externaltools.gnu-tools-for-stm32.13.3.rel1.win32_1.0.0.202411081344/tools/bin/../lib/gcc/arm-none-eabi/13.3.1/../../../../arm-none-eabi/lib/thumb/v7e-m+dp/hard\libc_nano.a(libc_a-reent.o)
                              ./Middlewares/Third_Party/FreeRTOS/Source/tasks.o (_reclaim_reent)
C:/ST/STM32CubeIDE_1.13.1/STM32CubeIDE/plugins/com.st.stm32cube.ide.mcu.externaltools.gnu-tools-for-stm32.13.3.rel1.win32_1.0.0.202411081344/tools/bin/../lib/gcc/arm-none-eabi/13.3.1/../../../../arm-none-eabi/lib/thumb/v7e-m+dp/hard\libc_nano.a(libc_a-impure.o)
                              ./Middlewares/Third_Party/FreeRTOS/Source/tasks.o (_impure_ptr)
C:/ST/STM32CubeIDE_1.13.1/STM32CubeIDE/plugins/com.st.stm32cube.ide.mcu.externaltools.gnu-tools-for-stm32.13.3.rel1.win32_1.0.0.202411081344/tools/bin/../lib/gcc/arm-none-eabi/13.3.1/../../../../arm-none-eabi/lib/thumb/v7e-m+dp/hard\libc_nano.a(libc_a-lseekr.o)
                              C:/ST/STM32CubeIDE_1.13.1/STM32CubeIDE/plugins/com.st.stm32cube.ide.mcu.externaltools.gnu-tools-for-stm32.13.3.rel1.win32_1.0.0.202411081344/tools/bin/../lib/gcc/arm-none-eabi/13.3.1/../../../../arm-none-eabi/lib/thumb/v7e-m+dp/hard\libc_nano.a(libc_a-stdio.o) (_lseek_r)
C:/ST/STM32CubeIDE_1.13.1/STM32CubeIDE/plugins/com.st.stm32cube.ide.mcu.externaltools.gnu-tools-for-stm32.13.3.rel1.win32_1.0.0.202411081344/tools/bin/../lib/gcc/arm-none-eabi/13.3.1/../../../../arm-none-eabi/lib/thumb/v7e-m+dp/hard\libc_nano.a(libc_a-readr.o)
[...]
Memory Configuration

Name             Origin             Length             Attributes
FLASH            0x08000000         0x00200000         xr
DTCMRAM          0x20000000         0x00020000         xrw
RAM_D1           0x24000000         0x00080000         xrw
RAM_D2           0x30000000         0x00048000         xrw
RAM_D3           0x38000000         0x00010000         xrw
ITCMRAM          0x00000000         0x00010000         xrw
*default*        0x00000000         0xffffffff

Linker script and memory map

LOAD C:/ST/STM32CubeIDE_1.13.1/STM32CubeIDE/plugins/com.st.stm32cube.ide.mcu.externaltools.gnu-tools-for-stm32.13.3.rel1.win32_1.0.0.202411081344/tools/bin/../lib/gcc/arm-none-eabi/13.3.1/thumb/v7e-m+dp/hard/crti.o
LOAD C:/ST/STM32CubeIDE_1.13.1/STM32CubeIDE/plugins/com.st.stm32cube.ide.mcu.externaltools.gnu-tools-for-stm32.13.3.rel1.win32_1.0.0.202411081344/tools/bin/../lib/gcc/arm-none-eabi/13.3.1/thumb/v7e-m+dp/hard/crtbegin.o
LOAD C:/ST/STM32CubeIDE_1.13.1/STM32CubeIDE/plugins/com.st.stm32cube.ide.mcu.externaltools.gnu-tools-for-stm32.13.3.rel1.win32_1.0.0.202411081344/tools/bin/../lib/gcc/arm-none-eabi/13.3.1/../../../../arm-none-eabi/lib/thumb/v7e-m+dp/hard/crt0.o
LOAD ./Core/Src/dma.o
LOAD ./Core/Src/freertos.o
LOAD ./Core/Src/gpio.o
LOAD ./Core/Src/main.o
LOAD ./Core/Src/stm32h7xx_hal_msp.o
LOAD ./Core/Src/stm32h7xx_hal_timebase_tim.o
LOAD ./Core/Src/stm32h7xx_it.o
LOAD ./Core/Src/syscalls.o
LOAD ./Core/Src/sysmem.o
LOAD ./Core/Src/system_stm32h7xx.o
LOAD ./Core/Src/usart.o
LOAD ./Core/Src/ylidar.o
LOAD ./Core/Startup/startup_stm32h743vihx.o
LOAD ./Drivers/STM32H7xx_HAL_Driver/Src/stm32h7xx_hal.o
LOAD ./Drivers/STM32H7xx_HAL_Driver/Src/stm32h7xx_hal_cortex.o
LOAD ./Drivers/STM32H7xx_HAL_Driver/Src/stm32h7xx_hal_dma.o
LOAD ./Drivers/STM32H7xx_HAL_Driver/Src/stm32h7xx_hal_dma_ex.o
LOAD ./Drivers/STM32H7xx_HAL_Driver/Src/stm32h7xx_hal_exti.o
LOAD ./Drivers/STM32H7xx_HAL_Driver/Src/stm32h7xx_hal_flash.o
LOAD ./Drivers/STM32H7xx_HAL_Driver/Src/stm32h7xx_hal_flash_ex.o
LOAD ./Drivers/STM32H7xx_HAL_Driver/Src/stm32h7xx_hal_gpio.o
LOAD ./Drivers/STM32H7xx_HAL_Driver/Src/stm32h7xx_hal_hsem.o
LOAD ./Drivers/STM32H7xx_HAL_Driver/Src/stm32h7xx_hal_i2c.o
LOAD ./Drivers/STM32H7xx_HAL_Driver/Src/stm32h7xx_hal_i2c_ex.o
LOAD ./Drivers/STM32H7xx_HAL_Driver/Src/stm32h7xx_hal_mdma.o
LOAD ./Drivers/STM32H7xx_HAL_Driver/Src/stm32h7xx_hal_pcd.o
LOAD ./Drivers/STM32H7xx_HAL_Driver/Src/stm32h7xx_hal_pcd_ex.o
LOAD ./Drivers/STM32H7xx_HAL_Driver/Src/stm32h7xx_hal_pwr.o
LOAD ./Drivers/STM32H7xx_HAL_Driver/Src/stm32h7xx_hal_pwr_ex.o
LOAD ./Drivers/STM32H7xx_HAL_Driver/Src/stm32h7xx_hal_rcc.o
LOAD ./Drivers/STM32H7xx_HAL_Driver/Src/stm32h7xx_hal_rcc_ex.o
LOAD ./Drivers/STM32H7xx_HAL_Driver/Src/stm32h7xx_hal_tim.o
LOAD ./Drivers/STM32H7xx_HAL_Driver/Src/stm32h7xx_hal_tim_ex.o
LOAD ./Drivers/STM32H7xx_HAL_Driver/Src/stm32h7xx_hal_uart.o
LOAD ./Drivers/STM32H7xx_HAL_Driver/Src/stm32h7xx_hal_uart_ex.o
LOAD ./Drivers/STM32H7xx_HAL_Driver/Src/stm32h7xx_ll_usb.o
LOAD ./Middlewares/ST/STM32_USB_Device_Library/Class/CDC/Src/usbd_cdc.o
LOAD ./Middlewares/ST/STM32_USB_Device_Library/Core/Src/usbd_core.o
LOAD ./Middlewares/ST/STM32_USB_Device_Library/Core/Src/usbd_ctlreq.o
LOAD ./Middlewares/ST/STM32_USB_Device_Library/Core/Src/usbd_ioreq.o
LOAD ./Middlewares/Third_Party/FreeRTOS/Source/CMSIS_RTOS/cmsis_os.o
LOAD ./Middlewares/Third_Party/FreeRTOS/Source/croutine.o
LOAD ./Middlewares/Third_Party/FreeRTOS/Source/event_groups.o
LOAD ./Middlewares/Third_Party/FreeRTOS/Source/list.o
LOAD ./Middlewares/Third_Party/FreeRTOS/Source/queue.o
LOAD ./Middlewares/Third_Party/FreeRTOS/Source/stream_buffer.o
LOAD ./Middlewares/Third_Party/FreeRTOS/Source/tasks.o
LOAD ./Middlewares/Third_Party/FreeRTOS/Source/timers.o
LOAD ./Middlewares/Third_Party/FreeRTOS/Source/portable/GCC/ARM_CM4F/port.o
LOAD ./Middlewares/Third_Party/FreeRTOS/Source/portable/MemMang/heap_4.o
LOAD ./USB_DEVICE/App/usb_device.o
LOAD ./USB_DEVICE/App/usbd_cdc_if.o
LOAD ./USB_DEVICE/App/usbd_desc.o
LOAD ./USB_DEVICE/Target/usbd_conf.o
START GROUP
LOAD C:/ST/STM32CubeIDE_1.13.1/STM32CubeIDE/plugins/com.st.stm32cube.ide.mcu.externaltools.gnu-tools-for-stm32.13.3.rel1.win32_1.0.0.202411081344/tools/bin/../lib/gcc/arm-none-eabi/13.3.1/../../../../arm-none-eabi/lib/thumb/v7e-m+dp/hard\libc_nano.a
LOAD C:/ST/STM32CubeIDE_1.13.1/STM32CubeIDE/plugins/com.st.stm32cube.ide.mcu.externaltools.gnu-tools-for-stm32.13.3.rel1.win32_1.0.0.202411081344/tools/bin/../lib/gcc/arm-none-eabi/13.3.1/../../../../arm-none-eabi/lib/thumb/v7e-m+dp/hard\libm.a
END GROUP
START GROUP
LOAD C:/ST/STM32CubeIDE_1.13.1/STM32CubeIDE/plugins/com.st.stm32cube.ide.mcu.externaltools.gnu-tools-for-stm32.13.3.rel1.win32_1.0.0.202411081344/tools/bin/../lib/gcc/arm-none-eabi/13.3.1/thumb/v7e-m+dp/hard\libgcc.a
LOAD C:/ST/STM32CubeIDE_1.13.1/STM32CubeIDE/plugins/com.st.stm32cube.ide.mcu.externaltools.gnu-tools-for-stm32.13.3.rel1.win32_1.0.0.202411081344/tools/bin/../lib/gcc/arm-none-eabi/13.3.1/../../../../arm-none-eabi/lib/thumb/v7e-m+dp/hard\libc_nano.a
END GROUP
START GROUP
LOAD C:/ST/STM32CubeIDE_1.13.1/STM32CubeIDE/plugins/com.st.stm32cube.ide.mcu.externaltools.gnu-tools-for-stm32.13.3.rel1.win32_1.0.0.202411081344/tools/bin/../lib/gcc/arm-none-eabi/13.3.1/thumb/v7e-m+dp/hard\libgcc.a
LOAD C:/ST/STM32CubeIDE_1.13.1/STM32CubeIDE/plugins/com.st.stm32cube.ide.mcu.externaltools.gnu-tools-for-stm32.13.3.rel1.win32_1.0.0.202411081344/tools/bin/../lib/gcc/arm-none-eabi/13.3.1/../../../../arm-none-eabi/lib/thumb/v7e-m+dp/hard\libc_nano.a
LOAD C:/ST/STM32CubeIDE_1.13.1/STM32CubeIDE/plugins/com.st.stm32cube.ide.mcu.externaltools.gnu-tools-for-stm32.13.3.rel1.win32_1.0.0.202411081344/tools/bin/../lib/gcc/arm-none-eabi/13.3.1/../../../../arm-none-eabi/lib/thumb/v7e-m+dp/hard\libnosys.a
END GROUP
START GROUP
LOAD C:/ST/STM32CubeIDE_1.13.1/STM32CubeIDE/plugins/com.st.stm32cube.ide.mcu.externaltools.gnu-tools-for-stm32.13.3.rel1.win32_1.0.0.202411081344/tools/bin/../lib/gcc/arm-none-eabi/13.3.1/thumb/v7e-m+dp/hard\libgcc.a
LOAD C:/ST/STM32CubeIDE_1.13.1/STM32CubeIDE/plugins/com.st.stm32cube.ide.mcu.externaltools.gnu-tools-for-stm32.13.3.rel1.win32_1.0.0.202411081344/tools/bin/../lib/gcc/arm-none-eabi/13.3.1/../../../../arm-none-eabi/lib/thumb/v7e-m+dp/hard\libc_nano.a
LOAD C:/ST/STM32CubeIDE_1.13.1/STM32CubeIDE/plugins/com.st.stm32cube.ide.mcu.externaltools.gnu-tools-for-stm32.13.3.rel1.win32_1.0.0.202411081344/tools/bin/../lib/gcc/arm-none-eabi/13.3.1/../../../../arm-none-eabi/lib/thumb/v7e-m+dp/hard\libnosys.a
END GROUP
LOAD C:/ST/STM32CubeIDE_1.13.1/STM32CubeIDE/plugins/com.st.stm32cube.ide.mcu.externaltools.gnu-tools-for-stm32.13.3.rel1.win32_1.0.0.202411081344/tools/bin/../lib/gcc/arm-none-eabi/13.3.1/thumb/v7e-m+dp/hard/crtend.o
LOAD C:/ST/STM32CubeIDE_1.13.1/STM32CubeIDE/plugins/com.st.stm32cube.ide.mcu.externaltools.gnu-tools-for-stm32.13.3.rel1.win32_1.0.0.202411081344/tools/bin/../lib/gcc/arm-none-eabi/13.3.1/thumb/v7e-m+dp/hard/crtn.o
                0x24080000                        _estack = (ORIGIN (RAM_D1) + LENGTH (RAM_D1))
                0x00000200                        _Min_Heap_Size = 0x200
                0x00000400                        _Min_Stack_Size = 0x400

.isr_vector     0x08000000      0x298
                0x08000000                        . = ALIGN (0x4)
 *(.isr_vector)
 .isr_vector    0x08000000      0x298 ./Core/Startup/startup_stm32h743vihx.o
                0x08000000                g_pfnVectors
                0x08000298                        . = ALIGN (0x4)

.text           0x080002a0    0x11018
                0x080002a0                        . = ALIGN (0x4)
 *(.text)
 .text          0x080002a0       0x40 C:/ST/STM32CubeIDE_1.13.1/STM32CubeIDE/plugins/com.st.stm32cube.ide.mcu.externaltools.gnu-tools-for-stm32.13.3.rel1.win32_1.0.0.202411081344/tools/bin/../lib/gcc/arm-none-eabi/13.3.1/thumb/v7e-m+dp/hard/crtbegin.o
 .text          0x080002e0      0x378 C:/ST/STM32CubeIDE_1.13.1/STM32CubeIDE/plugins/com.st.stm32cube.ide.mcu.externaltools.gnu-tools-for-stm32.13.3.rel1.win32_1.0.0.202411081344/tools/bin/../lib/gcc/arm-none-eabi/13.3.1/thumb/v7e-m+dp/hard\libgcc.a(_arm_addsubdf3.o)
                0x080002e0                __aeabi_drsub
                0x080002e8                __aeabi_dsub
                0x080002e8                __subdf3
                0x080002ec                __aeabi_dadd
                0x080002ec                __adddf3
                0x08000564                __floatunsidf
                0x08000564                __aeabi_ui2d
                0x08000584                __floatsidf
                0x08000584                __aeabi_i2d
                0x080005a8                __aeabi_f2d
                0x080005a8                __extendsfdf2
                0x080005ec                __floatundidf
                0x080005ec                __aeabi_ul2d
                0x080005fc                __floatdidf
                0x080005fc                __aeabi_l2d
 .text          0x08000658       0x30 C:/ST/STM32CubeIDE_1.13.1/STM32CubeIDE/plugins/com.st.stm32cube.ide.mcu.externaltools.gnu-tools-for-stm32.13.3.rel1.win32_1.0.0.202411081344/tools/bin/../lib/gcc/arm-none-eabi/13.3.1/thumb/v7e-m+dp/hard\libgcc.a(_aeabi_uldivmod.o)
                0x08000658                __aeabi_uldivmod
 .text          0x08000688      0x2f8 C:/ST/STM32CubeIDE_1.13.1/STM32CubeIDE/plugins/com.st.stm32cube.ide.mcu.externaltools.gnu-tools-for-stm32.13.3.rel1.win32_1.0.0.202411081344/tools/bin/../lib/gcc/arm-none-eabi/13.3.1/thumb/v7e-m+dp/hard\libgcc.a(_udivmoddi4.o)
                0x08000688                __udivmoddi4
 .text          0x08000980        0x4 C:/ST/STM32CubeIDE_1.13.1/STM32CubeIDE/plugins/com.st.stm32cube.ide.mcu.externaltools.gnu-tools-for-stm32.13.3.rel1.win32_1.0.0.202411081344/tools/bin/../lib/gcc/arm-none-eabi/13.3.1/thumb/v7e-m+dp/hard\libgcc.a(_dvmd_tls.o)
                0x08000980                __aeabi_idiv0
                0x08000980                __aeabi_ldiv0
 *(.text*)
 .text.MX_DMA_Init
                0x08000984       0x40 ./Core/Src/dma.o
                0x08000984                MX_DMA_Init
 .text.vApplicationGetIdleTaskMemory
                0x080009c4       0x34 ./Core/Src/freertos.o
                0x080009c4                vApplicationGetIdleTaskMemory
 .text.MX_FREERTOS_Init
                0x080009f8       0x68 ./Core/Src/freertos.o
                0x080009f8                MX_FREERTOS_Init
 .text.Startmaintask
                0x08000a60       0x16 ./Core/Src/freertos.o
                0x08000a60                Startmaintask
 *fill*         0x08000a76        0x2 
 .text.Startlidarparse
                0x08000a78       0x30 ./Core/Src/freertos.o
                0x08000a78                Startlidarparse
 .text.MX_GPIO_Init
                0x08000aa8      0x324 ./Core/Src/gpio.o
                0x08000aa8                MX_GPIO_Init
 .text.main     0x08000dcc      0x194 ./Core/Src/main.o
                0x08000dcc                main
 .text.SystemClock_Config
                0x08000f60       0xf8 ./Core/Src/main.o
                0x08000f60                SystemClock_Config
 .text.MPU_Config
                0x08001058       0x58 ./Core/Src/main.o
 .text.HAL_TIM_PeriodElapsedCallback
                0x080010b0       0x24 ./Core/Src/main.o
                0x080010b0                HAL_TIM_PeriodElapsedCallback
 .text.Error_Handler
                0x080010d4        0xc ./Core/Src/main.o
                0x080010d4                Error_Handler
 .text.HAL_MspInit
                0x080010e0       0x3c ./Core/Src/stm32h7xx_hal_msp.o
                0x080010e0                HAL_MspInit
 .text.HAL_InitTick
                0x0800111c       0xc4 ./Core/Src/stm32h7xx_hal_timebase_tim.o
                0x0800111c                HAL_InitTick
 .text.NMI_Handler
                0x080011e0        0x8 ./Core/Src/stm32h7xx_it.o
                0x080011e0                NMI_Handler
 .text.HardFault_Handler
                0x080011e8        0x8 ./Core/Src/stm32h7xx_it.o
                0x080011e8                HardFault_Handler
 .text.MemManage_Handler
                0x080011f0        0x8 ./Core/Src/stm32h7xx_it.o
                0x080011f0                MemManage_Handler
 .text.BusFault_Handler
                0x080011f8        0x8 ./Core/Src/stm32h7xx_it.o
                0x080011f8                BusFault_Handler
 .text.UsageFault_Handler
                0x08001200        0x8 ./Core/Src/stm32h7xx_it.o
                0x08001200                UsageFault_Handler
 .text.DebugMon_Handler
                0x08001208        0xe ./Core/Src/stm32h7xx_it.o
                0x08001208                DebugMon_Handler
 *fill*         0x08001216        0x2 
 .text.DMA1_Stream0_IRQHandler
                0x08001218       0x14 ./Core/Src/stm32h7xx_it.o
                0x08001218                DMA1_Stream0_IRQHandler
 .text.TIM1_UP_IRQHandler
                0x0800122c       0x14 ./Core/Src/stm32h7xx_it.o
                0x0800122c                TIM1_UP_IRQHandler
 .text.OTG_FS_IRQHandler
                0x08001240       0x14 ./Core/Src/stm32h7xx_it.o
                0x08001240                OTG_FS_IRQHandler
 .text.SystemInit
                0x08001254      0x140 ./Core/Src/system_stm32h7xx.o
                0x08001254                SystemInit
 .text.ExitRun0Mode
                0x08001394       0x30 ./Core/Src/system_stm32h7xx.o
                0x08001394                ExitRun0Mode
 .text.MX_UART8_Init
                0x080013c4       0x98 ./Core/Src/usart.o
                0x080013c4                MX_UART8_Init
 .text.HAL_UART_MspInit
                0x0800145c      0x138 ./Core/Src/usart.o
                0x0800145c                HAL_UART_MspInit
 .text.HAL_UART_RxHalfCpltCallback
                0x08001594       0x3c ./Core/Src/usart.o
                0x08001594                HAL_UART_RxHalfCpltCallback
 .text.HAL_UART_RxCpltCallback
                0x080015d0       0x3c ./Core/Src/usart.o
                0x080015d0                HAL_UART_RxCpltCallback
 *fill*         0x0800160c        0x4 
 .text.ylidar_fsm
                0x08001610      0x5a0 ./Core/Src/ylidar.o
                0x08001610                ylidar_fsm
 .text.trackObject
                0x08001bb0      0x370 ./Core/Src/ylidar.o
                0x08001bb0                trackObject
 .text.Reset_Handler
                0x08001f20       0x54 ./Core/Startup/startup_stm32h743vihx.o
                0x08001f20                Reset_Handler
 .text.Default_Handler
                0x08001f74        0x2 ./Core/Startup/startup_stm32h743vihx.o
                0x08001f74                RTC_Alarm_IRQHandler
                0x08001f74                EXTI2_IRQHandler
                0x08001f74                TIM8_CC_IRQHandler
                0x08001f74                HRTIM1_Master_IRQHandler
                0x08001f74                UART8_IRQHandler
                0x08001f74                SPI4_IRQHandler
                0x08001f74                TIM1_CC_IRQHandler
                0x08001f74                BDMA_Channel6_IRQHandler
                0x08001f74                DMA2_Stream5_IRQHandler
                0x08001f74                HRTIM1_FLT_IRQHandler
                0x08001f74                JPEG_IRQHandler
                0x08001f74                DMA1_Stream5_IRQHandler
                0x08001f74                BDMA_Channel1_IRQHandler
                0x08001f74                HRTIM1_TIMD_IRQHandler
                0x08001f74                TAMP_STAMP_IRQHandler
                0x08001f74                EXTI3_IRQHandler
                0x08001f74                LPTIM4_IRQHandler
                0x08001f74                TIM8_TRG_COM_TIM14_IRQHandler
                0x08001f74                LPTIM2_IRQHandler
                0x08001f74                DFSDM1_FLT1_IRQHandler
                0x08001f74                DMAMUX2_OVR_IRQHandler
                0x08001f74                TIM8_UP_TIM13_IRQHandler
                0x08001f74                I2C3_ER_IRQHandler
                0x08001f74                DFSDM1_FLT2_IRQHandler
                0x08001f74                MDMA_IRQHandler
                0x08001f74                LPTIM3_IRQHandler
                0x08001f74                HSEM1_IRQHandler
                0x08001f74                EXTI0_IRQHandler
                0x08001f74                I2C2_EV_IRQHandler
                0x08001f74                DMA1_Stream2_IRQHandler
                0x08001f74                FPU_IRQHandler
                0x08001f74                OTG_HS_WKUP_IRQHandler
                0x08001f74                FDCAN1_IT1_IRQHandler
                0x08001f74                LTDC_ER_IRQHandler
                0x08001f74                DMA2_Stream2_IRQHandler
                0x08001f74                HRTIM1_TIME_IRQHandler
                0x08001f74                SPI1_IRQHandler
                0x08001f74                TIM6_DAC_IRQHandler
                0x08001f74                DCMI_IRQHandler
                0x08001f74                HRTIM1_TIMC_IRQHandler
                0x08001f74                DMA2_Stream3_IRQHandler
                0x08001f74                SAI2_IRQHandler
                0x08001f74                DFSDM1_FLT3_IRQHandler
                0x08001f74                USART6_IRQHandler
                0x08001f74                TIM17_IRQHandler
                0x08001f74                USART3_IRQHandler
                0x08001f74                BDMA_Channel7_IRQHandler
                0x08001f74                LPTIM5_IRQHandler
                0x08001f74                UART5_IRQHandler
                0x08001f74                ADC3_IRQHandler
                0x08001f74                DMA2_Stream0_IRQHandler
                0x08001f74                TIM4_IRQHandler
                0x08001f74                BDMA_Channel2_IRQHandler
                0x08001f74                QUADSPI_IRQHandler
                0x08001f74                I2C1_EV_IRQHandler
                0x08001f74                DMA1_Stream6_IRQHandler
                0x08001f74                DMAMUX1_OVR_IRQHandler
                0x08001f74                DMA1_Stream1_IRQHandler
                0x08001f74                TIM16_IRQHandler
                0x08001f74                UART4_IRQHandler
                0x08001f74                BDMA_Channel5_IRQHandler
                0x08001f74                TIM3_IRQHandler
                0x08001f74                RCC_IRQHandler
                0x08001f74                TIM8_BRK_TIM12_IRQHandler
                0x08001f74                TIM1_TRG_COM_IRQHandler
                0x08001f74                Default_Handler
                0x08001f74                ECC_IRQHandler
                0x08001f74                CEC_IRQHandler
                0x08001f74                EXTI15_10_IRQHandler
                0x08001f74                BDMA_Channel0_IRQHandler
                0x08001f74                ADC_IRQHandler
                0x08001f74                DMA1_Stream7_IRQHandler
                0x08001f74                HRTIM1_TIMA_IRQHandler
                0x08001f74                SPI5_IRQHandler
                0x08001f74                TIM7_IRQHandler
                0x08001f74                SDMMC1_IRQHandler
                0x08001f74                TIM5_IRQHandler
                0x08001f74                DMA2_Stream7_IRQHandler
                0x08001f74                TIM15_IRQHandler
                0x08001f74                PVD_AVD_IRQHandler
                0x08001f74                I2C3_EV_IRQHandler
                0x08001f74                EXTI9_5_IRQHandler
                0x08001f74                RTC_WKUP_IRQHandler
                0x08001f74                LTDC_IRQHandler
                0x08001f74                SAI3_IRQHandler
                0x08001f74                ETH_WKUP_IRQHandler
                0x08001f74                SPDIF_RX_IRQHandler
                0x08001f74                SPI2_IRQHandler
                0x08001f74                OTG_HS_EP1_IN_IRQHandler
                0x08001f74                CRS_IRQHandler
                0x08001f74                EXTI4_IRQHandler
                0x08001f74                RNG_IRQHandler
                0x08001f74                HRTIM1_TIMB_IRQHandler
                0x08001f74                FDCAN2_IT1_IRQHandler
                0x08001f74                ETH_IRQHandler
                0x08001f74                BDMA_Channel4_IRQHandler
                0x08001f74                OTG_HS_EP1_OUT_IRQHandler
                0x08001f74                WWDG_IRQHandler
                0x08001f74                SPI6_IRQHandler
                0x08001f74                MDIOS_IRQHandler
                0x08001f74                I2C4_EV_IRQHandler
                0x08001f74                FDCAN2_IT0_IRQHandler
                0x08001f74                LPUART1_IRQHandler
                0x08001f74                FDCAN1_IT0_IRQHandler
                0x08001f74                TIM2_IRQHandler
                0x08001f74                OTG_FS_WKUP_IRQHandler
                0x08001f74                OTG_HS_IRQHandler
                0x08001f74                DMA2D_IRQHandler
                0x08001f74                TIM1_BRK_IRQHandler
                0x08001f74                EXTI1_IRQHandler
                0x08001f74                SDMMC2_IRQHandler
                0x08001f74                OTG_FS_EP1_OUT_IRQHandler
                0x08001f74                BDMA_Channel3_IRQHandler
                0x08001f74                UART7_IRQHandler
                0x08001f74                MDIOS_WKUP_IRQHandler
                0x08001f74                USART2_IRQHandler
                0x08001f74                DFSDM1_FLT0_IRQHandler
                0x08001f74                SAI4_IRQHandler
                0x08001f74                I2C2_ER_IRQHandler
                0x08001f74                DMA2_Stream1_IRQHandler
                0x08001f74                FLASH_IRQHandler
                0x08001f74                DMA2_Stream4_IRQHandler
                0x08001f74                USART1_IRQHandler
                0x08001f74                SPI3_IRQHandler
                0x08001f74                WAKEUP_PIN_IRQHandler
                0x08001f74                DMA1_Stream4_IRQHandler
                0x08001f74                OTG_FS_EP1_IN_IRQHandler
                0x08001f74                I2C1_ER_IRQHandler
                0x08001f74                FMC_IRQHandler
                0x08001f74                FDCAN_CAL_IRQHandler
                0x08001f74                SWPMI1_IRQHandler
                0x08001f74                COMP1_IRQHandler
                0x08001f74                LPTIM1_IRQHandler
                0x08001f74                I2C4_ER_IRQHandler
                0x08001f74                DMA2_Stream6_IRQHandler
                0x08001f74                SAI1_IRQHandler
                0x08001f74                DMA1_Stream3_IRQHandler
 *fill*         0x08001f76        0x2 
 .text.HAL_Init
                0x08001f78       0x78 ./Drivers/STM32H7xx_HAL_Driver/Src/stm32h7xx_hal.o
                0x08001f78                HAL_Init
 .text.HAL_IncTick
                0x08001ff0       0x28 ./Drivers/STM32H7xx_HAL_Driver/Src/stm32h7xx_hal.o
                0x08001ff0                HAL_IncTick
 .text.HAL_GetTick
                0x08002018       0x18 ./Drivers/STM32H7xx_HAL_Driver/Src/stm32h7xx_hal.o
                0x08002018                HAL_GetTick
 .text.HAL_Delay
                0x08002030       0x48 ./Drivers/STM32H7xx_HAL_Driver/Src/stm32h7xx_hal.o
                0x08002030                HAL_Delay
 .text.HAL_GetREVID
                0x08002078       0x18 ./Drivers/STM32H7xx_HAL_Driver/Src/stm32h7xx_hal.o
                0x08002078                HAL_GetREVID
 .text.__NVIC_SetPriorityGrouping
                0x08002090       0x48 ./Drivers/STM32H7xx_HAL_Driver/Src/stm32h7xx_hal_cortex.o
 .text.__NVIC_GetPriorityGrouping
                0x080020d8       0x1c ./Drivers/STM32H7xx_HAL_Driver/Src/stm32h7xx_hal_cortex.o
 .text.__NVIC_EnableIRQ
                0x080020f4       0x3c ./Drivers/STM32H7xx_HAL_Driver/Src/stm32h7xx_hal_cortex.o
 .text.__NVIC_SetPriority
                0x08002130       0x54 ./Drivers/STM32H7xx_HAL_Driver/Src/stm32h7xx_hal_cortex.o
 .text.NVIC_EncodePriority
                0x08002184       0x66 ./Drivers/STM32H7xx_HAL_Driver/Src/stm32h7xx_hal_cortex.o
 .text.HAL_NVIC_SetPriorityGrouping
                0x080021ea       0x16 ./Drivers/STM32H7xx_HAL_Driver/Src/stm32h7xx_hal_cortex.o
                0x080021ea                HAL_NVIC_SetPriorityGrouping
 .text.HAL_NVIC_SetPriority
                0x08002200       0x34 ./Drivers/STM32H7xx_HAL_Driver/Src/stm32h7xx_hal_cortex.o
                0x08002200                HAL_NVIC_SetPriority
 .text.HAL_NVIC_EnableIRQ
                0x08002234       0x1c ./Drivers/STM32H7xx_HAL_Driver/Src/stm32h7xx_hal_cortex.o
                0x08002234                HAL_NVIC_EnableIRQ
 .text.HAL_MPU_Disable
                0x08002250       0x30 ./Drivers/STM32H7xx_HAL_Driver/Src/stm32h7xx_hal_cortex.o
                0x08002250                HAL_MPU_Disable
 .text.HAL_MPU_Enable
                0x08002280       0x40 ./Drivers/STM32H7xx_HAL_Driver/Src/stm32h7xx_hal_cortex.o
                0x08002280                HAL_MPU_Enable
 .text.HAL_MPU_ConfigRegion
                0x080022c0       0x80 ./Drivers/STM32H7xx_HAL_Driver/Src/stm32h7xx_hal_cortex.o
                0x080022c0                HAL_MPU_ConfigRegion
 .text.HAL_DMA_Init
                0x08002340      0x6b8 ./Drivers/STM32H7xx_HAL_Driver/Src/stm32h7xx_hal_dma.o
                0x08002340                HAL_DMA_Init
 .text.HAL_DMA_Start_IT
                0x080029f8      0x4d4 ./Drivers/STM32H7xx_HAL_Driver/Src/stm32h7xx_hal_dma.o
                0x080029f8                HAL_DMA_Start_IT
 .text.HAL_DMA_Abort
                0x08002ecc      0x63c ./Drivers/STM32H7xx_HAL_Driver/Src/stm32h7xx_hal_dma.o
                0x08002ecc                HAL_DMA_Abort
 .text.HAL_DMA_IRQHandler
                0x08003508      0xe54 ./Drivers/STM32H7xx_HAL_Driver/Src/stm32h7xx_hal_dma.o
                0x08003508                HAL_DMA_IRQHandler
 .text.HAL_DMA_GetError
                0x0800435c       0x18 ./Drivers/STM32H7xx_HAL_Driver/Src/stm32h7xx_hal_dma.o
                0x0800435c                HAL_DMA_GetError
 .text.DMA_SetConfig
                0x08004374      0x358 ./Drivers/STM32H7xx_HAL_Driver/Src/stm32h7xx_hal_dma.o
 .text.DMA_CalcBaseAndBitshift
                0x080046cc      0x164 ./Drivers/STM32H7xx_HAL_Driver/Src/stm32h7xx_hal_dma.o
 .text.DMA_CheckFifoParam
                0x08004830       0xf8 ./Drivers/STM32H7xx_HAL_Driver/Src/stm32h7xx_hal_dma.o
 .text.DMA_CalcDMAMUXChannelBaseAndMask
                0x08004928      0x134 ./Drivers/STM32H7xx_HAL_Driver/Src/stm32h7xx_hal_dma.o
 .text.DMA_CalcDMAMUXRequestGenBaseAndMask
                0x08004a5c       0xe8 ./Drivers/STM32H7xx_HAL_Driver/Src/stm32h7xx_hal_dma.o
 .text.HAL_GPIO_Init
                0x08004b44      0x360 ./Drivers/STM32H7xx_HAL_Driver/Src/stm32h7xx_hal_gpio.o
                0x08004b44                HAL_GPIO_Init
 .text.HAL_GPIO_WritePin
                0x08004ea4       0x32 ./Drivers/STM32H7xx_HAL_Driver/Src/stm32h7xx_hal_gpio.o
                0x08004ea4                HAL_GPIO_WritePin
 .text.HAL_PCD_Init
                0x08004ed6      0x218 ./Drivers/STM32H7xx_HAL_Driver/Src/stm32h7xx_hal_pcd.o
                0x08004ed6                HAL_PCD_Init
 .text.HAL_PCD_Start
                0x080050ee       0x6a ./Drivers/STM32H7xx_HAL_Driver/Src/stm32h7xx_hal_pcd.o
                0x080050ee                HAL_PCD_Start
 .text.HAL_PCD_IRQHandler
                0x08005158      0x99c ./Drivers/STM32H7xx_HAL_Driver/Src/stm32h7xx_hal_pcd.o
                0x08005158                HAL_PCD_IRQHandler
 .text.HAL_PCD_SetAddress
                0x08005af4       0x48 ./Drivers/STM32H7xx_HAL_Driver/Src/stm32h7xx_hal_pcd.o
                0x08005af4                HAL_PCD_SetAddress
 .text.HAL_PCD_EP_Open
                0x08005b3c       0xd4 ./Drivers/STM32H7xx_HAL_Driver/Src/stm32h7xx_hal_pcd.o
                0x08005b3c                HAL_PCD_EP_Open
 .text.HAL_PCD_EP_Close
                0x08005c10       0x94 ./Drivers/STM32H7xx_HAL_Driver/Src/stm32h7xx_hal_pcd.o
                0x08005c10                HAL_PCD_EP_Close
 .text.HAL_PCD_EP_Receive
                0x08005ca4       0x76 ./Drivers/STM32H7xx_HAL_Driver/Src/stm32h7xx_hal_pcd.o
                0x08005ca4                HAL_PCD_EP_Receive
 .text.HAL_PCD_EP_GetRxCount
                0x08005d1a       0x30 ./Drivers/STM32H7xx_HAL_Driver/Src/stm32h7xx_hal_pcd.o
                0x08005d1a                HAL_PCD_EP_GetRxCount
 .text.HAL_PCD_EP_Transmit
                0x08005d4a       0x74 ./Drivers/STM32H7xx_HAL_Driver/Src/stm32h7xx_hal_pcd.o
                0x08005d4a                HAL_PCD_EP_Transmit
 .text.HAL_PCD_EP_SetStall
                0x08005dbe       0xc6 ./Drivers/STM32H7xx_HAL_Driver/Src/stm32h7xx_hal_pcd.o
                0x08005dbe                HAL_PCD_EP_SetStall
 .text.HAL_PCD_EP_ClrStall
                0x08005e84       0xac ./Drivers/STM32H7xx_HAL_Driver/Src/stm32h7xx_hal_pcd.o
                0x08005e84                HAL_PCD_EP_ClrStall
 .text.HAL_PCD_EP_Abort
                0x08005f30       0x62 ./Drivers/STM32H7xx_HAL_Driver/Src/stm32h7xx_hal_pcd.o
                0x08005f30                HAL_PCD_EP_Abort
 .text.PCD_WriteEmptyTxFifo
                0x08005f92      0x118 ./Drivers/STM32H7xx_HAL_Driver/Src/stm32h7xx_hal_pcd.o
 *fill*         0x080060aa        0x2 
 .text.PCD_EP_OutXfrComplete_int
                0x080060ac      0x1d0 ./Drivers/STM32H7xx_HAL_Driver/Src/stm32h7xx_hal_pcd.o
 .text.PCD_EP_OutSetupPacket_int
                0x0800627c       0x8c ./Drivers/STM32H7xx_HAL_Driver/Src/stm32h7xx_hal_pcd.o
 .text.HAL_PCDEx_SetTxFiFo
                0x08006308       0x8e ./Drivers/STM32H7xx_HAL_Driver/Src/stm32h7xx_hal_pcd_ex.o
                0x08006308                HAL_PCDEx_SetTxFiFo
 .text.HAL_PCDEx_SetRxFiFo
                0x08006396       0x22 ./Drivers/STM32H7xx_HAL_Driver/Src/stm32h7xx_hal_pcd_ex.o
                0x08006396                HAL_PCDEx_SetRxFiFo
 .text.HAL_PCDEx_ActivateLPM
                0x080063b8       0x48 ./Drivers/STM32H7xx_HAL_Driver/Src/stm32h7xx_hal_pcd_ex.o
                0x080063b8                HAL_PCDEx_ActivateLPM
 .text.HAL_PCDEx_LPM_Callback
                0x08006400       0x18 ./Drivers/STM32H7xx_HAL_Driver/Src/stm32h7xx_hal_pcd_ex.o
                0x08006400                HAL_PCDEx_LPM_Callback
 .text.HAL_PWREx_ConfigSupply
                0x08006418       0x74 ./Drivers/STM32H7xx_HAL_Driver/Src/stm32h7xx_hal_pwr_ex.o
                0x08006418                HAL_PWREx_ConfigSupply
 .text.HAL_PWREx_EnableUSBVoltageDetector
                0x0800648c       0x20 ./Drivers/STM32H7xx_HAL_Driver/Src/stm32h7xx_hal_pwr_ex.o
                0x0800648c                HAL_PWREx_EnableUSBVoltageDetector
 .text.HAL_RCC_OscConfig
                0x080064ac      0x8b4 ./Drivers/STM32H7xx_HAL_Driver/Src/stm32h7xx_hal_rcc.o
                0x080064ac                HAL_RCC_OscConfig
 .text.HAL_RCC_ClockConfig
                0x08006d60      0x36c ./Drivers/STM32H7xx_HAL_Driver/Src/stm32h7xx_hal_rcc.o
                0x08006d60                HAL_RCC_ClockConfig
 .text.HAL_RCC_GetSysClockFreq
                0x080070cc      0x2f4 ./Drivers/STM32H7xx_HAL_Driver/Src/stm32h7xx_hal_rcc.o
                0x080070cc                HAL_RCC_GetSysClockFreq
 .text.HAL_RCC_GetHCLKFreq
                0x080073c0       0x60 ./Drivers/STM32H7xx_HAL_Driver/Src/stm32h7xx_hal_rcc.o
                0x080073c0                HAL_RCC_GetHCLKFreq
 .text.HAL_RCC_GetPCLK1Freq
                0x08007420       0x2c ./Drivers/STM32H7xx_HAL_Driver/Src/stm32h7xx_hal_rcc.o
                0x08007420                HAL_RCC_GetPCLK1Freq
 .text.HAL_RCC_GetPCLK2Freq
                0x0800744c       0x2c ./Drivers/STM32H7xx_HAL_Driver/Src/stm32h7xx_hal_rcc.o
                0x0800744c                HAL_RCC_GetPCLK2Freq
 .text.HAL_RCC_GetClockConfig
                0x08007478       0x84 ./Drivers/STM32H7xx_HAL_Driver/Src/stm32h7xx_hal_rcc.o
                0x08007478                HAL_RCC_GetClockConfig
 .text.HAL_RCCEx_PeriphCLKConfig
                0x080074fc     0x1414 ./Drivers/STM32H7xx_HAL_Driver/Src/stm32h7xx_hal_rcc_ex.o
                0x080074fc                HAL_RCCEx_PeriphCLKConfig
 .text.HAL_RCCEx_GetD3PCLK1Freq
                0x08008910       0x2c ./Drivers/STM32H7xx_HAL_Driver/Src/stm32h7xx_hal_rcc_ex.o
                0x08008910                HAL_RCCEx_GetD3PCLK1Freq
 .text.HAL_RCCEx_GetPLL2ClockFreq
                0x0800893c      0x2a8 ./Drivers/STM32H7xx_HAL_Driver/Src/stm32h7xx_hal_rcc_ex.o
                0x0800893c                HAL_RCCEx_GetPLL2ClockFreq
 .text.HAL_RCCEx_GetPLL3ClockFreq
                0x08008be4      0x2a8 ./Drivers/STM32H7xx_HAL_Driver/Src/stm32h7xx_hal_rcc_ex.o
                0x08008be4                HAL_RCCEx_GetPLL3ClockFreq
 .text.RCCEx_PLL2_Config
                0x08008e8c      0x164 ./Drivers/STM32H7xx_HAL_Driver/Src/stm32h7xx_hal_rcc_ex.o
 .text.RCCEx_PLL3_Config
                0x08008ff0      0x164 ./Drivers/STM32H7xx_HAL_Driver/Src/stm32h7xx_hal_rcc_ex.o
 .text.HAL_TIM_Base_Init
                0x08009154       0xae ./Drivers/STM32H7xx_HAL_Driver/Src/stm32h7xx_hal_tim.o
                0x08009154                HAL_TIM_Base_Init
 .text.HAL_TIM_Base_MspInit
                0x08009202       0x14 ./Drivers/STM32H7xx_HAL_Driver/Src/stm32h7xx_hal_tim.o
                0x08009202                HAL_TIM_Base_MspInit
 *fill*         0x08009216        0x2 
 .text.HAL_TIM_Base_Start_IT
                0x08009218       0xf0 ./Drivers/STM32H7xx_HAL_Driver/Src/stm32h7xx_hal_tim.o
                0x08009218                HAL_TIM_Base_Start_IT
 .text.HAL_TIM_IRQHandler
                0x08009308      0x20e ./Drivers/STM32H7xx_HAL_Driver/Src/stm32h7xx_hal_tim.o
                0x08009308                HAL_TIM_IRQHandler
 .text.HAL_TIM_OC_DelayElapsedCallback
                0x08009516       0x14 ./Drivers/STM32H7xx_HAL_Driver/Src/stm32h7xx_hal_tim.o
                0x08009516                HAL_TIM_OC_DelayElapsedCallback
 .text.HAL_TIM_IC_CaptureCallback
                0x0800952a       0x14 ./Drivers/STM32H7xx_HAL_Driver/Src/stm32h7xx_hal_tim.o
                0x0800952a                HAL_TIM_IC_CaptureCallback
 .text.HAL_TIM_PWM_PulseFinishedCallback
                0x0800953e       0x14 ./Drivers/STM32H7xx_HAL_Driver/Src/stm32h7xx_hal_tim.o
                0x0800953e                HAL_TIM_PWM_PulseFinishedCallback
 .text.HAL_TIM_TriggerCallback
                0x08009552       0x14 ./Drivers/STM32H7xx_HAL_Driver/Src/stm32h7xx_hal_tim.o
                0x08009552                HAL_TIM_TriggerCallback
 *fill*         0x08009566        0x2 
 .text.TIM_Base_SetConfig
                0x08009568      0x140 ./Drivers/STM32H7xx_HAL_Driver/Src/stm32h7xx_hal_tim.o
                0x08009568                TIM_Base_SetConfig
 .text.HAL_TIMEx_CommutCallback
                0x080096a8       0x14 ./Drivers/STM32H7xx_HAL_Driver/Src/stm32h7xx_hal_tim_ex.o
                0x080096a8                HAL_TIMEx_CommutCallback
 .text.HAL_TIMEx_BreakCallback
                0x080096bc       0x14 ./Drivers/STM32H7xx_HAL_Driver/Src/stm32h7xx_hal_tim_ex.o
                0x080096bc                HAL_TIMEx_BreakCallback
 .text.HAL_TIMEx_Break2Callback
                0x080096d0       0x14 ./Drivers/STM32H7xx_HAL_Driver/Src/stm32h7xx_hal_tim_ex.o
                0x080096d0                HAL_TIMEx_Break2Callback
 .text.HAL_UART_Init
                0x080096e4       0xa0 ./Drivers/STM32H7xx_HAL_Driver/Src/stm32h7xx_hal_uart.o
                0x080096e4                HAL_UART_Init
 .text.HAL_UART_Receive_DMA
                0x08009784       0x98 ./Drivers/STM32H7xx_HAL_Driver/Src/stm32h7xx_hal_uart.o
                0x08009784                HAL_UART_Receive_DMA
 .text.HAL_UART_Abort
                0x0800981c      0x21c ./Drivers/STM32H7xx_HAL_Driver/Src/stm32h7xx_hal_uart.o
                0x0800981c                HAL_UART_Abort
 .text.HAL_UART_ErrorCallback
                0x08009a38       0x14 ./Drivers/STM32H7xx_HAL_Driver/Src/stm32h7xx_hal_uart.o
                0x08009a38                HAL_UART_ErrorCallback
 .text.HAL_UARTEx_RxEventCallback
                0x08009a4c       0x18 ./Drivers/STM32H7xx_HAL_Driver/Src/stm32h7xx_hal_uart.o
                0x08009a4c                HAL_UARTEx_RxEventCallback
 .text.UART_SetConfig
                0x08009a64      0xad0 ./Drivers/STM32H7xx_HAL_Driver/Src/stm32h7xx_hal_uart.o
                0x08009a64                UART_SetConfig
 .text.UART_AdvFeatureConfig
                0x0800a534      0x144 ./Drivers/STM32H7xx_HAL_Driver/Src/stm32h7xx_hal_uart.o
                0x0800a534                UART_AdvFeatureConfig
 .text.UART_CheckIdleState
                0x0800a678      0x154 ./Drivers/STM32H7xx_HAL_Driver/Src/stm32h7xx_hal_uart.o
                0x0800a678                UART_CheckIdleState
 .text.UART_WaitOnFlagUntilTimeout
                0x0800a7cc       0xda ./Drivers/STM32H7xx_HAL_Driver/Src/stm32h7xx_hal_uart.o
                0x0800a7cc                UART_WaitOnFlagUntilTimeout
 *fill*         0x0800a8a6        0x2 
 .text.UART_Start_Receive_DMA
                0x0800a8a8      0x14c ./Drivers/STM32H7xx_HAL_Driver/Src/stm32h7xx_hal_uart.o
                0x0800a8a8                UART_Start_Receive_DMA
 .text.UART_EndTxTransfer
                0x0800a9f4       0x82 ./Drivers/STM32H7xx_HAL_Driver/Src/stm32h7xx_hal_uart.o
 *fill*         0x0800aa76        0x2 
 .text.UART_EndRxTransfer
                0x0800aa78       0xcc ./Drivers/STM32H7xx_HAL_Driver/Src/stm32h7xx_hal_uart.o
 .text.UART_DMAReceiveCplt
                0x0800ab44      0x128 ./Drivers/STM32H7xx_HAL_Driver/Src/stm32h7xx_hal_uart.o
 .text.UART_DMARxHalfCplt
                0x0800ac6c       0x3e ./Drivers/STM32H7xx_HAL_Driver/Src/stm32h7xx_hal_uart.o
 .text.UART_DMAError
                0x0800acaa       0x80 ./Drivers/STM32H7xx_HAL_Driver/Src/stm32h7xx_hal_uart.o
 .text.HAL_UARTEx_DisableFifoMode
                0x0800ad2a       0x72 ./Drivers/STM32H7xx_HAL_Driver/Src/stm32h7xx_hal_uart_ex.o
                0x0800ad2a                HAL_UARTEx_DisableFifoMode
 .text.HAL_UARTEx_SetTxFifoThreshold
                0x0800ad9c       0x7c ./Drivers/STM32H7xx_HAL_Driver/Src/stm32h7xx_hal_uart_ex.o
                0x0800ad9c                HAL_UARTEx_SetTxFifoThreshold
 .text.HAL_UARTEx_SetRxFifoThreshold
                0x0800ae18       0x7c ./Drivers/STM32H7xx_HAL_Driver/Src/stm32h7xx_hal_uart_ex.o
                0x0800ae18                HAL_UARTEx_SetRxFifoThreshold
 .text.UARTEx_SetNbDataToProcess
                0x0800ae94       0x9c ./Drivers/STM32H7xx_HAL_Driver/Src/stm32h7xx_hal_uart_ex.o
 .text.USB_CoreInit
                0x0800af30       0xe4 ./Drivers/STM32H7xx_HAL_Driver/Src/stm32h7xx_ll_usb.o
                0x0800af30                USB_CoreInit
 .text.USB_SetTurnaroundTime
                0x0800b014      0x144 ./Drivers/STM32H7xx_HAL_Driver/Src/stm32h7xx_ll_usb.o
                0x0800b014                USB_SetTurnaroundTime
 .text.USB_EnableGlobalInt
                0x0800b158       0x22 ./Drivers/STM32H7xx_HAL_Driver/Src/stm32h7xx_ll_usb.o
                0x0800b158                USB_EnableGlobalInt
 .text.USB_DisableGlobalInt
                0x0800b17a       0x22 ./Drivers/STM32H7xx_HAL_Driver/Src/stm32h7xx_ll_usb.o
                0x0800b17a                USB_DisableGlobalInt
 .text.USB_SetCurrentMode
                0x0800b19c       0x98 ./Drivers/STM32H7xx_HAL_Driver/Src/stm32h7xx_ll_usb.o
                0x0800b19c                USB_SetCurrentMode
 .text.USB_DevInit
                0x0800b234      0x2bc ./Drivers/STM32H7xx_HAL_Driver/Src/stm32h7xx_ll_usb.o
                0x0800b234                USB_DevInit
 .text.USB_FlushTxFifo
                0x0800b4f0       0x64 ./Drivers/STM32H7xx_HAL_Driver/Src/stm32h7xx_ll_usb.o
                0x0800b4f0                USB_FlushTxFifo
 .text.USB_FlushRxFifo
                0x0800b554       0x5c ./Drivers/STM32H7xx_HAL_Driver/Src/stm32h7xx_ll_usb.o
                0x0800b554                USB_FlushRxFifo
 .text.USB_SetDevSpeed
                0x0800b5b0       0x32 ./Drivers/STM32H7xx_HAL_Driver/Src/stm32h7xx_ll_usb.o
                0x0800b5b0                USB_SetDevSpeed
 .text.USB_GetDevSpeed
                0x0800b5e2       0x4a ./Drivers/STM32H7xx_HAL_Driver/Src/stm32h7xx_ll_usb.o
                0x0800b5e2                USB_GetDevSpeed
 .text.USB_ActivateEndpoint
                0x0800b62c      0x110 ./Drivers/STM32H7xx_HAL_Driver/Src/stm32h7xx_ll_usb.o
                0x0800b62c                USB_ActivateEndpoint
 .text.USB_DeactivateEndpoint
                0x0800b73c      0x1b8 ./Drivers/STM32H7xx_HAL_Driver/Src/stm32h7xx_ll_usb.o
                0x0800b73c                USB_DeactivateEndpoint
 .text.USB_EPStartXfer
                0x0800b8f4      0x548 ./Drivers/STM32H7xx_HAL_Driver/Src/stm32h7xx_ll_usb.o
                0x0800b8f4                USB_EPStartXfer
 .text.USB_EPStopXfer
                0x0800be3c      0x154 ./Drivers/STM32H7xx_HAL_Driver/Src/stm32h7xx_ll_usb.o
                0x0800be3c                USB_EPStopXfer
 .text.USB_WritePacket
                0x0800bf90       0x7c ./Drivers/STM32H7xx_HAL_Driver/Src/stm32h7xx_ll_usb.o
                0x0800bf90                USB_WritePacket
 .text.USB_ReadPacket
                0x0800c00c       0xb0 ./Drivers/STM32H7xx_HAL_Driver/Src/stm32h7xx_ll_usb.o
                0x0800c00c                USB_ReadPacket
 .text.USB_EPSetStall
                0x0800c0bc       0xdc ./Drivers/STM32H7xx_HAL_Driver/Src/stm32h7xx_ll_usb.o
                0x0800c0bc                USB_EPSetStall
 .text.USB_EPClearStall
                0x0800c198       0xcc ./Drivers/STM32H7xx_HAL_Driver/Src/stm32h7xx_ll_usb.o
                0x0800c198                USB_EPClearStall
 .text.USB_SetDevAddress
                0x0800c264       0x4c ./Drivers/STM32H7xx_HAL_Driver/Src/stm32h7xx_ll_usb.o
                0x0800c264                USB_SetDevAddress
 .text.USB_DevConnect
                0x0800c2b0       0x42 ./Drivers/STM32H7xx_HAL_Driver/Src/stm32h7xx_ll_usb.o
                0x0800c2b0                USB_DevConnect
 .text.USB_DevDisconnect
                0x0800c2f2       0x42 ./Drivers/STM32H7xx_HAL_Driver/Src/stm32h7xx_ll_usb.o
                0x0800c2f2                USB_DevDisconnect
 .text.USB_ReadInterrupts
                0x0800c334       0x26 ./Drivers/STM32H7xx_HAL_Driver/Src/stm32h7xx_ll_usb.o
                0x0800c334                USB_ReadInterrupts
 .text.USB_ReadDevAllOutEpInterrupt
                0x0800c35a       0x34 ./Drivers/STM32H7xx_HAL_Driver/Src/stm32h7xx_ll_usb.o
                0x0800c35a                USB_ReadDevAllOutEpInterrupt
 .text.USB_ReadDevAllInEpInterrupt
                0x0800c38e       0x34 ./Drivers/STM32H7xx_HAL_Driver/Src/stm32h7xx_ll_usb.o
                0x0800c38e                USB_ReadDevAllInEpInterrupt
 .text.USB_ReadDevOutEPInterrupt
                0x0800c3c2       0x3c ./Drivers/STM32H7xx_HAL_Driver/Src/stm32h7xx_ll_usb.o
                0x0800c3c2                USB_ReadDevOutEPInterrupt
 .text.USB_ReadDevInEPInterrupt
                0x0800c3fe       0x5c ./Drivers/STM32H7xx_HAL_Driver/Src/stm32h7xx_ll_usb.o
                0x0800c3fe                USB_ReadDevInEPInterrupt
 .text.USB_GetMode
                0x0800c45a       0x1c ./Drivers/STM32H7xx_HAL_Driver/Src/stm32h7xx_ll_usb.o
                0x0800c45a                USB_GetMode
 *fill*         0x0800c476        0x2 
 .text.USB_ActivateSetup
                0x0800c478       0x48 ./Drivers/STM32H7xx_HAL_Driver/Src/stm32h7xx_ll_usb.o
                0x0800c478                USB_ActivateSetup
 .text.USB_EP0_OutStart
                0x0800c4c0       0xbc ./Drivers/STM32H7xx_HAL_Driver/Src/stm32h7xx_ll_usb.o
                0x0800c4c0                USB_EP0_OutStart
 .text.USB_CoreReset
                0x0800c57c       0x62 ./Drivers/STM32H7xx_HAL_Driver/Src/stm32h7xx_ll_usb.o
 *fill*         0x0800c5de        0x2 
 .text.USBD_CDC_Init
                0x0800c5e0      0x1f0 ./Middlewares/ST/STM32_USB_Device_Library/Class/CDC/Src/usbd_cdc.o
 .text.USBD_CDC_DeInit
                0x0800c7d0      0x104 ./Middlewares/ST/STM32_USB_Device_Library/Class/CDC/Src/usbd_cdc.o
 .text.USBD_CDC_Setup
                0x0800c8d4      0x1b8 ./Middlewares/ST/STM32_USB_Device_Library/Class/CDC/Src/usbd_cdc.o
 .text.USBD_CDC_DataIn
                0x0800ca8c       0xfe ./Middlewares/ST/STM32_USB_Device_Library/Class/CDC/Src/usbd_cdc.o
 .text.USBD_CDC_DataOut
                0x0800cb8a       0x70 ./Middlewares/ST/STM32_USB_Device_Library/Class/CDC/Src/usbd_cdc.o
 .text.USBD_CDC_EP0_RxReady
                0x0800cbfa       0x74 ./Middlewares/ST/STM32_USB_Device_Library/Class/CDC/Src/usbd_cdc.o
 *fill*         0x0800cc6e        0x2 
 .text.USBD_CDC_GetFSCfgDesc
                0x0800cc70       0x70 ./Middlewares/ST/STM32_USB_Device_Library/Class/CDC/Src/usbd_cdc.o
 .text.USBD_CDC_GetHSCfgDesc
                0x0800cce0       0x70 ./Middlewares/ST/STM32_USB_Device_Library/Class/CDC/Src/usbd_cdc.o
 .text.USBD_CDC_GetOtherSpeedCfgDesc
                0x0800cd50       0x70 ./Middlewares/ST/STM32_USB_Device_Library/Class/CDC/Src/usbd_cdc.o
 .text.USBD_CDC_GetDeviceQualifierDescriptor
                0x0800cdc0       0x20 ./Middlewares/ST/STM32_USB_Device_Library/Class/CDC/Src/usbd_cdc.o
                0x0800cdc0                USBD_CDC_GetDeviceQualifierDescriptor
 .text.USBD_CDC_RegisterInterface
                0x0800cde0       0x34 ./Middlewares/ST/STM32_USB_Device_Library/Class/CDC/Src/usbd_cdc.o
                0x0800cde0                USBD_CDC_RegisterInterface
 .text.USBD_CDC_SetTxBuffer
                0x0800ce14       0x44 ./Middlewares/ST/STM32_USB_Device_Library/Class/CDC/Src/usbd_cdc.o
                0x0800ce14                USBD_CDC_SetTxBuffer
 .text.USBD_CDC_SetRxBuffer
                0x0800ce58       0x3a ./Middlewares/ST/STM32_USB_Device_Library/Class/CDC/Src/usbd_cdc.o
                0x0800ce58                USBD_CDC_SetRxBuffer
 *fill*         0x0800ce92        0x2 
 .text.USBD_CDC_ReceivePacket
                0x0800ce94       0x6c ./Middlewares/ST/STM32_USB_Device_Library/Class/CDC/Src/usbd_cdc.o
                0x0800ce94                USBD_CDC_ReceivePacket
 .text.USBD_Init
                0x0800cf00       0x60 ./Middlewares/ST/STM32_USB_Device_Library/Core/Src/usbd_core.o
                0x0800cf00                USBD_Init
 .text.USBD_RegisterClass
                0x0800cf60       0x6c ./Middlewares/ST/STM32_USB_Device_Library/Core/Src/usbd_core.o
                0x0800cf60                USBD_RegisterClass
 .text.USBD_Start
                0x0800cfcc       0x18 ./Middlewares/ST/STM32_USB_Device_Library/Core/Src/usbd_core.o
                0x0800cfcc                USBD_Start
 .text.USBD_RunTestMode
                0x0800cfe4       0x16 ./Middlewares/ST/STM32_USB_Device_Library/Core/Src/usbd_core.o
                0x0800cfe4                USBD_RunTestMode
 .text.USBD_SetClassConfig
                0x0800cffa       0x38 ./Middlewares/ST/STM32_USB_Device_Library/Core/Src/usbd_core.o
                0x0800cffa                USBD_SetClassConfig
 .text.USBD_ClrClassConfig
                0x0800d032       0x34 ./Middlewares/ST/STM32_USB_Device_Library/Core/Src/usbd_core.o
                0x0800d032                USBD_ClrClassConfig
 .text.USBD_LL_SetupStage
                0x0800d066       0xaa ./Middlewares/ST/STM32_USB_Device_Library/Core/Src/usbd_core.o
                0x0800d066                USBD_LL_SetupStage
 .text.USBD_LL_DataOutStage
                0x0800d110      0x166 ./Middlewares/ST/STM32_USB_Device_Library/Core/Src/usbd_core.o
                0x0800d110                USBD_LL_DataOutStage
 .text.USBD_LL_DataInStage
                0x0800d276      0x164 ./Middlewares/ST/STM32_USB_Device_Library/Core/Src/usbd_core.o
                0x0800d276                USBD_LL_DataInStage
 .text.USBD_LL_Reset
                0x0800d3da       0xa4 ./Middlewares/ST/STM32_USB_Device_Library/Core/Src/usbd_core.o
                0x0800d3da                USBD_LL_Reset
 .text.USBD_LL_SetSpeed
                0x0800d47e       0x20 ./Middlewares/ST/STM32_USB_Device_Library/Core/Src/usbd_core.o
                0x0800d47e                USBD_LL_SetSpeed
 .text.USBD_LL_Suspend
                0x0800d49e       0x38 ./Middlewares/ST/STM32_USB_Device_Library/Core/Src/usbd_core.o
                0x0800d49e                USBD_LL_Suspend
 .text.USBD_LL_Resume
                0x0800d4d6       0x30 ./Middlewares/ST/STM32_USB_Device_Library/Core/Src/usbd_core.o
                0x0800d4d6                USBD_LL_Resume
 .text.USBD_LL_SOF
                0x0800d506       0x40 ./Middlewares/ST/STM32_USB_Device_Library/Core/Src/usbd_core.o
                0x0800d506                USBD_LL_SOF
 .text.USBD_LL_IsoINIncomplete
                0x0800d546       0x64 ./Middlewares/ST/STM32_USB_Device_Library/Core/Src/usbd_core.o
                0x0800d546                USBD_LL_IsoINIncomplete
 .text.USBD_LL_IsoOUTIncomplete
                0x0800d5aa       0x64 ./Middlewares/ST/STM32_USB_Device_Library/Core/Src/usbd_core.o
                0x0800d5aa                USBD_LL_IsoOUTIncomplete
 .text.USBD_LL_DevConnected
                0x0800d60e       0x16 ./Middlewares/ST/STM32_USB_Device_Library/Core/Src/usbd_core.o
                0x0800d60e                USBD_LL_DevConnected
 .text.USBD_LL_DevDisconnected
                0x0800d624       0x46 ./Middlewares/ST/STM32_USB_Device_Library/Core/Src/usbd_core.o
                0x0800d624                USBD_LL_DevDisconnected
 .text.USBD_CoreFindIF
                0x0800d66a       0x1a ./Middlewares/ST/STM32_USB_Device_Library/Core/Src/usbd_core.o
                0x0800d66a                USBD_CoreFindIF
 .text.USBD_CoreFindEP
                0x0800d684       0x1a ./Middlewares/ST/STM32_USB_Device_Library/Core/Src/usbd_core.o
                0x0800d684                USBD_CoreFindEP
 .text.USBD_GetEpDesc
                0x0800d69e       0x70 ./Middlewares/ST/STM32_USB_Device_Library/Core/Src/usbd_core.o
                0x0800d69e                USBD_GetEpDesc
 .text.USBD_GetNextDesc
                0x0800d70e       0x38 ./Middlewares/ST/STM32_USB_Device_Library/Core/Src/usbd_core.o
                0x0800d70e                USBD_GetNextDesc
 .text.SWAPBYTE
                0x0800d746       0x3e ./Middlewares/ST/STM32_USB_Device_Library/Core/Src/usbd_ctlreq.o
 .text.USBD_StdDevReq
                0x0800d784       0xe4 ./Middlewares/ST/STM32_USB_Device_Library/Core/Src/usbd_ctlreq.o
                0x0800d784                USBD_StdDevReq
 .text.USBD_StdItfReq
                0x0800d868       0xd8 ./Middlewares/ST/STM32_USB_Device_Library/Core/Src/usbd_ctlreq.o
                0x0800d868                USBD_StdItfReq
 .text.USBD_StdEPReq
                0x0800d940      0x33a ./Middlewares/ST/STM32_USB_Device_Library/Core/Src/usbd_ctlreq.o
                0x0800d940                USBD_StdEPReq
 *fill*         0x0800dc7a        0x2 
 .text.USBD_GetDescriptor
                0x0800dc7c      0x328 ./Middlewares/ST/STM32_USB_Device_Library/Core/Src/usbd_ctlreq.o
 .text.USBD_SetAddress
                0x0800dfa4       0x88 ./Middlewares/ST/STM32_USB_Device_Library/Core/Src/usbd_ctlreq.o
 .text.USBD_SetConfig
                0x0800e02c      0x154 ./Middlewares/ST/STM32_USB_Device_Library/Core/Src/usbd_ctlreq.o
 .text.USBD_GetConfig
                0x0800e180       0x6c ./Middlewares/ST/STM32_USB_Device_Library/Core/Src/usbd_ctlreq.o
 .text.USBD_GetStatus
                0x0800e1ec       0x68 ./Middlewares/ST/STM32_USB_Device_Library/Core/Src/usbd_ctlreq.o
 .text.USBD_SetFeature
                0x0800e254       0x52 ./Middlewares/ST/STM32_USB_Device_Library/Core/Src/usbd_ctlreq.o
 .text.USBD_ClrFeature
                0x0800e2a6       0x44 ./Middlewares/ST/STM32_USB_Device_Library/Core/Src/usbd_ctlreq.o
 .text.USBD_ParseSetupRequest
                0x0800e2ea       0x74 ./Middlewares/ST/STM32_USB_Device_Library/Core/Src/usbd_ctlreq.o
                0x0800e2ea                USBD_ParseSetupRequest
 .text.USBD_CtlError
                0x0800e35e       0x22 ./Middlewares/ST/STM32_USB_Device_Library/Core/Src/usbd_ctlreq.o
                0x0800e35e                USBD_CtlError
 .text.USBD_GetString
                0x0800e380       0xa4 ./Middlewares/ST/STM32_USB_Device_Library/Core/Src/usbd_ctlreq.o
                0x0800e380                USBD_GetString
 .text.USBD_GetLen
                0x0800e424       0x34 ./Middlewares/ST/STM32_USB_Device_Library/Core/Src/usbd_ctlreq.o
 .text.USBD_CtlSendData
                0x0800e458       0x36 ./Middlewares/ST/STM32_USB_Device_Library/Core/Src/usbd_ioreq.o
                0x0800e458                USBD_CtlSendData
 .text.USBD_CtlContinueSendData
                0x0800e48e       0x22 ./Middlewares/ST/STM32_USB_Device_Library/Core/Src/usbd_ioreq.o
                0x0800e48e                USBD_CtlContinueSendData
 .text.USBD_CtlPrepareRx
                0x0800e4b0       0x3a ./Middlewares/ST/STM32_USB_Device_Library/Core/Src/usbd_ioreq.o
                0x0800e4b0                USBD_CtlPrepareRx
 .text.USBD_CtlContinueRx
                0x0800e4ea       0x22 ./Middlewares/ST/STM32_USB_Device_Library/Core/Src/usbd_ioreq.o
                0x0800e4ea                USBD_CtlContinueRx
 .text.USBD_CtlSendStatus
                0x0800e50c       0x26 ./Middlewares/ST/STM32_USB_Device_Library/Core/Src/usbd_ioreq.o
                0x0800e50c                USBD_CtlSendStatus
 .text.USBD_CtlReceiveStatus
                0x0800e532       0x26 ./Middlewares/ST/STM32_USB_Device_Library/Core/Src/usbd_ioreq.o
                0x0800e532                USBD_CtlReceiveStatus
 .text.makeFreeRtosPriority
                0x0800e558       0x30 ./Middlewares/Third_Party/FreeRTOS/Source/CMSIS_RTOS/cmsis_os.o
 .text.inHandlerMode
                0x0800e588       0x24 ./Middlewares/Third_Party/FreeRTOS/Source/CMSIS_RTOS/cmsis_os.o
 .text.osKernelStart
                0x0800e5ac        0xe ./Middlewares/Third_Party/FreeRTOS/Source/CMSIS_RTOS/cmsis_os.o
                0x0800e5ac                osKernelStart
 .text.osThreadCreate
                0x0800e5ba       0x98 ./Middlewares/Third_Party/FreeRTOS/Source/CMSIS_RTOS/cmsis_os.o
                0x0800e5ba                osThreadCreate
 .text.osDelay  0x0800e652       0x28 ./Middlewares/Third_Party/FreeRTOS/Source/CMSIS_RTOS/cmsis_os.o
                0x0800e652                osDelay
 *fill*         0x0800e67a        0x2 
 .text.osSignalSet
                0x0800e67c       0x80 ./Middlewares/Third_Party/FreeRTOS/Source/CMSIS_RTOS/cmsis_os.o
                0x0800e67c                osSignalSet
 .text.vListInitialise
                0x0800e6fc       0x40 ./Middlewares/Third_Party/FreeRTOS/Source/list.o
                0x0800e6fc                vListInitialise
 .text.vListInitialiseItem
                0x0800e73c       0x1a ./Middlewares/Third_Party/FreeRTOS/Source/list.o
                0x0800e73c                vListInitialiseItem
 .text.vListInsertEnd
                0x0800e756       0x48 ./Middlewares/Third_Party/FreeRTOS/Source/list.o
                0x0800e756                vListInsertEnd
 .text.vListInsert
                0x0800e79e       0x72 ./Middlewares/Third_Party/FreeRTOS/Source/list.o
                0x0800e79e                vListInsert
 .text.uxListRemove
                0x0800e810       0x54 ./Middlewares/Third_Party/FreeRTOS/Source/list.o
                0x0800e810                uxListRemove
 .text.xTaskCreateStatic
                0x0800e864       0xc0 ./Middlewares/Third_Party/FreeRTOS/Source/tasks.o
                0x0800e864                xTaskCreateStatic
 .text.xTaskCreate
                0x0800e924       0x8a ./Middlewares/Third_Party/FreeRTOS/Source/tasks.o
                0x0800e924                xTaskCreate
 *fill*         0x0800e9ae        0x2 
 .text.prvInitialiseNewTask
                0x0800e9b0      0x150 ./Middlewares/Third_Party/FreeRTOS/Source/tasks.o
 .text.prvAddNewTaskToReadyList
                0x0800eb00       0xd4 ./Middlewares/Third_Party/FreeRTOS/Source/tasks.o
 .text.vTaskDelay
                0x0800ebd4       0x6c ./Middlewares/Third_Party/FreeRTOS/Source/tasks.o
                0x0800ebd4                vTaskDelay
 .text.vTaskStartScheduler
                0x0800ec40       0xd4 ./Middlewares/Third_Party/FreeRTOS/Source/tasks.o
                0x0800ec40                vTaskStartScheduler
 .text.vTaskSuspendAll
                0x0800ed14       0x1c ./Middlewares/Third_Party/FreeRTOS/Source/tasks.o
                0x0800ed14                vTaskSuspendAll
 .text.xTaskResumeAll
                0x0800ed30      0x13c ./Middlewares/Third_Party/FreeRTOS/Source/tasks.o
                0x0800ed30                xTaskResumeAll
 .text.xTaskIncrementTick
                0x0800ee6c      0x174 ./Middlewares/Third_Party/FreeRTOS/Source/tasks.o
                0x0800ee6c                xTaskIncrementTick
 .text.vTaskSwitchContext
                0x0800efe0       0xc8 ./Middlewares/Third_Party/FreeRTOS/Source/tasks.o
                0x0800efe0                vTaskSwitchContext
 .text.prvIdleTask
                0x0800f0a8       0x30 ./Middlewares/Third_Party/FreeRTOS/Source/tasks.o
 .text.prvInitialiseTaskLists
                0x0800f0d8       0x80 ./Middlewares/Third_Party/FreeRTOS/Source/tasks.o
 .text.prvCheckTasksWaitingTermination
                0x0800f158       0x5c ./Middlewares/Third_Party/FreeRTOS/Source/tasks.o
 .text.prvDeleteTCB
                0x0800f1b4       0x6a ./Middlewares/Third_Party/FreeRTOS/Source/tasks.o
 *fill*         0x0800f21e        0x2 
 .text.prvResetNextTaskUnblockTime
                0x0800f220       0x40 ./Middlewares/Third_Party/FreeRTOS/Source/tasks.o
 .text.xTaskGenericNotify
                0x0800f260      0x184 ./Middlewares/Third_Party/FreeRTOS/Source/tasks.o
                0x0800f260                xTaskGenericNotify
 .text.xTaskGenericNotifyFromISR
                0x0800f3e4      0x1cc ./Middlewares/Third_Party/FreeRTOS/Source/tasks.o
                0x0800f3e4                xTaskGenericNotifyFromISR
 .text.prvAddCurrentTaskToDelayedList
                0x0800f5b0       0xcc ./Middlewares/Third_Party/FreeRTOS/Source/tasks.o
 .text.pxPortInitialiseStack
                0x0800f67c       0x68 ./Middlewares/Third_Party/FreeRTOS/Source/portable/GCC/ARM_CM4F/port.o
                0x0800f67c                pxPortInitialiseStack
 .text.prvTaskExitError
                0x0800f6e4       0x5c ./Middlewares/Third_Party/FreeRTOS/Source/portable/GCC/ARM_CM4F/port.o
 .text.SVC_Handler
                0x0800f740       0x28 ./Middlewares/Third_Party/FreeRTOS/Source/portable/GCC/ARM_CM4F/port.o
                0x0800f740                SVC_Handler
 .text.prvPortStartFirstTask
                0x0800f768       0x28 ./Middlewares/Third_Party/FreeRTOS/Source/portable/GCC/ARM_CM4F/port.o
 .text.xPortStartScheduler
                0x0800f790      0x148 ./Middlewares/Third_Party/FreeRTOS/Source/portable/GCC/ARM_CM4F/port.o
                0x0800f790                xPortStartScheduler
 .text.vPortEnterCritical
                0x0800f8d8       0x64 ./Middlewares/Third_Party/FreeRTOS/Source/portable/GCC/ARM_CM4F/port.o
                0x0800f8d8                vPortEnterCritical
 .text.vPortExitCritical
                0x0800f93c       0x54 ./Middlewares/Third_Party/FreeRTOS/Source/portable/GCC/ARM_CM4F/port.o
                0x0800f93c                vPortExitCritical
 .text.PendSV_Handler
                0x0800f990       0x68 ./Middlewares/Third_Party/FreeRTOS/Source/portable/GCC/ARM_CM4F/port.o
                0x0800f990                PendSV_Handler
 .text.SysTick_Handler
                0x0800f9f8       0x44 ./Middlewares/Third_Party/FreeRTOS/Source/portable/GCC/ARM_CM4F/port.o
                0x0800f9f8                SysTick_Handler
 .text.vPortSetupTimerInterrupt
                0x0800fa3c       0x48 ./Middlewares/Third_Party/FreeRTOS/Source/portable/GCC/ARM_CM4F/port.o
                0x0800fa3c                vPortSetupTimerInterrupt
 .text.vPortEnableVFP
                0x0800fa84       0x14 ./Middlewares/Third_Party/FreeRTOS/Source/portable/GCC/ARM_CM4F/port.o
 .text.vPortValidateInterruptPriority
                0x0800fa98       0x84 ./Middlewares/Third_Party/FreeRTOS/Source/portable/GCC/ARM_CM4F/port.o
                0x0800fa98                vPortValidateInterruptPriority
 .text.pvPortMalloc
                0x0800fb1c      0x19c ./Middlewares/Third_Party/FreeRTOS/Source/portable/MemMang/heap_4.o
                0x0800fb1c                pvPortMalloc
 .text.vPortFree
                0x0800fcb8       0xc8 ./Middlewares/Third_Party/FreeRTOS/Source/portable/MemMang/heap_4.o
                0x0800fcb8                vPortFree
 .text.prvHeapInit
                0x0800fd80       0xc4 ./Middlewares/Third_Party/FreeRTOS/Source/portable/MemMang/heap_4.o
 .text.prvInsertBlockIntoFreeList
                0x0800fe44       0xb4 ./Middlewares/Third_Party/FreeRTOS/Source/portable/MemMang/heap_4.o
 .text.MX_USB_DEVICE_Init
                0x0800fef8       0x64 ./USB_DEVICE/App/usb_device.o
                0x0800fef8                MX_USB_DEVICE_Init
 .text.CDC_Init_FS
                0x0800ff5c       0x28 ./USB_DEVICE/App/usbd_cdc_if.o
 .text.CDC_DeInit_FS
                0x0800ff84       0x10 ./USB_DEVICE/App/usbd_cdc_if.o
 .text.CDC_Control_FS
                0x0800ff94       0xbc ./USB_DEVICE/App/usbd_cdc_if.o
 .text.CDC_Receive_FS
                0x08010050       0x28 ./USB_DEVICE/App/usbd_cdc_if.o
 .text.CDC_TransmitCplt_FS
                0x08010078       0x22 ./USB_DEVICE/App/usbd_cdc_if.o
 *fill*         0x0801009a        0x2 
 .text.USBD_FS_DeviceDescriptor
                0x0801009c       0x24 ./USB_DEVICE/App/usbd_desc.o
                0x0801009c                USBD_FS_DeviceDescriptor
 .text.USBD_FS_LangIDStrDescriptor
                0x080100c0       0x24 ./USB_DEVICE/App/usbd_desc.o
                0x080100c0                USBD_FS_LangIDStrDescriptor
 .text.USBD_FS_ProductStrDescriptor
                0x080100e4       0x3c ./USB_DEVICE/App/usbd_desc.o
                0x080100e4                USBD_FS_ProductStrDescriptor
 .text.USBD_FS_ManufacturerStrDescriptor
                0x08010120       0x28 ./USB_DEVICE/App/usbd_desc.o
                0x08010120                USBD_FS_ManufacturerStrDescriptor
 .text.USBD_FS_SerialStrDescriptor
                0x08010148       0x24 ./USB_DEVICE/App/usbd_desc.o
                0x08010148                USBD_FS_SerialStrDescriptor
 .text.USBD_FS_ConfigStrDescriptor
                0x0801016c       0x3c ./USB_DEVICE/App/usbd_desc.o
                0x0801016c                USBD_FS_ConfigStrDescriptor
 .text.USBD_FS_InterfaceStrDescriptor
                0x080101a8       0x3c ./USB_DEVICE/App/usbd_desc.o
                0x080101a8                USBD_FS_InterfaceStrDescriptor
 .text.Get_SerialNum
                0x080101e4       0x58 ./USB_DEVICE/App/usbd_desc.o
 .text.IntToUnicode
                0x0801023c       0x7e ./USB_DEVICE/App/usbd_desc.o
 *fill*         0x080102ba        0x2 
 .text.HAL_PCD_MspInit
                0x080102bc       0xe8 ./USB_DEVICE/Target/usbd_conf.o
                0x080102bc                HAL_PCD_MspInit
 .text.HAL_PCD_SetupStageCallback
                0x080103a4       0x24 ./USB_DEVICE/Target/usbd_conf.o
                0x080103a4                HAL_PCD_SetupStageCallback
 .text.HAL_PCD_DataOutStageCallback
                0x080103c8       0x36 ./USB_DEVICE/Target/usbd_conf.o
                0x080103c8                HAL_PCD_DataOutStageCallback
 .text.HAL_PCD_DataInStageCallback
                0x080103fe       0x34 ./USB_DEVICE/Target/usbd_conf.o
                0x080103fe                HAL_PCD_DataInStageCallback
 .text.HAL_PCD_SOFCallback
                0x08010432       0x1c ./USB_DEVICE/Target/usbd_conf.o
                0x08010432                HAL_PCD_SOFCallback
 .text.HAL_PCD_ResetCallback
                0x0801044e       0x50 ./USB_DEVICE/Target/usbd_conf.o
                0x0801044e                HAL_PCD_ResetCallback
 *fill*         0x0801049e        0x2 
 .text.HAL_PCD_SuspendCallback
                0x080104a0       0x4c ./USB_DEVICE/Target/usbd_conf.o
                0x080104a0                HAL_PCD_SuspendCallback
 .text.HAL_PCD_ResumeCallback
                0x080104ec       0x1c ./USB_DEVICE/Target/usbd_conf.o
                0x080104ec                HAL_PCD_ResumeCallback
 .text.HAL_PCD_ISOOUTIncompleteCallback
                0x08010508       0x24 ./USB_DEVICE/Target/usbd_conf.o
                0x08010508                HAL_PCD_ISOOUTIncompleteCallback
 .text.HAL_PCD_ISOINIncompleteCallback
                0x0801052c       0x24 ./USB_DEVICE/Target/usbd_conf.o
                0x0801052c                HAL_PCD_ISOINIncompleteCallback
 .text.HAL_PCD_ConnectCallback
                0x08010550       0x1c ./USB_DEVICE/Target/usbd_conf.o
                0x08010550                HAL_PCD_ConnectCallback
 .text.HAL_PCD_DisconnectCallback
                0x0801056c       0x1c ./USB_DEVICE/Target/usbd_conf.o
                0x0801056c                HAL_PCD_DisconnectCallback
 .text.USBD_LL_Init
                0x08010588       0xa0 ./USB_DEVICE/Target/usbd_conf.o
                0x08010588                USBD_LL_Init
 .text.USBD_LL_Start
                0x08010628       0x36 ./USB_DEVICE/Target/usbd_conf.o
                0x08010628                USBD_LL_Start
 .text.USBD_LL_OpenEP
                0x0801065e       0x4c ./USB_DEVICE/Target/usbd_conf.o
                0x0801065e                USBD_LL_OpenEP
 .text.USBD_LL_CloseEP
                0x080106aa       0x3e ./USB_DEVICE/Target/usbd_conf.o
                0x080106aa                USBD_LL_CloseEP
 .text.USBD_LL_StallEP
                0x080106e8       0x3e ./USB_DEVICE/Target/usbd_conf.o
                0x080106e8                USBD_LL_StallEP
 .text.USBD_LL_ClearStallEP
                0x08010726       0x3e ./USB_DEVICE/Target/usbd_conf.o
                0x08010726                USBD_LL_ClearStallEP
 .text.USBD_LL_IsStallEP
                0x08010764       0x58 ./USB_DEVICE/Target/usbd_conf.o
                0x08010764                USBD_LL_IsStallEP
 .text.USBD_LL_SetUSBAddress
                0x080107bc       0x3e ./USB_DEVICE/Target/usbd_conf.o
                0x080107bc                USBD_LL_SetUSBAddress
 .text.USBD_LL_Transmit
                0x080107fa       0x42 ./USB_DEVICE/Target/usbd_conf.o
                0x080107fa                USBD_LL_Transmit
 .text.USBD_LL_PrepareReceive
                0x0801083c       0x42 ./USB_DEVICE/Target/usbd_conf.o
                0x0801083c                USBD_LL_PrepareReceive
 .text.USBD_LL_GetRxDataSize
                0x0801087e       0x26 ./USB_DEVICE/Target/usbd_conf.o
                0x0801087e                USBD_LL_GetRxDataSize
 .text.USBD_static_malloc
                0x080108a4       0x1c ./USB_DEVICE/Target/usbd_conf.o
                0x080108a4                USBD_static_malloc
 .text.USBD_static_free
                0x080108c0       0x14 ./USB_DEVICE/Target/usbd_conf.o
                0x080108c0                USBD_static_free
 .text.USBD_Get_USB_Status
                0x080108d4       0x58 ./USB_DEVICE/Target/usbd_conf.o
                0x080108d4                USBD_Get_USB_Status
 .text.memset   0x0801092c       0x10 C:/ST/STM32CubeIDE_1.13.1/STM32CubeIDE/plugins/com.st.stm32cube.ide.mcu.externaltools.gnu-tools-for-stm32.13.3.rel1.win32_1.0.0.202411081344/tools/bin/../lib/gcc/arm-none-eabi/13.3.1/../../../../arm-none-eabi/lib/thumb/v7e-m+dp/hard\libc_nano.a(libc_a-memset.o)
                0x0801092c                memset
 .text._reclaim_reent
                0x0801093c       0xbc C:/ST/STM32CubeIDE_1.13.1/STM32CubeIDE/plugins/com.st.stm32cube.ide.mcu.externaltools.gnu-tools-for-stm32.13.3.rel1.win32_1.0.0.202411081344/tools/bin/../lib/gcc/arm-none-eabi/13.3.1/../../../../arm-none-eabi/lib/thumb/v7e-m+dp/hard\libc_nano.a(libc_a-reent.o)
                0x0801093c                _reclaim_reent
 .text.__errno  0x080109f8        0xc C:/ST/STM32CubeIDE_1.13.1/STM32CubeIDE/plugins/com.st.stm32cube.ide.mcu.externaltools.gnu-tools-for-stm32.13.3.rel1.win32_1.0.0.202411081344/tools/bin/../lib/gcc/arm-none-eabi/13.3.1/../../../../arm-none-eabi/lib/thumb/v7e-m+dp/hard\libc_nano.a(libc_a-errno.o)
                0x080109f8                __errno
 .text.__libc_init_array
                0x08010a04       0x48 C:/ST/STM32CubeIDE_1.13.1/STM32CubeIDE/plugins/com.st.stm32cube.ide.mcu.externaltools.gnu-tools-for-stm32.13.3.rel1.win32_1.0.0.202411081344/tools/bin/../lib/gcc/arm-none-eabi/13.3.1/../../../../arm-none-eabi/lib/thumb/v7e-m+dp/hard\libc_nano.a(libc_a-init.o)
                0x08010a04                __libc_init_array
 .text.__retarget_lock_acquire_recursive
                0x08010a4c        0x2 C:/ST/STM32CubeIDE_1.13.1/STM32CubeIDE/plugins/com.st.stm32cube.ide.mcu.externaltools.gnu-tools-for-stm32.13.3.rel1.win32_1.0.0.202411081344/tools/bin/../lib/gcc/arm-none-eabi/13.3.1/../../../../arm-none-eabi/lib/thumb/v7e-m+dp/hard\libc_nano.a(libc_a-lock.o)
                0x08010a4c                __retarget_lock_acquire_recursive
 .text.__retarget_lock_release_recursive
                0x08010a4e        0x2 C:/ST/STM32CubeIDE_1.13.1/STM32CubeIDE/plugins/com.st.stm32cube.ide.mcu.externaltools.gnu-tools-for-stm32.13.3.rel1.win32_1.0.0.202411081344/tools/bin/../lib/gcc/arm-none-eabi/13.3.1/../../../../arm-none-eabi/lib/thumb/v7e-m+dp/hard\libc_nano.a(libc_a-lock.o)
                0x08010a4e                __retarget_lock_release_recursive
 .text._free_r  0x08010a50       0x94 C:/ST/STM32CubeIDE_1.13.1/STM32CubeIDE/plugins/com.st.stm32cube.ide.mcu.externaltools.gnu-tools-for-stm32.13.3.rel1.win32_1.0.0.202411081344/tools/bin/../lib/gcc/arm-none-eabi/13.3.1/../../../../arm-none-eabi/lib/thumb/v7e-m+dp/hard\libc_nano.a(libc_a-freer.o)
                0x08010a50                _free_r
 .text.__malloc_lock
                0x08010ae4        0xc C:/ST/STM32CubeIDE_1.13.1/STM32CubeIDE/plugins/com.st.stm32cube.ide.mcu.externaltools.gnu-tools-for-stm32.13.3.rel1.win32_1.0.0.202411081344/tools/bin/../lib/gcc/arm-none-eabi/13.3.1/../../../../arm-none-eabi/lib/thumb/v7e-m+dp/hard\libc_nano.a(libc_a-mlock.o)
                0x08010ae4                __malloc_lock
 .text.__malloc_unlock
                0x08010af0        0xc C:/ST/STM32CubeIDE_1.13.1/STM32CubeIDE/plugins/com.st.stm32cube.ide.mcu.externaltools.gnu-tools-for-stm32.13.3.rel1.win32_1.0.0.202411081344/tools/bin/../lib/gcc/arm-none-eabi/13.3.1/../../../../arm-none-eabi/lib/thumb/v7e-m+dp/hard\libc_nano.a(libc_a-mlock.o)
                0x08010af0                __malloc_unlock
 .text.sqrtf    0x08010afc       0x3c C:/ST/STM32CubeIDE_1.13.1/STM32CubeIDE/plugins/com.st.stm32cube.ide.mcu.externaltools.gnu-tools-for-stm32.13.3.rel1.win32_1.0.0.202411081344/tools/bin/../lib/gcc/arm-none-eabi/13.3.1/../../../../arm-none-eabi/lib/thumb/v7e-m+dp/hard\libm.a(libm_a-wf_sqrt.o)
                0x08010afc                sqrtf
 .text.atanf    0x08010b38      0x1a8 C:/ST/STM32CubeIDE_1.13.1/STM32CubeIDE/plugins/com.st.stm32cube.ide.mcu.externaltools.gnu-tools-for-stm32.13.3.rel1.win32_1.0.0.202411081344/tools/bin/../lib/gcc/arm-none-eabi/13.3.1/../../../../arm-none-eabi/lib/thumb/v7e-m+dp/hard\libm.a(libm_a-sf_atan.o)
                0x08010b38                atanf
 .text.fabsf    0x08010ce0        0xe C:/ST/STM32CubeIDE_1.13.1/STM32CubeIDE/plugins/com.st.stm32cube.ide.mcu.externaltools.gnu-tools-for-stm32.13.3.rel1.win32_1.0.0.202411081344/tools/bin/../lib/gcc/arm-none-eabi/13.3.1/../../../../arm-none-eabi/lib/thumb/v7e-m+dp/hard\libm.a(libm_a-sf_fabs.o)
                0x08010ce0                fabsf
 .text.checkint
                0x08010cee       0x2e C:/ST/STM32CubeIDE_1.13.1/STM32CubeIDE/plugins/com.st.stm32cube.ide.mcu.externaltools.gnu-tools-for-stm32.13.3.rel1.win32_1.0.0.202411081344/tools/bin/../lib/gcc/arm-none-eabi/13.3.1/../../../../arm-none-eabi/lib/thumb/v7e-m+dp/hard\libm.a(libm_a-sf_pow.o)
 *fill*         0x08010d1c        0x4 
 .text.powf     0x08010d20      0x2c0 C:/ST/STM32CubeIDE_1.13.1/STM32CubeIDE/plugins/com.st.stm32cube.ide.mcu.externaltools.gnu-tools-for-stm32.13.3.rel1.win32_1.0.0.202411081344/tools/bin/../lib/gcc/arm-none-eabi/13.3.1/../../../../arm-none-eabi/lib/thumb/v7e-m+dp/hard\libm.a(libm_a-sf_pow.o)
                0x08010d20                powf
 .text.sinf_poly
                0x08010fe0       0x54 C:/ST/STM32CubeIDE_1.13.1/STM32CubeIDE/plugins/com.st.stm32cube.ide.mcu.externaltools.gnu-tools-for-stm32.13.3.rel1.win32_1.0.0.202411081344/tools/bin/../lib/gcc/arm-none-eabi/13.3.1/../../../../arm-none-eabi/lib/thumb/v7e-m+dp/hard\libm.a(libm_a-cosf.o)
 *fill*         0x08011034        0x4 
 .text.cosf     0x08011038      0x140 C:/ST/STM32CubeIDE_1.13.1/STM32CubeIDE/plugins/com.st.stm32cube.ide.mcu.externaltools.gnu-tools-for-stm32.13.3.rel1.win32_1.0.0.202411081344/tools/bin/../lib/gcc/arm-none-eabi/13.3.1/../../../../arm-none-eabi/lib/thumb/v7e-m+dp/hard\libm.a(libm_a-cosf.o)
                0x08011038                cosf
 .text.with_errnof
                0x08011178       0x1c C:/ST/STM32CubeIDE_1.13.1/STM32CubeIDE/plugins/com.st.stm32cube.ide.mcu.externaltools.gnu-tools-for-stm32.13.3.rel1.win32_1.0.0.202411081344/tools/bin/../lib/gcc/arm-none-eabi/13.3.1/../../../../arm-none-eabi/lib/thumb/v7e-m+dp/hard\libm.a(libm_a-math_errf.o)
 .text.xflowf   0x08011194       0x16 C:/ST/STM32CubeIDE_1.13.1/STM32CubeIDE/plugins/com.st.stm32cube.ide.mcu.externaltools.gnu-tools-for-stm32.13.3.rel1.win32_1.0.0.202411081344/tools/bin/../lib/gcc/arm-none-eabi/13.3.1/../../../../arm-none-eabi/lib/thumb/v7e-m+dp/hard\libm.a(libm_a-math_errf.o)
 *fill*         0x080111aa        0x2 
 .text.__math_uflowf
                0x080111ac        0xc C:/ST/STM32CubeIDE_1.13.1/STM32CubeIDE/plugins/com.st.stm32cube.ide.mcu.externaltools.gnu-tools-for-stm32.13.3.rel1.win32_1.0.0.202411081344/tools/bin/../lib/gcc/arm-none-eabi/13.3.1/../../../../arm-none-eabi/lib/thumb/v7e-m+dp/hard\libm.a(libm_a-math_errf.o)
                0x080111ac                __math_uflowf
 .text.__math_may_uflowf
                0x080111b8        0xc C:/ST/STM32CubeIDE_1.13.1/STM32CubeIDE/plugins/com.st.stm32cube.ide.mcu.externaltools.gnu-tools-for-stm32.13.3.rel1.win32_1.0.0.202411081344/tools/bin/../lib/gcc/arm-none-eabi/13.3.1/../../../../arm-none-eabi/lib/thumb/v7e-m+dp/hard\libm.a(libm_a-math_errf.o)
                0x080111b8                __math_may_uflowf
 .text.__math_oflowf
                0x080111c4        0xc C:/ST/STM32CubeIDE_1.13.1/STM32CubeIDE/plugins/com.st.stm32cube.ide.mcu.externaltools.gnu-tools-for-stm32.13.3.rel1.win32_1.0.0.202411081344/tools/bin/../lib/gcc/arm-none-eabi/13.3.1/../../../../arm-none-eabi/lib/thumb/v7e-m+dp/hard\libm.a(libm_a-math_errf.o)
                0x080111c4                __math_oflowf
 .text.__math_divzerof
                0x080111d0       0x24 C:/ST/STM32CubeIDE_1.13.1/STM32CubeIDE/plugins/com.st.stm32cube.ide.mcu.externaltools.gnu-tools-for-stm32.13.3.rel1.win32_1.0.0.202411081344/tools/bin/../lib/gcc/arm-none-eabi/13.3.1/../../../../arm-none-eabi/lib/thumb/v7e-m+dp/hard\libm.a(libm_a-math_errf.o)
                0x080111d0                __math_divzerof
 .text.__math_invalidf
                0x080111f4       0x1e C:/ST/STM32CubeIDE_1.13.1/STM32CubeIDE/plugins/com.st.stm32cube.ide.mcu.externaltools.gnu-tools-for-stm32.13.3.rel1.win32_1.0.0.202411081344/tools/bin/../lib/gcc/arm-none-eabi/13.3.1/../../../../arm-none-eabi/lib/thumb/v7e-m+dp/hard\libm.a(libm_a-math_errf.o)
                0x080111f4                __math_invalidf
 .text.__ieee754_sqrtf
                0x08011212        0x6 C:/ST/STM32CubeIDE_1.13.1/STM32CubeIDE/plugins/com.st.stm32cube.ide.mcu.externaltools.gnu-tools-for-stm32.13.3.rel1.win32_1.0.0.202411081344/tools/bin/../lib/gcc/arm-none-eabi/13.3.1/../../../../arm-none-eabi/lib/thumb/v7e-m+dp/hard\libm.a(libm_a-ef_sqrt.o)
                0x08011212                __ieee754_sqrtf
 .text.floorf   0x08011218       0x88 C:/ST/STM32CubeIDE_1.13.1/STM32CubeIDE/plugins/com.st.stm32cube.ide.mcu.externaltools.gnu-tools-for-stm32.13.3.rel1.win32_1.0.0.202411081344/tools/bin/../lib/gcc/arm-none-eabi/13.3.1/../../../../arm-none-eabi/lib/thumb/v7e-m+dp/hard\libm.a(libm_a-sf_floor.o)
                0x08011218                floorf
 *(.glue_7)
 .glue_7        0x080112a0        0x0 linker stubs
 *(.glue_7t)
 .glue_7t       0x080112a0        0x0 linker stubs
 *(.eh_frame)
 .eh_frame      0x080112a0        0x0 C:/ST/STM32CubeIDE_1.13.1/STM32CubeIDE/plugins/com.st.stm32cube.ide.mcu.externaltools.gnu-tools-for-stm32.13.3.rel1.win32_1.0.0.202411081344/tools/bin/../lib/gcc/arm-none-eabi/13.3.1/thumb/v7e-m+dp/hard/crtbegin.o
 *(.init)
 .init          0x080112a0        0x4 C:/ST/STM32CubeIDE_1.13.1/STM32CubeIDE/plugins/com.st.stm32cube.ide.mcu.externaltools.gnu-tools-for-stm32.13.3.rel1.win32_1.0.0.202411081344/tools/bin/../lib/gcc/arm-none-eabi/13.3.1/thumb/v7e-m+dp/hard/crti.o
                0x080112a0                _init
 .init          0x080112a4        0x8 C:/ST/STM32CubeIDE_1.13.1/STM32CubeIDE/plugins/com.st.stm32cube.ide.mcu.externaltools.gnu-tools-for-stm32.13.3.rel1.win32_1.0.0.202411081344/tools/bin/../lib/gcc/arm-none-eabi/13.3.1/thumb/v7e-m+dp/hard/crtn.o
 *(.fini)
 .fini          0x080112ac        0x4 C:/ST/STM32CubeIDE_1.13.1/STM32CubeIDE/plugins/com.st.stm32cube.ide.mcu.externaltools.gnu-tools-for-stm32.13.3.rel1.win32_1.0.0.202411081344/tools/bin/../lib/gcc/arm-none-eabi/13.3.1/thumb/v7e-m+dp/hard/crti.o
                0x080112ac                _fini
 .fini          0x080112b0        0x8 C:/ST/STM32CubeIDE_1.13.1/STM32CubeIDE/plugins/com.st.stm32cube.ide.mcu.externaltools.gnu-tools-for-stm32.13.3.rel1.win32_1.0.0.202411081344/tools/bin/../lib/gcc/arm-none-eabi/13.3.1/thumb/v7e-m+dp/hard/crtn.o
                0x080112b8                        . = ALIGN (0x4)
                0x080112b8                        _etext = .

.vfp11_veneer   0x080112b8        0x0
 .vfp11_veneer  0x080112b8        0x0 linker stubs

.v4_bx          0x080112b8        0x0
 .v4_bx         0x080112b8        0x0 linker stubs

.iplt           0x080112b8        0x0
 .iplt          0x080112b8        0x0 C:/ST/STM32CubeIDE_1.13.1/STM32CubeIDE/plugins/com.st.stm32cube.ide.mcu.externaltools.gnu-tools-for-stm32.13.3.rel1.win32_1.0.0.202411081344/tools/bin/../lib/gcc/arm-none-eabi/13.3.1/thumb/v7e-m+dp/hard/crtbegin.o

.rodata         0x080112b8      0x4b0
                0x080112b8                        . = ALIGN (0x4)
 *(.rodata)
 .rodata        0x080112b8       0x50 ./Core/Src/freertos.o
 .rodata        0x08011308        0x5 ./Middlewares/Third_Party/FreeRTOS/Source/tasks.o
 *fill*         0x0801130d        0x3 
 .rodata        0x08011310       0x46 ./USB_DEVICE/App/usbd_desc.o
 *(.rodata*)
 *fill*         0x08011356        0x2 
 .rodata.D1CorePrescTable
                0x08011358       0x10 ./Core/Src/system_stm32h7xx.o
                0x08011358                D1CorePrescTable
 .rodata.flagBitshiftOffset.0
                0x08011368        0x8 ./Drivers/STM32H7xx_HAL_Driver/Src/stm32h7xx_hal_dma.o
 .rodata.UARTPrescTable
                0x08011370       0x18 ./Drivers/STM32H7xx_HAL_Driver/Src/stm32h7xx_hal_uart.o
                0x08011370                UARTPrescTable
 .rodata.numerator.1
                0x08011388        0x8 ./Drivers/STM32H7xx_HAL_Driver/Src/stm32h7xx_hal_uart_ex.o
 .rodata.denominator.0
                0x08011390        0x8 ./Drivers/STM32H7xx_HAL_Driver/Src/stm32h7xx_hal_uart_ex.o
 .rodata.atanlo
                0x08011398       0x10 C:/ST/STM32CubeIDE_1.13.1/STM32CubeIDE/plugins/com.st.stm32cube.ide.mcu.externaltools.gnu-tools-for-stm32.13.3.rel1.win32_1.0.0.202411081344/tools/bin/../lib/gcc/arm-none-eabi/13.3.1/../../../../arm-none-eabi/lib/thumb/v7e-m+dp/hard\libm.a(libm_a-sf_atan.o)
 .rodata.atanhi
                0x080113a8       0x10 C:/ST/STM32CubeIDE_1.13.1/STM32CubeIDE/plugins/com.st.stm32cube.ide.mcu.externaltools.gnu-tools-for-stm32.13.3.rel1.win32_1.0.0.202411081344/tools/bin/../lib/gcc/arm-none-eabi/13.3.1/../../../../arm-none-eabi/lib/thumb/v7e-m+dp/hard\libm.a(libm_a-sf_atan.o)
 .rodata.__inv_pio4
                0x080113b8       0x60 C:/ST/STM32CubeIDE_1.13.1/STM32CubeIDE/plugins/com.st.stm32cube.ide.mcu.externaltools.gnu-tools-for-stm32.13.3.rel1.win32_1.0.0.202411081344/tools/bin/../lib/gcc/arm-none-eabi/13.3.1/../../../../arm-none-eabi/lib/thumb/v7e-m+dp/hard\libm.a(libm_a-sincosf_data.o)
                0x080113b8                __inv_pio4
 .rodata.__sincosf_table
                0x08011418       0xe0 C:/ST/STM32CubeIDE_1.13.1/STM32CubeIDE/plugins/com.st.stm32cube.ide.mcu.externaltools.gnu-tools-for-stm32.13.3.rel1.win32_1.0.0.202411081344/tools/bin/../lib/gcc/arm-none-eabi/13.3.1/../../../../arm-none-eabi/lib/thumb/v7e-m+dp/hard\libm.a(libm_a-sincosf_data.o)
                0x08011418                __sincosf_table
 .rodata.__exp2f_data
                0x080114f8      0x148 C:/ST/STM32CubeIDE_1.13.1/STM32CubeIDE/plugins/com.st.stm32cube.ide.mcu.externaltools.gnu-tools-for-stm32.13.3.rel1.win32_1.0.0.202411081344/tools/bin/../lib/gcc/arm-none-eabi/13.3.1/../../../../arm-none-eabi/lib/thumb/v7e-m+dp/hard\libm.a(libm_a-sf_exp2_data.o)
                0x080114f8                __exp2f_data
 .rodata.__powf_log2_data
                0x08011640      0x128 C:/ST/STM32CubeIDE_1.13.1/STM32CubeIDE/plugins/com.st.stm32cube.ide.mcu.externaltools.gnu-tools-for-stm32.13.3.rel1.win32_1.0.0.202411081344/tools/bin/../lib/gcc/arm-none-eabi/13.3.1/../../../../arm-none-eabi/lib/thumb/v7e-m+dp/hard\libm.a(libm_a-sf_pow_log2_data.o)
                0x08011640                __powf_log2_data
                0x08011768                        . = ALIGN (0x4)

.ARM.extab
 *(.ARM.extab* .gnu.linkonce.armextab.*)

.ARM            0x08011768        0x8
                0x08011768                        __exidx_start = .
 *(.ARM.exidx*)
 .ARM.exidx     0x08011768        0x8 C:/ST/STM32CubeIDE_1.13.1/STM32CubeIDE/plugins/com.st.stm32cube.ide.mcu.externaltools.gnu-tools-for-stm32.13.3.rel1.win32_1.0.0.202411081344/tools/bin/../lib/gcc/arm-none-eabi/13.3.1/thumb/v7e-m+dp/hard\libgcc.a(_udivmoddi4.o)
                0x08011770                        __exidx_end = .

.preinit_array  0x08011770        0x0
                0x08011770                        PROVIDE (__preinit_array_start = .)
 *(.preinit_array*)
                0x08011770                        PROVIDE (__preinit_array_end = .)

.init_array     0x08011770        0x4
                0x08011770                        PROVIDE (__init_array_start = .)
 *(SORT_BY_NAME(.init_array.*))
 *(.init_array*)
 .init_array    0x08011770        0x4 C:/ST/STM32CubeIDE_1.13.1/STM32CubeIDE/plugins/com.st.stm32cube.ide.mcu.externaltools.gnu-tools-for-stm32.13.3.rel1.win32_1.0.0.202411081344/tools/bin/../lib/gcc/arm-none-eabi/13.3.1/thumb/v7e-m+dp/hard/crtbegin.o
                0x08011774                        PROVIDE (__init_array_end = .)

.fini_array     0x08011774        0x4
                [!provide]                        PROVIDE (__fini_array_start = .)
 *(SORT_BY_NAME(.fini_array.*))
 *(.fini_array*)
 .fini_array    0x08011774        0x4 C:/ST/STM32CubeIDE_1.13.1/STM32CubeIDE/plugins/com.st.stm32cube.ide.mcu.externaltools.gnu-tools-for-stm32.13.3.rel1.win32_1.0.0.202411081344/tools/bin/../lib/gcc/arm-none-eabi/13.3.1/thumb/v7e-m+dp/hard/crtbegin.o
                [!provide]                        PROVIDE (__fini_array_end = .)
                0x08011778                        _sidata = LOADADDR (.data)

.rel.dyn        0x08011778        0x0
 .rel.iplt      0x08011778        0x0 C:/ST/STM32CubeIDE_1.13.1/STM32CubeIDE/plugins/com.st.stm32cube.ide.mcu.externaltools.gnu-tools-for-stm32.13.3.rel1.win32_1.0.0.202411081344/tools/bin/../lib/gcc/arm-none-eabi/13.3.1/thumb/v7e-m+dp/hard/crtbegin.o

.data           0x24000000      0x158 load address 0x08011778
                0x24000000                        . = ALIGN (0x4)
                0x24000000                        _sdata = .
 *(.data)
 *(.data*)
 .data.SystemCoreClock
                0x24000000        0x4 ./Core/Src/system_stm32h7xx.o
                0x24000000                SystemCoreClock
 .data.SystemD2Clock
                0x24000004        0x4 ./Core/Src/system_stm32h7xx.o
                0x24000004                SystemD2Clock
 .data.uwTickPrio
                0x24000008        0x4 ./Drivers/STM32H7xx_HAL_Driver/Src/stm32h7xx_hal.o
                0x24000008                uwTickPrio
 .data.uwTickFreq
                0x2400000c        0x1 ./Drivers/STM32H7xx_HAL_Driver/Src/stm32h7xx_hal.o
                0x2400000c                uwTickFreq
 *fill*         0x2400000d        0x3 
 .data.USBD_CDC_DeviceQualifierDesc
                0x24000010        0xa ./Middlewares/ST/STM32_USB_Device_Library/Class/CDC/Src/usbd_cdc.o
 *fill*         0x2400001a        0x2 
 .data.USBD_CDC
                0x2400001c       0x38 ./Middlewares/ST/STM32_USB_Device_Library/Class/CDC/Src/usbd_cdc.o
                0x2400001c                USBD_CDC
 .data.USBD_CDC_CfgDesc
                0x24000054       0x43 ./Middlewares/ST/STM32_USB_Device_Library/Class/CDC/Src/usbd_cdc.o
 .data.CDCInEpAdd
                0x24000097        0x1 ./Middlewares/ST/STM32_USB_Device_Library/Class/CDC/Src/usbd_cdc.o
 .data.CDCOutEpAdd
                0x24000098        0x1 ./Middlewares/ST/STM32_USB_Device_Library/Class/CDC/Src/usbd_cdc.o
 .data.CDCCmdEpAdd
                0x24000099        0x1 ./Middlewares/ST/STM32_USB_Device_Library/Class/CDC/Src/usbd_cdc.o
 *fill*         0x2400009a        0x2 
 .data.uxCriticalNesting
                0x2400009c        0x4 ./Middlewares/Third_Party/FreeRTOS/Source/portable/GCC/ARM_CM4F/port.o
 .data.USBD_Interface_fops_FS
                0x240000a0       0x14 ./USB_DEVICE/App/usbd_cdc_if.o
                0x240000a0                USBD_Interface_fops_FS
 .data.FS_Desc  0x240000b4       0x20 ./USB_DEVICE/App/usbd_desc.o
                0x240000b4                FS_Desc
 .data.USBD_FS_DeviceDesc
                0x240000d4       0x12 ./USB_DEVICE/App/usbd_desc.o
                0x240000d4                USBD_FS_DeviceDesc
 *fill*         0x240000e6        0x2 
 .data.USBD_LangIDDesc
                0x240000e8        0x4 ./USB_DEVICE/App/usbd_desc.o
                0x240000e8                USBD_LangIDDesc
 .data.USBD_StringSerial
                0x240000ec       0x1a ./USB_DEVICE/App/usbd_desc.o
                0x240000ec                USBD_StringSerial
 *fill*         0x24000106        0x2 
 .data._impure_ptr
                0x24000108        0x4 C:/ST/STM32CubeIDE_1.13.1/STM32CubeIDE/plugins/com.st.stm32cube.ide.mcu.externaltools.gnu-tools-for-stm32.13.3.rel1.win32_1.0.0.202411081344/tools/bin/../lib/gcc/arm-none-eabi/13.3.1/../../../../arm-none-eabi/lib/thumb/v7e-m+dp/hard\libc_nano.a(libc_a-impure.o)
                0x24000108                _impure_ptr
 .data._impure_data
                0x2400010c       0x4c C:/ST/STM32CubeIDE_1.13.1/STM32CubeIDE/plugins/com.st.stm32cube.ide.mcu.externaltools.gnu-tools-for-stm32.13.3.rel1.win32_1.0.0.202411081344/tools/bin/../lib/gcc/arm-none-eabi/13.3.1/../../../../arm-none-eabi/lib/thumb/v7e-m+dp/hard\libc_nano.a(libc_a-impure.o)
                0x2400010c                _impure_data
 *(.RamFunc)
 *(.RamFunc*)
                0x24000158                        . = ALIGN (0x4)
                0x24000158                        _edata = .

.igot.plt       0x24000158        0x0 load address 0x080118d0
 .igot.plt      0x24000158        0x0 C:/ST/STM32CubeIDE_1.13.1/STM32CubeIDE/plugins/com.st.stm32cube.ide.mcu.externaltools.gnu-tools-for-stm32.13.3.rel1.win32_1.0.0.202411081344/tools/bin/../lib/gcc/arm-none-eabi/13.3.1/thumb/v7e-m+dp/hard/crtbegin.o
                0x24000158                        . = ALIGN (0x4)

.bss            0x24000158     0x65f8 load address 0x080118d0
                0x24000158                        _sbss = .
                0x24000158                        __bss_start__ = _sbss
 *(.bss)
 .bss           0x24000158       0x1c C:/ST/STM32CubeIDE_1.13.1/STM32CubeIDE/plugins/com.st.stm32cube.ide.mcu.externaltools.gnu-tools-for-stm32.13.3.rel1.win32_1.0.0.202411081344/tools/bin/../lib/gcc/arm-none-eabi/13.3.1/thumb/v7e-m+dp/hard/crtbegin.o
 *(.bss*)
 .bss.maintaskHandle
                0x24000174        0x4 ./Core/Src/freertos.o
                0x24000174                maintaskHandle
 .bss.lidarparseHandle
                0x24000178        0x4 ./Core/Src/freertos.o
                0x24000178                lidarparseHandle
 .bss.xIdleTaskTCBBuffer
                0x2400017c       0xa0 ./Core/Src/freertos.o
 .bss.xIdleStack
                0x2400021c      0x200 ./Core/Src/freertos.o
 .bss.htim1     0x2400041c       0x4c ./Core/Src/stm32h7xx_hal_timebase_tim.o
                0x2400041c                htim1
 .bss.huart8    0x24000468       0x94 ./Core/Src/usart.o
                0x24000468                huart8
 .bss.hdma_uart8_rx
                0x240004fc       0x78 ./Core/Src/usart.o
                0x240004fc                hdma_uart8_rx
 .bss.ylidar_read_index
                0x24000574        0x2 ./Core/Src/ylidar.o
                0x24000574                ylidar_read_index
 .bss.ylidar_write_index
                0x24000576        0x2 ./Core/Src/ylidar.o
                0x24000576                ylidar_write_index
 .bss.ylidar_circular_buffer
                0x24000578      0x400 ./Core/Src/ylidar.o
                0x24000578                ylidar_circular_buffer
 .bss.ydlidarstate
                0x24000978        0x1 ./Core/Src/ylidar.o
                0x24000978                ydlidarstate
 .bss.clusterstate
                0x24000979        0x1 ./Core/Src/ylidar.o
                0x24000979                clusterstate
 .bss.LSN       0x2400097a        0x1 ./Core/Src/ylidar.o
                0x2400097a                LSN
 .bss.CT        0x2400097b        0x1 ./Core/Src/ylidar.o
                0x2400097b                CT
 .bss.ylidar_finalbuffer
                0x2400097c      0x2ce ./Core/Src/ylidar.o
                0x2400097c                ylidar_finalbuffer
 *fill*         0x24000c4a        0x2 
 .bss.FSA_float
                0x24000c4c        0x4 ./Core/Src/ylidar.o
                0x24000c4c                FSA_float
 .bss.LSA_float
                0x24000c50        0x4 ./Core/Src/ylidar.o
                0x24000c50                LSA_float
 .bss.FSA       0x24000c54        0x2 ./Core/Src/ylidar.o
                0x24000c54                FSA
 .bss.LSA       0x24000c56        0x2 ./Core/Src/ylidar.o
                0x24000c56                LSA
 .bss.CHECKSUM  0x24000c58        0x2 ./Core/Src/ylidar.o
                0x24000c58                CHECKSUM
 *fill*         0x24000c5a        0x2 
 .bss.objects   0x24000c5c       0x78 ./Core/Src/ylidar.o
                0x24000c5c                objects
 .bss.uwTick    0x24000cd4        0x4 ./Drivers/STM32H7xx_HAL_Driver/Src/stm32h7xx_hal.o
                0x24000cd4                uwTick
 .bss.cfgidx.0  0x24000cd8        0x1 ./Middlewares/ST/STM32_USB_Device_Library/Core/Src/usbd_ctlreq.o
 *fill*         0x24000cd9        0x3 
 .bss.pxCurrentTCB
                0x24000cdc        0x4 ./Middlewares/Third_Party/FreeRTOS/Source/tasks.o
                0x24000cdc                pxCurrentTCB
 .bss.pxReadyTasksLists
                0x24000ce0       0x8c ./Middlewares/Third_Party/FreeRTOS/Source/tasks.o
 .bss.xDelayedTaskList1
                0x24000d6c       0x14 ./Middlewares/Third_Party/FreeRTOS/Source/tasks.o
 .bss.xDelayedTaskList2
                0x24000d80       0x14 ./Middlewares/Third_Party/FreeRTOS/Source/tasks.o
 .bss.pxDelayedTaskList
                0x24000d94        0x4 ./Middlewares/Third_Party/FreeRTOS/Source/tasks.o
 .bss.pxOverflowDelayedTaskList
                0x24000d98        0x4 ./Middlewares/Third_Party/FreeRTOS/Source/tasks.o
 .bss.xPendingReadyList
                0x24000d9c       0x14 ./Middlewares/Third_Party/FreeRTOS/Source/tasks.o
 .bss.xTasksWaitingTermination
                0x24000db0       0x14 ./Middlewares/Third_Party/FreeRTOS/Source/tasks.o
 .bss.uxDeletedTasksWaitingCleanUp
                0x24000dc4        0x4 ./Middlewares/Third_Party/FreeRTOS/Source/tasks.o
 .bss.xSuspendedTaskList
                0x24000dc8       0x14 ./Middlewares/Third_Party/FreeRTOS/Source/tasks.o
 .bss.uxCurrentNumberOfTasks
                0x24000ddc        0x4 ./Middlewares/Third_Party/FreeRTOS/Source/tasks.o
 .bss.xTickCount
                0x24000de0        0x4 ./Middlewares/Third_Party/FreeRTOS/Source/tasks.o
 .bss.uxTopReadyPriority
                0x24000de4        0x4 ./Middlewares/Third_Party/FreeRTOS/Source/tasks.o
 .bss.xSchedulerRunning
                0x24000de8        0x4 ./Middlewares/Third_Party/FreeRTOS/Source/tasks.o
 .bss.xPendedTicks
                0x24000dec        0x4 ./Middlewares/Third_Party/FreeRTOS/Source/tasks.o
 .bss.xYieldPending
                0x24000df0        0x4 ./Middlewares/Third_Party/FreeRTOS/Source/tasks.o
 .bss.xNumOfOverflows
                0x24000df4        0x4 ./Middlewares/Third_Party/FreeRTOS/Source/tasks.o
 .bss.uxTaskNumber
                0x24000df8        0x4 ./Middlewares/Third_Party/FreeRTOS/Source/tasks.o
 .bss.xNextTaskUnblockTime
                0x24000dfc        0x4 ./Middlewares/Third_Party/FreeRTOS/Source/tasks.o
 .bss.xIdleTaskHandle
                0x24000e00        0x4 ./Middlewares/Third_Party/FreeRTOS/Source/tasks.o
 .bss.uxSchedulerSuspended
                0x24000e04        0x4 ./Middlewares/Third_Party/FreeRTOS/Source/tasks.o
 .bss.ucMaxSysCallPriority
                0x24000e08        0x1 ./Middlewares/Third_Party/FreeRTOS/Source/portable/GCC/ARM_CM4F/port.o
 *fill*         0x24000e09        0x3 
 .bss.ulMaxPRIGROUPValue
                0x24000e0c        0x4 ./Middlewares/Third_Party/FreeRTOS/Source/portable/GCC/ARM_CM4F/port.o
 .bss.ucHeap    0x24000e10     0x3c00 ./Middlewares/Third_Party/FreeRTOS/Source/portable/MemMang/heap_4.o
 .bss.xStart    0x24004a10        0x8 ./Middlewares/Third_Party/FreeRTOS/Source/portable/MemMang/heap_4.o
 .bss.pxEnd     0x24004a18        0x4 ./Middlewares/Third_Party/FreeRTOS/Source/portable/MemMang/heap_4.o