Archive member included to satisfy reference by file (symbol)

C:/ST/STM32CubeIDE_1.17.0/STM32CubeIDE/plugins/com.st.stm32cube.ide.mcu.externaltools.gnu-tools-for-stm32.13.3.rel1.win32_1.0.0.202411081344/tools/bin/../lib/gcc/arm-none-eabi/13.3.1/../../../../arm-none-eabi/lib/thumb/v7e-m+dp/hard\libc_nano.a(libc_a-exit.o)
                              C:/ST/STM32CubeIDE_1.17.0/STM32CubeIDE/plugins/com.st.stm32cube.ide.mcu.externaltools.gnu-tools-for-stm32.13.3.rel1.win32_1.0.0.202411081344/tools/bin/../lib/gcc/arm-none-eabi/13.3.1/../../../../arm-none-eabi/lib/thumb/v7e-m+dp/hard/crt0.o (exit)
C:/ST/STM32CubeIDE_1.17.0/STM32CubeIDE/plugins/com.st.stm32cube.ide.mcu.externaltools.gnu-tools-for-stm32.13.3.rel1.win32_1.0.0.202411081344/tools/bin/../lib/gcc/arm-none-eabi/13.3.1/../../../../arm-none-eabi/lib/thumb/v7e-m+dp/hard\libc_nano.a(libc_a-findfp.o)
                              ./Middlewares/Third_Party/FreeRTOS/Source/tasks.o (__sf)
C:/ST/STM32CubeIDE_1.17.0/STM32CubeIDE/plugins/com.st.stm32cube.ide.mcu.externaltools.gnu-tools-for-stm32.13.3.rel1.win32_1.0.0.202411081344/tools/bin/../lib/gcc/arm-none-eabi/13.3.1/../../../../arm-none-eabi/lib/thumb/v7e-m+dp/hard\libc_nano.a(libc_a-fwalk.o)
                              C:/ST/STM32CubeIDE_1.17.0/STM32CubeIDE/plugins/com.st.stm32cube.ide.mcu.externaltools.gnu-tools-for-stm32.13.3.rel1.win32_1.0.0.202411081344/tools/bin/../lib/gcc/arm-none-eabi/13.3.1/../../../../arm-none-eabi/lib/thumb/v7e-m+dp/hard\libc_nano.a(libc_a-findfp.o) (_fwalk_sglue)
C:/ST/STM32CubeIDE_1.17.0/STM32CubeIDE/plugins/com.st.stm32cube.ide.mcu.externaltools.gnu-tools-for-stm32.13.3.rel1.win32_1.0.0.202411081344/tools/bin/../lib/gcc/arm-none-eabi/13.3.1/../../../../arm-none-eabi/lib/thumb/v7e-m+dp/hard\libc_nano.a(libc_a-stdio.o)
                              C:/ST/STM32CubeIDE_1.17.0/STM32CubeIDE/plugins/com.st.stm32cube.ide.mcu.externaltools.gnu-tools-for-stm32.13.3.rel1.win32_1.0.0.202411081344/tools/bin/../lib/gcc/arm-none-eabi/13.3.1/../../../../arm-none-eabi/lib/thumb/v7e-m+dp/hard\libc_nano.a(libc_a-findfp.o) (__sread)
C:/ST/STM32CubeIDE_1.17.0/STM32CubeIDE/plugins/com.st.stm32cube.ide.mcu.externaltools.gnu-tools-for-stm32.13.3.rel1.win32_1.0.0.202411081344/tools/bin/../lib/gcc/arm-none-eabi/13.3.1/../../../../arm-none-eabi/lib/thumb/v7e-m+dp/hard\libc_nano.a(libc_a-memset.o)
                              C:/ST/STM32CubeIDE_1.17.0/STM32CubeIDE/plugins/com.st.stm32cube.ide.mcu.externaltools.gnu-tools-for-stm32.13.3.rel1.win32_1.0.0.202411081344/tools/bin/../lib/gcc/arm-none-eabi/13.3.1/../../../../arm-none-eabi/lib/thumb/v7e-m+dp/hard/crt0.o (memset)
C:/ST/STM32CubeIDE_1.17.0/STM32CubeIDE/plugins/com.st.stm32cube.ide.mcu.externaltools.gnu-tools-for-stm32.13.3.rel1.win32_1.0.0.202411081344/tools/bin/../lib/gcc/arm-none-eabi/13.3.1/../../../../arm-none-eabi/lib/thumb/v7e-m+dp/hard\libc_nano.a(libc_a-closer.o)
                              C:/ST/STM32CubeIDE_1.17.0/STM32CubeIDE/plugins/com.st.stm32cube.ide.mcu.externaltools.gnu-tools-for-stm32.13.3.rel1.win32_1.0.0.202411081344/tools/bin/../lib/gcc/arm-none-eabi/13.3.1/../../../../arm-none-eabi/lib/thumb/v7e-m+dp/hard\libc_nano.a(libc_a-stdio.o) (_close_r)
C:/ST/STM32CubeIDE_1.17.0/STM32CubeIDE/plugins/com.st.stm32cube.ide.mcu.externaltools.gnu-tools-for-stm32.13.3.rel1.win32_1.0.0.202411081344/tools/bin/../lib/gcc/arm-none-eabi/13.3.1/../../../../arm-none-eabi/lib/thumb/v7e-m+dp/hard\libc_nano.a(libc_a-reent.o)
                              ./Middlewares/Third_Party/FreeRTOS/Source/tasks.o (_reclaim_reent)
C:/ST/STM32CubeIDE_1.17.0/STM32CubeIDE/plugins/com.st.stm32cube.ide.mcu.externaltools.gnu-tools-for-stm32.13.3.rel1.win32_1.0.0.202411081344/tools/bin/../lib/gcc/arm-none-eabi/13.3.1/../../../../arm-none-eabi/lib/thumb/v7e-m+dp/hard\libc_nano.a(libc_a-impure.o)
                              ./Middlewares/Third_Party/FreeRTOS/Source/tasks.o (_impure_ptr)
C:/ST/STM32CubeIDE_1.17.0/STM32CubeIDE/plugins/com.st.stm32cube.ide.mcu.externaltools.gnu-tools-for-stm32.13.3.rel1.win32_1.0.0.202411081344/tools/bin/../lib/gcc/arm-none-eabi/13.3.1/../../../../arm-none-eabi/lib/thumb/v7e-m+dp/hard\libc_nano.a(libc_a-lseekr.o)
                              C:/ST/STM32CubeIDE_1.17.0/STM32CubeIDE/plugins/com.st.stm32cube.ide.mcu.externaltools.gnu-tools-for-stm32.13.3.rel1.win32_1.0.0.202411081344/tools/bin/../lib/gcc/arm-none-eabi/13.3.1/../../../../arm-none-eabi/lib/thumb/v7e-m+dp/hard\libc_nano.a(libc_a-stdio.o) (_lseek_r)
C:/ST/STM32CubeIDE_1.17.0/STM32CubeIDE/plugins/com.st.stm32cube.ide.mcu.externaltools.gnu-tools-for-stm32.13.3.rel1.win32_1.0.0.202411081344/tools/bin/../lib/gcc/arm-none-eabi/13.3.1/../../../../arm-none-eabi/lib/thumb/v7e-m+dp/hard\libc_nano.a(libc_a-readr.o)
[...]
Memory Configuration

Name             Origin             Length             Attributes
FLASH            0x08000000         0x00200000         xr
DTCMRAM          0x20000000         0x00020000         xrw
RAM_D1           0x24000000         0x00080000         xrw
RAM_D2           0x30000000         0x00048000         xrw
RAM_D3           0x38000000         0x00010000         xrw
ITCMRAM          0x00000000         0x00010000         xrw
*default*        0x00000000         0xffffffff

Linker script and memory map

LOAD C:/ST/STM32CubeIDE_1.17.0/STM32CubeIDE/plugins/com.st.stm32cube.ide.mcu.externaltools.gnu-tools-for-stm32.13.3.rel1.win32_1.0.0.202411081344/tools/bin/../lib/gcc/arm-none-eabi/13.3.1/thumb/v7e-m+dp/hard/crti.o
LOAD C:/ST/STM32CubeIDE_1.17.0/STM32CubeIDE/plugins/com.st.stm32cube.ide.mcu.externaltools.gnu-tools-for-stm32.13.3.rel1.win32_1.0.0.202411081344/tools/bin/../lib/gcc/arm-none-eabi/13.3.1/thumb/v7e-m+dp/hard/crtbegin.o
LOAD C:/ST/STM32CubeIDE_1.17.0/STM32CubeIDE/plugins/com.st.stm32cube.ide.mcu.externaltools.gnu-tools-for-stm32.13.3.rel1.win32_1.0.0.202411081344/tools/bin/../lib/gcc/arm-none-eabi/13.3.1/../../../../arm-none-eabi/lib/thumb/v7e-m+dp/hard/crt0.o
LOAD ./Core/Src/dma.o
LOAD ./Core/Src/freertos.o
LOAD ./Core/Src/gpio.o
LOAD ./Core/Src/main.o
LOAD ./Core/Src/stm32h7xx_hal_msp.o
LOAD ./Core/Src/stm32h7xx_hal_timebase_tim.o
LOAD ./Core/Src/stm32h7xx_it.o
LOAD ./Core/Src/syscalls.o
LOAD ./Core/Src/sysmem.o
LOAD ./Core/Src/system_stm32h7xx.o
LOAD ./Core/Src/tim.o
LOAD ./Core/Src/usart.o
LOAD ./Core/Src/ylidar.o
LOAD ./Core/Startup/startup_stm32h743vihx.o
LOAD ./Drivers/STM32H7xx_HAL_Driver/Src/stm32h7xx_hal.o
LOAD ./Drivers/STM32H7xx_HAL_Driver/Src/stm32h7xx_hal_cortex.o
LOAD ./Drivers/STM32H7xx_HAL_Driver/Src/stm32h7xx_hal_dma.o
LOAD ./Drivers/STM32H7xx_HAL_Driver/Src/stm32h7xx_hal_dma_ex.o
LOAD ./Drivers/STM32H7xx_HAL_Driver/Src/stm32h7xx_hal_exti.o
LOAD ./Drivers/STM32H7xx_HAL_Driver/Src/stm32h7xx_hal_flash.o
LOAD ./Drivers/STM32H7xx_HAL_Driver/Src/stm32h7xx_hal_flash_ex.o
LOAD ./Drivers/STM32H7xx_HAL_Driver/Src/stm32h7xx_hal_gpio.o
LOAD ./Drivers/STM32H7xx_HAL_Driver/Src/stm32h7xx_hal_hsem.o
LOAD ./Drivers/STM32H7xx_HAL_Driver/Src/stm32h7xx_hal_i2c.o
LOAD ./Drivers/STM32H7xx_HAL_Driver/Src/stm32h7xx_hal_i2c_ex.o
LOAD ./Drivers/STM32H7xx_HAL_Driver/Src/stm32h7xx_hal_mdma.o
LOAD ./Drivers/STM32H7xx_HAL_Driver/Src/stm32h7xx_hal_pcd.o
LOAD ./Drivers/STM32H7xx_HAL_Driver/Src/stm32h7xx_hal_pcd_ex.o
LOAD ./Drivers/STM32H7xx_HAL_Driver/Src/stm32h7xx_hal_pwr.o
LOAD ./Drivers/STM32H7xx_HAL_Driver/Src/stm32h7xx_hal_pwr_ex.o
LOAD ./Drivers/STM32H7xx_HAL_Driver/Src/stm32h7xx_hal_rcc.o
LOAD ./Drivers/STM32H7xx_HAL_Driver/Src/stm32h7xx_hal_rcc_ex.o
LOAD ./Drivers/STM32H7xx_HAL_Driver/Src/stm32h7xx_hal_tim.o
LOAD ./Drivers/STM32H7xx_HAL_Driver/Src/stm32h7xx_hal_tim_ex.o
LOAD ./Drivers/STM32H7xx_HAL_Driver/Src/stm32h7xx_hal_uart.o
LOAD ./Drivers/STM32H7xx_HAL_Driver/Src/stm32h7xx_hal_uart_ex.o
LOAD ./Drivers/STM32H7xx_HAL_Driver/Src/stm32h7xx_ll_usb.o
LOAD ./Middlewares/ST/STM32_USB_Device_Library/Class/CDC/Src/usbd_cdc.o
LOAD ./Middlewares/ST/STM32_USB_Device_Library/Core/Src/usbd_core.o
LOAD ./Middlewares/ST/STM32_USB_Device_Library/Core/Src/usbd_ctlreq.o
LOAD ./Middlewares/ST/STM32_USB_Device_Library/Core/Src/usbd_ioreq.o
LOAD ./Middlewares/Third_Party/FreeRTOS/Source/CMSIS_RTOS/cmsis_os.o
LOAD ./Middlewares/Third_Party/FreeRTOS/Source/croutine.o
LOAD ./Middlewares/Third_Party/FreeRTOS/Source/event_groups.o
LOAD ./Middlewares/Third_Party/FreeRTOS/Source/list.o
LOAD ./Middlewares/Third_Party/FreeRTOS/Source/queue.o
LOAD ./Middlewares/Third_Party/FreeRTOS/Source/stream_buffer.o
LOAD ./Middlewares/Third_Party/FreeRTOS/Source/tasks.o
LOAD ./Middlewares/Third_Party/FreeRTOS/Source/timers.o
LOAD ./Middlewares/Third_Party/FreeRTOS/Source/portable/GCC/ARM_CM4F/port.o
LOAD ./Middlewares/Third_Party/FreeRTOS/Source/portable/MemMang/heap_4.o
LOAD ./USB_DEVICE/App/usb_device.o
LOAD ./USB_DEVICE/App/usbd_cdc_if.o
LOAD ./USB_DEVICE/App/usbd_desc.o
LOAD ./USB_DEVICE/Target/usbd_conf.o
START GROUP
LOAD C:/ST/STM32CubeIDE_1.17.0/STM32CubeIDE/plugins/com.st.stm32cube.ide.mcu.externaltools.gnu-tools-for-stm32.13.3.rel1.win32_1.0.0.202411081344/tools/bin/../lib/gcc/arm-none-eabi/13.3.1/../../../../arm-none-eabi/lib/thumb/v7e-m+dp/hard\libc_nano.a
LOAD C:/ST/STM32CubeIDE_1.17.0/STM32CubeIDE/plugins/com.st.stm32cube.ide.mcu.externaltools.gnu-tools-for-stm32.13.3.rel1.win32_1.0.0.202411081344/tools/bin/../lib/gcc/arm-none-eabi/13.3.1/../../../../arm-none-eabi/lib/thumb/v7e-m+dp/hard\libm.a
END GROUP
START GROUP
LOAD C:/ST/STM32CubeIDE_1.17.0/STM32CubeIDE/plugins/com.st.stm32cube.ide.mcu.externaltools.gnu-tools-for-stm32.13.3.rel1.win32_1.0.0.202411081344/tools/bin/../lib/gcc/arm-none-eabi/13.3.1/thumb/v7e-m+dp/hard\libgcc.a
LOAD C:/ST/STM32CubeIDE_1.17.0/STM32CubeIDE/plugins/com.st.stm32cube.ide.mcu.externaltools.gnu-tools-for-stm32.13.3.rel1.win32_1.0.0.202411081344/tools/bin/../lib/gcc/arm-none-eabi/13.3.1/../../../../arm-none-eabi/lib/thumb/v7e-m+dp/hard\libc_nano.a
END GROUP
START GROUP
LOAD C:/ST/STM32CubeIDE_1.17.0/STM32CubeIDE/plugins/com.st.stm32cube.ide.mcu.externaltools.gnu-tools-for-stm32.13.3.rel1.win32_1.0.0.202411081344/tools/bin/../lib/gcc/arm-none-eabi/13.3.1/thumb/v7e-m+dp/hard\libgcc.a
LOAD C:/ST/STM32CubeIDE_1.17.0/STM32CubeIDE/plugins/com.st.stm32cube.ide.mcu.externaltools.gnu-tools-for-stm32.13.3.rel1.win32_1.0.0.202411081344/tools/bin/../lib/gcc/arm-none-eabi/13.3.1/../../../../arm-none-eabi/lib/thumb/v7e-m+dp/hard\libc_nano.a
LOAD C:/ST/STM32CubeIDE_1.17.0/STM32CubeIDE/plugins/com.st.stm32cube.ide.mcu.externaltools.gnu-tools-for-stm32.13.3.rel1.win32_1.0.0.202411081344/tools/bin/../lib/gcc/arm-none-eabi/13.3.1/../../../../arm-none-eabi/lib/thumb/v7e-m+dp/hard\libnosys.a
END GROUP
START GROUP
LOAD C:/ST/STM32CubeIDE_1.17.0/STM32CubeIDE/plugins/com.st.stm32cube.ide.mcu.externaltools.gnu-tools-for-stm32.13.3.rel1.win32_1.0.0.202411081344/tools/bin/../lib/gcc/arm-none-eabi/13.3.1/thumb/v7e-m+dp/hard\libgcc.a
LOAD C:/ST/STM32CubeIDE_1.17.0/STM32CubeIDE/plugins/com.st.stm32cube.ide.mcu.externaltools.gnu-tools-for-stm32.13.3.rel1.win32_1.0.0.202411081344/tools/bin/../lib/gcc/arm-none-eabi/13.3.1/../../../../arm-none-eabi/lib/thumb/v7e-m+dp/hard\libc_nano.a
LOAD C:/ST/STM32CubeIDE_1.17.0/STM32CubeIDE/plugins/com.st.stm32cube.ide.mcu.externaltools.gnu-tools-for-stm32.13.3.rel1.win32_1.0.0.202411081344/tools/bin/../lib/gcc/arm-none-eabi/13.3.1/../../../../arm-none-eabi/lib/thumb/v7e-m+dp/hard\libnosys.a
END GROUP
LOAD C:/ST/STM32CubeIDE_1.17.0/STM32CubeIDE/plugins/com.st.stm32cube.ide.mcu.externaltools.gnu-tools-for-stm32.13.3.rel1.win32_1.0.0.202411081344/tools/bin/../lib/gcc/arm-none-eabi/13.3.1/thumb/v7e-m+dp/hard/crtend.o
LOAD C:/ST/STM32CubeIDE_1.17.0/STM32CubeIDE/plugins/com.st.stm32cube.ide.mcu.externaltools.gnu-tools-for-stm32.13.3.rel1.win32_1.0.0.202411081344/tools/bin/../lib/gcc/arm-none-eabi/13.3.1/thumb/v7e-m+dp/hard/crtn.o
                0x24080000                        _estack = (ORIGIN (RAM_D1) + LENGTH (RAM_D1))
                0x00000200                        _Min_Heap_Size = 0x200
                0x00000400                        _Min_Stack_Size = 0x400

.isr_vector     0x08000000      0x298
                0x08000000                        . = ALIGN (0x4)
 *(.isr_vector)
 .isr_vector    0x08000000      0x298 ./Core/Startup/startup_stm32h743vihx.o
                0x08000000                g_pfnVectors
                0x08000298                        . = ALIGN (0x4)

.text           0x080002a0    0x11868
                0x080002a0                        . = ALIGN (0x4)
 *(.text)
 .text          0x080002a0       0x40 C:/ST/STM32CubeIDE_1.17.0/STM32CubeIDE/plugins/com.st.stm32cube.ide.mcu.externaltools.gnu-tools-for-stm32.13.3.rel1.win32_1.0.0.202411081344/tools/bin/../lib/gcc/arm-none-eabi/13.3.1/thumb/v7e-m+dp/hard/crtbegin.o
 .text          0x080002e0       0x30 C:/ST/STM32CubeIDE_1.17.0/STM32CubeIDE/plugins/com.st.stm32cube.ide.mcu.externaltools.gnu-tools-for-stm32.13.3.rel1.win32_1.0.0.202411081344/tools/bin/../lib/gcc/arm-none-eabi/13.3.1/thumb/v7e-m+dp/hard\libgcc.a(_aeabi_uldivmod.o)
                0x080002e0                __aeabi_uldivmod
 .text          0x08000310      0x2f8 C:/ST/STM32CubeIDE_1.17.0/STM32CubeIDE/plugins/com.st.stm32cube.ide.mcu.externaltools.gnu-tools-for-stm32.13.3.rel1.win32_1.0.0.202411081344/tools/bin/../lib/gcc/arm-none-eabi/13.3.1/thumb/v7e-m+dp/hard\libgcc.a(_udivmoddi4.o)
                0x08000310                __udivmoddi4
 .text          0x08000608        0x4 C:/ST/STM32CubeIDE_1.17.0/STM32CubeIDE/plugins/com.st.stm32cube.ide.mcu.externaltools.gnu-tools-for-stm32.13.3.rel1.win32_1.0.0.202411081344/tools/bin/../lib/gcc/arm-none-eabi/13.3.1/thumb/v7e-m+dp/hard\libgcc.a(_dvmd_tls.o)
                0x08000608                __aeabi_idiv0
                0x08000608                __aeabi_ldiv0
 *(.text*)
 .text.MX_DMA_Init
                0x0800060c       0x40 ./Core/Src/dma.o
                0x0800060c                MX_DMA_Init
 .text.vApplicationGetIdleTaskMemory
                0x0800064c       0x34 ./Core/Src/freertos.o
                0x0800064c                vApplicationGetIdleTaskMemory
 .text.MX_FREERTOS_Init
                0x08000680       0x68 ./Core/Src/freertos.o
                0x08000680                MX_FREERTOS_Init
 .text.Startmaintask
                0x080006e8       0x28 ./Core/Src/freertos.o
                0x080006e8                Startmaintask
 .text.Startlidarparse
                0x08000710       0x2c ./Core/Src/freertos.o
                0x08000710                Startlidarparse
 .text.MX_GPIO_Init
                0x0800073c       0xc4 ./Core/Src/gpio.o
                0x0800073c                MX_GPIO_Init
 .text.main     0x08000800       0x54 ./Core/Src/main.o
                0x08000800                main
 .text.SystemClock_Config
                0x08000854       0xf8 ./Core/Src/main.o
                0x08000854                SystemClock_Config
 .text.MPU_Config
                0x0800094c       0x58 ./Core/Src/main.o
 .text.HAL_TIM_PeriodElapsedCallback
                0x080009a4       0x24 ./Core/Src/main.o
                0x080009a4                HAL_TIM_PeriodElapsedCallback
 .text.Error_Handler
                0x080009c8        0xc ./Core/Src/main.o
                0x080009c8                Error_Handler
 .text.HAL_MspInit
                0x080009d4       0x3c ./Core/Src/stm32h7xx_hal_msp.o
                0x080009d4                HAL_MspInit
 .text.HAL_InitTick
                0x08000a10       0xc4 ./Core/Src/stm32h7xx_hal_timebase_tim.o
                0x08000a10                HAL_InitTick
 .text.NMI_Handler
                0x08000ad4        0x8 ./Core/Src/stm32h7xx_it.o
                0x08000ad4                NMI_Handler
 .text.HardFault_Handler
                0x08000adc        0x8 ./Core/Src/stm32h7xx_it.o
                0x08000adc                HardFault_Handler
 .text.MemManage_Handler
                0x08000ae4        0x8 ./Core/Src/stm32h7xx_it.o
                0x08000ae4                MemManage_Handler
 .text.BusFault_Handler
                0x08000aec        0x8 ./Core/Src/stm32h7xx_it.o
                0x08000aec                BusFault_Handler
 .text.UsageFault_Handler
                0x08000af4        0x8 ./Core/Src/stm32h7xx_it.o
                0x08000af4                UsageFault_Handler
 .text.DebugMon_Handler
                0x08000afc        0xe ./Core/Src/stm32h7xx_it.o
                0x08000afc                DebugMon_Handler
 *fill*         0x08000b0a        0x2 
 .text.DMA1_Stream0_IRQHandler
                0x08000b0c       0x14 ./Core/Src/stm32h7xx_it.o
                0x08000b0c                DMA1_Stream0_IRQHandler
 .text.TIM1_UP_IRQHandler
                0x08000b20       0x14 ./Core/Src/stm32h7xx_it.o
                0x08000b20                TIM1_UP_IRQHandler
 .text.UART8_IRQHandler
                0x08000b34       0x14 ./Core/Src/stm32h7xx_it.o
                0x08000b34                UART8_IRQHandler
 .text.OTG_FS_IRQHandler
                0x08000b48       0x14 ./Core/Src/stm32h7xx_it.o
                0x08000b48                OTG_FS_IRQHandler
 .text.SystemInit
                0x08000b5c      0x140 ./Core/Src/system_stm32h7xx.o
                0x08000b5c                SystemInit
 .text.ExitRun0Mode
                0x08000c9c       0x30 ./Core/Src/system_stm32h7xx.o
                0x08000c9c                ExitRun0Mode
 .text.MX_TIM2_Init
                0x08000ccc       0xb0 ./Core/Src/tim.o
                0x08000ccc                MX_TIM2_Init
 .text.HAL_TIM_PWM_MspInit
                0x08000d7c       0x40 ./Core/Src/tim.o
                0x08000d7c                HAL_TIM_PWM_MspInit
 .text.HAL_TIM_MspPostInit
                0x08000dbc       0x74 ./Core/Src/tim.o
                0x08000dbc                HAL_TIM_MspPostInit
 .text.MX_UART8_Init
                0x08000e30       0x98 ./Core/Src/usart.o
                0x08000e30                MX_UART8_Init
 .text.HAL_UART_MspInit
                0x08000ec8      0x148 ./Core/Src/usart.o
                0x08000ec8                HAL_UART_MspInit
 .text.HAL_UART_RxHalfCpltCallback
                0x08001010       0x3c ./Core/Src/usart.o
                0x08001010                HAL_UART_RxHalfCpltCallback
 .text.HAL_UART_RxCpltCallback
                0x0800104c       0x3c ./Core/Src/usart.o
                0x0800104c                HAL_UART_RxCpltCallback
 .text.ylidar_fsm
                0x08001088      0x3c4 ./Core/Src/ylidar.o
                0x08001088                ylidar_fsm
 .text.Reset_Handler
                0x0800144c       0x54 ./Core/Startup/startup_stm32h743vihx.o
                0x0800144c                Reset_Handler
 .text.Default_Handler
                0x080014a0        0x2 ./Core/Startup/startup_stm32h743vihx.o
                0x080014a0                RTC_Alarm_IRQHandler
                0x080014a0                EXTI2_IRQHandler
                0x080014a0                TIM8_CC_IRQHandler
                0x080014a0                HRTIM1_Master_IRQHandler
                0x080014a0                SPI4_IRQHandler
                0x080014a0                TIM1_CC_IRQHandler
                0x080014a0                BDMA_Channel6_IRQHandler
                0x080014a0                DMA2_Stream5_IRQHandler
                0x080014a0                HRTIM1_FLT_IRQHandler
                0x080014a0                JPEG_IRQHandler
                0x080014a0                DMA1_Stream5_IRQHandler
                0x080014a0                BDMA_Channel1_IRQHandler
                0x080014a0                HRTIM1_TIMD_IRQHandler
                0x080014a0                TAMP_STAMP_IRQHandler
                0x080014a0                EXTI3_IRQHandler
                0x080014a0                LPTIM4_IRQHandler
                0x080014a0                TIM8_TRG_COM_TIM14_IRQHandler
                0x080014a0                LPTIM2_IRQHandler
                0x080014a0                DFSDM1_FLT1_IRQHandler
                0x080014a0                DMAMUX2_OVR_IRQHandler
                0x080014a0                TIM8_UP_TIM13_IRQHandler
                0x080014a0                I2C3_ER_IRQHandler
                0x080014a0                DFSDM1_FLT2_IRQHandler
                0x080014a0                MDMA_IRQHandler
                0x080014a0                LPTIM3_IRQHandler
                0x080014a0                HSEM1_IRQHandler
                0x080014a0                EXTI0_IRQHandler
                0x080014a0                I2C2_EV_IRQHandler
                0x080014a0                DMA1_Stream2_IRQHandler
                0x080014a0                FPU_IRQHandler
                0x080014a0                OTG_HS_WKUP_IRQHandler
                0x080014a0                FDCAN1_IT1_IRQHandler
                0x080014a0                LTDC_ER_IRQHandler
                0x080014a0                DMA2_Stream2_IRQHandler
                0x080014a0                HRTIM1_TIME_IRQHandler
                0x080014a0                SPI1_IRQHandler
                0x080014a0                TIM6_DAC_IRQHandler
                0x080014a0                DCMI_IRQHandler
                0x080014a0                HRTIM1_TIMC_IRQHandler
                0x080014a0                DMA2_Stream3_IRQHandler
                0x080014a0                SAI2_IRQHandler
                0x080014a0                DFSDM1_FLT3_IRQHandler
                0x080014a0                USART6_IRQHandler
                0x080014a0                TIM17_IRQHandler
                0x080014a0                USART3_IRQHandler
                0x080014a0                BDMA_Channel7_IRQHandler
                0x080014a0                LPTIM5_IRQHandler
                0x080014a0                UART5_IRQHandler
                0x080014a0                ADC3_IRQHandler
                0x080014a0                DMA2_Stream0_IRQHandler
                0x080014a0                TIM4_IRQHandler
                0x080014a0                BDMA_Channel2_IRQHandler
                0x080014a0                QUADSPI_IRQHandler
                0x080014a0                I2C1_EV_IRQHandler
                0x080014a0                DMA1_Stream6_IRQHandler
                0x080014a0                DMAMUX1_OVR_IRQHandler
                0x080014a0                DMA1_Stream1_IRQHandler
                0x080014a0                TIM16_IRQHandler
                0x080014a0                UART4_IRQHandler
                0x080014a0                BDMA_Channel5_IRQHandler
                0x080014a0                TIM3_IRQHandler
                0x080014a0                RCC_IRQHandler
                0x080014a0                TIM8_BRK_TIM12_IRQHandler
                0x080014a0                TIM1_TRG_COM_IRQHandler
                0x080014a0                Default_Handler
                0x080014a0                ECC_IRQHandler
                0x080014a0                CEC_IRQHandler
                0x080014a0                EXTI15_10_IRQHandler
                0x080014a0                BDMA_Channel0_IRQHandler
                0x080014a0                ADC_IRQHandler
                0x080014a0                DMA1_Stream7_IRQHandler
                0x080014a0                HRTIM1_TIMA_IRQHandler
                0x080014a0                SPI5_IRQHandler
                0x080014a0                TIM7_IRQHandler
                0x080014a0                SDMMC1_IRQHandler
                0x080014a0                TIM5_IRQHandler
                0x080014a0                DMA2_Stream7_IRQHandler
                0x080014a0                TIM15_IRQHandler
                0x080014a0                PVD_AVD_IRQHandler
                0x080014a0                I2C3_EV_IRQHandler
                0x080014a0                EXTI9_5_IRQHandler
                0x080014a0                RTC_WKUP_IRQHandler
                0x080014a0                LTDC_IRQHandler
                0x080014a0                SAI3_IRQHandler
                0x080014a0                ETH_WKUP_IRQHandler
                0x080014a0                SPDIF_RX_IRQHandler
                0x080014a0                SPI2_IRQHandler
                0x080014a0                OTG_HS_EP1_IN_IRQHandler
                0x080014a0                CRS_IRQHandler
                0x080014a0                EXTI4_IRQHandler
                0x080014a0                RNG_IRQHandler
                0x080014a0                HRTIM1_TIMB_IRQHandler
                0x080014a0                FDCAN2_IT1_IRQHandler
                0x080014a0                ETH_IRQHandler
                0x080014a0                BDMA_Channel4_IRQHandler
                0x080014a0                OTG_HS_EP1_OUT_IRQHandler
                0x080014a0                WWDG_IRQHandler
                0x080014a0                SPI6_IRQHandler
                0x080014a0                MDIOS_IRQHandler
                0x080014a0                I2C4_EV_IRQHandler
                0x080014a0                FDCAN2_IT0_IRQHandler
                0x080014a0                LPUART1_IRQHandler
                0x080014a0                FDCAN1_IT0_IRQHandler
                0x080014a0                TIM2_IRQHandler
                0x080014a0                OTG_FS_WKUP_IRQHandler
                0x080014a0                OTG_HS_IRQHandler
                0x080014a0                DMA2D_IRQHandler
                0x080014a0                TIM1_BRK_IRQHandler
                0x080014a0                EXTI1_IRQHandler
                0x080014a0                SDMMC2_IRQHandler
                0x080014a0                OTG_FS_EP1_OUT_IRQHandler
                0x080014a0                BDMA_Channel3_IRQHandler
                0x080014a0                UART7_IRQHandler
                0x080014a0                MDIOS_WKUP_IRQHandler
                0x080014a0                USART2_IRQHandler
                0x080014a0                DFSDM1_FLT0_IRQHandler
                0x080014a0                SAI4_IRQHandler
                0x080014a0                I2C2_ER_IRQHandler
                0x080014a0                DMA2_Stream1_IRQHandler
                0x080014a0                FLASH_IRQHandler
                0x080014a0                DMA2_Stream4_IRQHandler
                0x080014a0                USART1_IRQHandler
                0x080014a0                SPI3_IRQHandler
                0x080014a0                WAKEUP_PIN_IRQHandler
                0x080014a0                DMA1_Stream4_IRQHandler
                0x080014a0                OTG_FS_EP1_IN_IRQHandler
                0x080014a0                I2C1_ER_IRQHandler
                0x080014a0                FMC_IRQHandler
                0x080014a0                FDCAN_CAL_IRQHandler
                0x080014a0                SWPMI1_IRQHandler
                0x080014a0                COMP1_IRQHandler
                0x080014a0                LPTIM1_IRQHandler
                0x080014a0                I2C4_ER_IRQHandler
                0x080014a0                DMA2_Stream6_IRQHandler
                0x080014a0                SAI1_IRQHandler
                0x080014a0                DMA1_Stream3_IRQHandler
 *fill*         0x080014a2        0x2 
 .text.HAL_Init
                0x080014a4       0x78 ./Drivers/STM32H7xx_HAL_Driver/Src/stm32h7xx_hal.o
                0x080014a4                HAL_Init
 .text.HAL_IncTick
                0x0800151c       0x28 ./Drivers/STM32H7xx_HAL_Driver/Src/stm32h7xx_hal.o
                0x0800151c                HAL_IncTick
 .text.HAL_GetTick
                0x08001544       0x18 ./Drivers/STM32H7xx_HAL_Driver/Src/stm32h7xx_hal.o
                0x08001544                HAL_GetTick
 .text.HAL_Delay
                0x0800155c       0x48 ./Drivers/STM32H7xx_HAL_Driver/Src/stm32h7xx_hal.o
                0x0800155c                HAL_Delay
 .text.HAL_GetREVID
                0x080015a4       0x18 ./Drivers/STM32H7xx_HAL_Driver/Src/stm32h7xx_hal.o
                0x080015a4                HAL_GetREVID
 .text.__NVIC_SetPriorityGrouping
                0x080015bc       0x48 ./Drivers/STM32H7xx_HAL_Driver/Src/stm32h7xx_hal_cortex.o
 .text.__NVIC_GetPriorityGrouping
                0x08001604       0x1c ./Drivers/STM32H7xx_HAL_Driver/Src/stm32h7xx_hal_cortex.o
 .text.__NVIC_EnableIRQ
                0x08001620       0x3c ./Drivers/STM32H7xx_HAL_Driver/Src/stm32h7xx_hal_cortex.o
 .text.__NVIC_SetPriority
                0x0800165c       0x54 ./Drivers/STM32H7xx_HAL_Driver/Src/stm32h7xx_hal_cortex.o
 .text.NVIC_EncodePriority
                0x080016b0       0x66 ./Drivers/STM32H7xx_HAL_Driver/Src/stm32h7xx_hal_cortex.o
 .text.HAL_NVIC_SetPriorityGrouping
                0x08001716       0x16 ./Drivers/STM32H7xx_HAL_Driver/Src/stm32h7xx_hal_cortex.o
                0x08001716                HAL_NVIC_SetPriorityGrouping
 .text.HAL_NVIC_SetPriority
                0x0800172c       0x34 ./Drivers/STM32H7xx_HAL_Driver/Src/stm32h7xx_hal_cortex.o
                0x0800172c                HAL_NVIC_SetPriority
 .text.HAL_NVIC_EnableIRQ
                0x08001760       0x1c ./Drivers/STM32H7xx_HAL_Driver/Src/stm32h7xx_hal_cortex.o
                0x08001760                HAL_NVIC_EnableIRQ
 .text.HAL_MPU_Disable
                0x0800177c       0x30 ./Drivers/STM32H7xx_HAL_Driver/Src/stm32h7xx_hal_cortex.o
                0x0800177c                HAL_MPU_Disable
 .text.HAL_MPU_Enable
                0x080017ac       0x40 ./Drivers/STM32H7xx_HAL_Driver/Src/stm32h7xx_hal_cortex.o
                0x080017ac                HAL_MPU_Enable
 .text.HAL_MPU_ConfigRegion
                0x080017ec       0x80 ./Drivers/STM32H7xx_HAL_Driver/Src/stm32h7xx_hal_cortex.o
                0x080017ec                HAL_MPU_ConfigRegion
 .text.HAL_DMA_Init
                0x0800186c      0x6b8 ./Drivers/STM32H7xx_HAL_Driver/Src/stm32h7xx_hal_dma.o
                0x0800186c                HAL_DMA_Init
 .text.HAL_DMA_Start_IT
                0x08001f24      0x4d4 ./Drivers/STM32H7xx_HAL_Driver/Src/stm32h7xx_hal_dma.o
                0x08001f24                HAL_DMA_Start_IT
 .text.HAL_DMA_Abort
                0x080023f8      0x63c ./Drivers/STM32H7xx_HAL_Driver/Src/stm32h7xx_hal_dma.o
                0x080023f8                HAL_DMA_Abort
 .text.HAL_DMA_Abort_IT
                0x08002a34      0x48c ./Drivers/STM32H7xx_HAL_Driver/Src/stm32h7xx_hal_dma.o
                0x08002a34                HAL_DMA_Abort_IT
 .text.HAL_DMA_IRQHandler
                0x08002ec0      0xe54 ./Drivers/STM32H7xx_HAL_Driver/Src/stm32h7xx_hal_dma.o
                0x08002ec0                HAL_DMA_IRQHandler
 .text.HAL_DMA_GetError
                0x08003d14       0x18 ./Drivers/STM32H7xx_HAL_Driver/Src/stm32h7xx_hal_dma.o
                0x08003d14                HAL_DMA_GetError
 .text.DMA_SetConfig
                0x08003d2c      0x358 ./Drivers/STM32H7xx_HAL_Driver/Src/stm32h7xx_hal_dma.o
 .text.DMA_CalcBaseAndBitshift
                0x08004084      0x164 ./Drivers/STM32H7xx_HAL_Driver/Src/stm32h7xx_hal_dma.o
 .text.DMA_CheckFifoParam
                0x080041e8       0xf8 ./Drivers/STM32H7xx_HAL_Driver/Src/stm32h7xx_hal_dma.o
 .text.DMA_CalcDMAMUXChannelBaseAndMask
                0x080042e0      0x134 ./Drivers/STM32H7xx_HAL_Driver/Src/stm32h7xx_hal_dma.o
 .text.DMA_CalcDMAMUXRequestGenBaseAndMask
                0x08004414       0xe8 ./Drivers/STM32H7xx_HAL_Driver/Src/stm32h7xx_hal_dma.o
 .text.HAL_GPIO_Init
                0x080044fc      0x360 ./Drivers/STM32H7xx_HAL_Driver/Src/stm32h7xx_hal_gpio.o
                0x080044fc                HAL_GPIO_Init
 .text.HAL_GPIO_WritePin
                0x0800485c       0x32 ./Drivers/STM32H7xx_HAL_Driver/Src/stm32h7xx_hal_gpio.o
                0x0800485c                HAL_GPIO_WritePin
 .text.HAL_PCD_Init
                0x0800488e      0x218 ./Drivers/STM32H7xx_HAL_Driver/Src/stm32h7xx_hal_pcd.o
                0x0800488e                HAL_PCD_Init
 .text.HAL_PCD_Start
                0x08004aa6       0x6a ./Drivers/STM32H7xx_HAL_Driver/Src/stm32h7xx_hal_pcd.o
                0x08004aa6                HAL_PCD_Start
 .text.HAL_PCD_IRQHandler
                0x08004b10      0x99c ./Drivers/STM32H7xx_HAL_Driver/Src/stm32h7xx_hal_pcd.o
                0x08004b10                HAL_PCD_IRQHandler
 .text.HAL_PCD_SetAddress
                0x080054ac       0x48 ./Drivers/STM32H7xx_HAL_Driver/Src/stm32h7xx_hal_pcd.o
                0x080054ac                HAL_PCD_SetAddress
 .text.HAL_PCD_EP_Open
                0x080054f4       0xd4 ./Drivers/STM32H7xx_HAL_Driver/Src/stm32h7xx_hal_pcd.o
                0x080054f4                HAL_PCD_EP_Open
 .text.HAL_PCD_EP_Close
                0x080055c8       0x94 ./Drivers/STM32H7xx_HAL_Driver/Src/stm32h7xx_hal_pcd.o
                0x080055c8                HAL_PCD_EP_Close
 .text.HAL_PCD_EP_Receive
                0x0800565c       0x76 ./Drivers/STM32H7xx_HAL_Driver/Src/stm32h7xx_hal_pcd.o
                0x0800565c                HAL_PCD_EP_Receive
 .text.HAL_PCD_EP_GetRxCount
                0x080056d2       0x30 ./Drivers/STM32H7xx_HAL_Driver/Src/stm32h7xx_hal_pcd.o
                0x080056d2                HAL_PCD_EP_GetRxCount
 .text.HAL_PCD_EP_Transmit
                0x08005702       0x74 ./Drivers/STM32H7xx_HAL_Driver/Src/stm32h7xx_hal_pcd.o
                0x08005702                HAL_PCD_EP_Transmit
 .text.HAL_PCD_EP_SetStall
                0x08005776       0xc6 ./Drivers/STM32H7xx_HAL_Driver/Src/stm32h7xx_hal_pcd.o
                0x08005776                HAL_PCD_EP_SetStall
 .text.HAL_PCD_EP_ClrStall
                0x0800583c       0xac ./Drivers/STM32H7xx_HAL_Driver/Src/stm32h7xx_hal_pcd.o
                0x0800583c                HAL_PCD_EP_ClrStall
 .text.HAL_PCD_EP_Abort
                0x080058e8       0x62 ./Drivers/STM32H7xx_HAL_Driver/Src/stm32h7xx_hal_pcd.o
                0x080058e8                HAL_PCD_EP_Abort
 .text.PCD_WriteEmptyTxFifo
                0x0800594a      0x118 ./Drivers/STM32H7xx_HAL_Driver/Src/stm32h7xx_hal_pcd.o
 *fill*         0x08005a62        0x2 
 .text.PCD_EP_OutXfrComplete_int
                0x08005a64      0x1d0 ./Drivers/STM32H7xx_HAL_Driver/Src/stm32h7xx_hal_pcd.o
 .text.PCD_EP_OutSetupPacket_int
                0x08005c34       0x8c ./Drivers/STM32H7xx_HAL_Driver/Src/stm32h7xx_hal_pcd.o
 .text.HAL_PCDEx_SetTxFiFo
                0x08005cc0       0x8e ./Drivers/STM32H7xx_HAL_Driver/Src/stm32h7xx_hal_pcd_ex.o
                0x08005cc0                HAL_PCDEx_SetTxFiFo
 .text.HAL_PCDEx_SetRxFiFo
                0x08005d4e       0x22 ./Drivers/STM32H7xx_HAL_Driver/Src/stm32h7xx_hal_pcd_ex.o
                0x08005d4e                HAL_PCDEx_SetRxFiFo
 .text.HAL_PCDEx_ActivateLPM
                0x08005d70       0x48 ./Drivers/STM32H7xx_HAL_Driver/Src/stm32h7xx_hal_pcd_ex.o
                0x08005d70                HAL_PCDEx_ActivateLPM
 .text.HAL_PCDEx_LPM_Callback
                0x08005db8       0x18 ./Drivers/STM32H7xx_HAL_Driver/Src/stm32h7xx_hal_pcd_ex.o
                0x08005db8                HAL_PCDEx_LPM_Callback
 .text.HAL_PWREx_ConfigSupply
                0x08005dd0       0x74 ./Drivers/STM32H7xx_HAL_Driver/Src/stm32h7xx_hal_pwr_ex.o
                0x08005dd0                HAL_PWREx_ConfigSupply
 .text.HAL_PWREx_EnableUSBVoltageDetector
                0x08005e44       0x20 ./Drivers/STM32H7xx_HAL_Driver/Src/stm32h7xx_hal_pwr_ex.o
                0x08005e44                HAL_PWREx_EnableUSBVoltageDetector
 .text.HAL_RCC_OscConfig
                0x08005e64      0x8b4 ./Drivers/STM32H7xx_HAL_Driver/Src/stm32h7xx_hal_rcc.o
                0x08005e64                HAL_RCC_OscConfig
 .text.HAL_RCC_ClockConfig
                0x08006718      0x36c ./Drivers/STM32H7xx_HAL_Driver/Src/stm32h7xx_hal_rcc.o
                0x08006718                HAL_RCC_ClockConfig
 .text.HAL_RCC_GetSysClockFreq
                0x08006a84      0x2f4 ./Drivers/STM32H7xx_HAL_Driver/Src/stm32h7xx_hal_rcc.o
                0x08006a84                HAL_RCC_GetSysClockFreq
 .text.HAL_RCC_GetHCLKFreq
                0x08006d78       0x60 ./Drivers/STM32H7xx_HAL_Driver/Src/stm32h7xx_hal_rcc.o
                0x08006d78                HAL_RCC_GetHCLKFreq
 .text.HAL_RCC_GetPCLK1Freq
                0x08006dd8       0x2c ./Drivers/STM32H7xx_HAL_Driver/Src/stm32h7xx_hal_rcc.o
                0x08006dd8                HAL_RCC_GetPCLK1Freq
 .text.HAL_RCC_GetPCLK2Freq
                0x08006e04       0x2c ./Drivers/STM32H7xx_HAL_Driver/Src/stm32h7xx_hal_rcc.o
                0x08006e04                HAL_RCC_GetPCLK2Freq
 .text.HAL_RCC_GetClockConfig
                0x08006e30       0x84 ./Drivers/STM32H7xx_HAL_Driver/Src/stm32h7xx_hal_rcc.o
                0x08006e30                HAL_RCC_GetClockConfig
 .text.HAL_RCCEx_PeriphCLKConfig
                0x08006eb4     0x1414 ./Drivers/STM32H7xx_HAL_Driver/Src/stm32h7xx_hal_rcc_ex.o
                0x08006eb4                HAL_RCCEx_PeriphCLKConfig
 .text.HAL_RCCEx_GetD3PCLK1Freq
                0x080082c8       0x2c ./Drivers/STM32H7xx_HAL_Driver/Src/stm32h7xx_hal_rcc_ex.o
                0x080082c8                HAL_RCCEx_GetD3PCLK1Freq
 .text.HAL_RCCEx_GetPLL2ClockFreq
                0x080082f4      0x2a8 ./Drivers/STM32H7xx_HAL_Driver/Src/stm32h7xx_hal_rcc_ex.o
                0x080082f4                HAL_RCCEx_GetPLL2ClockFreq
 .text.HAL_RCCEx_GetPLL3ClockFreq
                0x0800859c      0x2a8 ./Drivers/STM32H7xx_HAL_Driver/Src/stm32h7xx_hal_rcc_ex.o
                0x0800859c                HAL_RCCEx_GetPLL3ClockFreq
 .text.RCCEx_PLL2_Config
                0x08008844      0x164 ./Drivers/STM32H7xx_HAL_Driver/Src/stm32h7xx_hal_rcc_ex.o
 .text.RCCEx_PLL3_Config
                0x080089a8      0x164 ./Drivers/STM32H7xx_HAL_Driver/Src/stm32h7xx_hal_rcc_ex.o
 .text.HAL_TIM_Base_Init
                0x08008b0c       0xae ./Drivers/STM32H7xx_HAL_Driver/Src/stm32h7xx_hal_tim.o
                0x08008b0c                HAL_TIM_Base_Init
 .text.HAL_TIM_Base_MspInit
                0x08008bba       0x14 ./Drivers/STM32H7xx_HAL_Driver/Src/stm32h7xx_hal_tim.o
                0x08008bba                HAL_TIM_Base_MspInit
 *fill*         0x08008bce        0x2 
 .text.HAL_TIM_Base_Start_IT
                0x08008bd0       0xf0 ./Drivers/STM32H7xx_HAL_Driver/Src/stm32h7xx_hal_tim.o
                0x08008bd0                HAL_TIM_Base_Start_IT
 .text.HAL_TIM_PWM_Init
                0x08008cc0       0xae ./Drivers/STM32H7xx_HAL_Driver/Src/stm32h7xx_hal_tim.o
                0x08008cc0                HAL_TIM_PWM_Init
 *fill*         0x08008d6e        0x2 
 .text.HAL_TIM_PWM_Start
                0x08008d70      0x21c ./Drivers/STM32H7xx_HAL_Driver/Src/stm32h7xx_hal_tim.o
                0x08008d70                HAL_TIM_PWM_Start
 .text.HAL_TIM_IRQHandler
                0x08008f8c      0x20e ./Drivers/STM32H7xx_HAL_Driver/Src/stm32h7xx_hal_tim.o
                0x08008f8c                HAL_TIM_IRQHandler
 *fill*         0x0800919a        0x2 
 .text.HAL_TIM_PWM_ConfigChannel
                0x0800919c      0x228 ./Drivers/STM32H7xx_HAL_Driver/Src/stm32h7xx_hal_tim.o
                0x0800919c                HAL_TIM_PWM_ConfigChannel
 .text.HAL_TIM_OC_DelayElapsedCallback
                0x080093c4       0x14 ./Drivers/STM32H7xx_HAL_Driver/Src/stm32h7xx_hal_tim.o
                0x080093c4                HAL_TIM_OC_DelayElapsedCallback
 .text.HAL_TIM_IC_CaptureCallback
                0x080093d8       0x14 ./Drivers/STM32H7xx_HAL_Driver/Src/stm32h7xx_hal_tim.o
                0x080093d8                HAL_TIM_IC_CaptureCallback
 .text.HAL_TIM_PWM_PulseFinishedCallback
                0x080093ec       0x14 ./Drivers/STM32H7xx_HAL_Driver/Src/stm32h7xx_hal_tim.o
                0x080093ec                HAL_TIM_PWM_PulseFinishedCallback
 .text.HAL_TIM_TriggerCallback
                0x08009400       0x14 ./Drivers/STM32H7xx_HAL_Driver/Src/stm32h7xx_hal_tim.o
                0x08009400                HAL_TIM_TriggerCallback
 .text.TIM_Base_SetConfig
                0x08009414      0x140 ./Drivers/STM32H7xx_HAL_Driver/Src/stm32h7xx_hal_tim.o
                0x08009414                TIM_Base_SetConfig
 .text.TIM_OC1_SetConfig
                0x08009554      0x120 ./Drivers/STM32H7xx_HAL_Driver/Src/stm32h7xx_hal_tim.o
 .text.TIM_OC2_SetConfig
                0x08009674      0x114 ./Drivers/STM32H7xx_HAL_Driver/Src/stm32h7xx_hal_tim.o
                0x08009674                TIM_OC2_SetConfig
 .text.TIM_OC3_SetConfig
                0x08009788      0x110 ./Drivers/STM32H7xx_HAL_Driver/Src/stm32h7xx_hal_tim.o
 .text.TIM_OC4_SetConfig
                0x08009898       0xd4 ./Drivers/STM32H7xx_HAL_Driver/Src/stm32h7xx_hal_tim.o
 .text.TIM_OC5_SetConfig
                0x0800996c       0xc8 ./Drivers/STM32H7xx_HAL_Driver/Src/stm32h7xx_hal_tim.o
 .text.TIM_OC6_SetConfig
                0x08009a34       0xcc ./Drivers/STM32H7xx_HAL_Driver/Src/stm32h7xx_hal_tim.o
 .text.TIM_CCxChannelCmd
                0x08009b00       0x4a ./Drivers/STM32H7xx_HAL_Driver/Src/stm32h7xx_hal_tim.o
                0x08009b00                TIM_CCxChannelCmd
 *fill*         0x08009b4a        0x2 
 .text.HAL_TIMEx_MasterConfigSynchronization
                0x08009b4c      0x11c ./Drivers/STM32H7xx_HAL_Driver/Src/stm32h7xx_hal_tim_ex.o
                0x08009b4c                HAL_TIMEx_MasterConfigSynchronization
 .text.HAL_TIMEx_CommutCallback
                0x08009c68       0x14 ./Drivers/STM32H7xx_HAL_Driver/Src/stm32h7xx_hal_tim_ex.o
                0x08009c68                HAL_TIMEx_CommutCallback
 .text.HAL_TIMEx_BreakCallback
                0x08009c7c       0x14 ./Drivers/STM32H7xx_HAL_Driver/Src/stm32h7xx_hal_tim_ex.o
                0x08009c7c                HAL_TIMEx_BreakCallback
 .text.HAL_TIMEx_Break2Callback
                0x08009c90       0x14 ./Drivers/STM32H7xx_HAL_Driver/Src/stm32h7xx_hal_tim_ex.o
                0x08009c90                HAL_TIMEx_Break2Callback
 .text.HAL_UART_Init
                0x08009ca4       0xa0 ./Drivers/STM32H7xx_HAL_Driver/Src/stm32h7xx_hal_uart.o
                0x08009ca4                HAL_UART_Init
 .text.HAL_UART_Receive_DMA
                0x08009d44       0x98 ./Drivers/STM32H7xx_HAL_Driver/Src/stm32h7xx_hal_uart.o
                0x08009d44                HAL_UART_Receive_DMA
 .text.HAL_UART_Abort
                0x08009ddc      0x21c ./Drivers/STM32H7xx_HAL_Driver/Src/stm32h7xx_hal_uart.o
                0x08009ddc                HAL_UART_Abort
 .text.HAL_UART_IRQHandler
                0x08009ff8      0x7ac ./Drivers/STM32H7xx_HAL_Driver/Src/stm32h7xx_hal_uart.o
                0x08009ff8                HAL_UART_IRQHandler
 .text.HAL_UART_TxCpltCallback
                0x0800a7a4       0x14 ./Drivers/STM32H7xx_HAL_Driver/Src/stm32h7xx_hal_uart.o
                0x0800a7a4                HAL_UART_TxCpltCallback
 .text.HAL_UART_ErrorCallback
                0x0800a7b8       0x14 ./Drivers/STM32H7xx_HAL_Driver/Src/stm32h7xx_hal_uart.o
                0x0800a7b8                HAL_UART_ErrorCallback
 .text.HAL_UARTEx_RxEventCallback
                0x0800a7cc       0x18 ./Drivers/STM32H7xx_HAL_Driver/Src/stm32h7xx_hal_uart.o
                0x0800a7cc                HAL_UARTEx_RxEventCallback
 .text.UART_SetConfig
                0x0800a7e4      0xad0 ./Drivers/STM32H7xx_HAL_Driver/Src/stm32h7xx_hal_uart.o
                0x0800a7e4                UART_SetConfig
 .text.UART_AdvFeatureConfig
                0x0800b2b4      0x144 ./Drivers/STM32H7xx_HAL_Driver/Src/stm32h7xx_hal_uart.o
                0x0800b2b4                UART_AdvFeatureConfig
 .text.UART_CheckIdleState
                0x0800b3f8      0x154 ./Drivers/STM32H7xx_HAL_Driver/Src/stm32h7xx_hal_uart.o
                0x0800b3f8                UART_CheckIdleState
 .text.UART_WaitOnFlagUntilTimeout
                0x0800b54c       0xda ./Drivers/STM32H7xx_HAL_Driver/Src/stm32h7xx_hal_uart.o
                0x0800b54c                UART_WaitOnFlagUntilTimeout
 *fill*         0x0800b626        0x2 
 .text.UART_Start_Receive_DMA
                0x0800b628      0x14c ./Drivers/STM32H7xx_HAL_Driver/Src/stm32h7xx_hal_uart.o
                0x0800b628                UART_Start_Receive_DMA
 .text.UART_EndTxTransfer
                0x0800b774       0x82 ./Drivers/STM32H7xx_HAL_Driver/Src/stm32h7xx_hal_uart.o
 *fill*         0x0800b7f6        0x2 
 .text.UART_EndRxTransfer
                0x0800b7f8       0xcc ./Drivers/STM32H7xx_HAL_Driver/Src/stm32h7xx_hal_uart.o
 .text.UART_DMAReceiveCplt
                0x0800b8c4      0x128 ./Drivers/STM32H7xx_HAL_Driver/Src/stm32h7xx_hal_uart.o
 .text.UART_DMARxHalfCplt
                0x0800b9ec       0x3e ./Drivers/STM32H7xx_HAL_Driver/Src/stm32h7xx_hal_uart.o
 .text.UART_DMAError
                0x0800ba2a       0x80 ./Drivers/STM32H7xx_HAL_Driver/Src/stm32h7xx_hal_uart.o
 .text.UART_DMAAbortOnError
                0x0800baaa       0x24 ./Drivers/STM32H7xx_HAL_Driver/Src/stm32h7xx_hal_uart.o
 .text.UART_EndTransmit_IT
                0x0800bace       0x56 ./Drivers/STM32H7xx_HAL_Driver/Src/stm32h7xx_hal_uart.o
 .text.HAL_UARTEx_WakeupCallback
                0x0800bb24       0x14 ./Drivers/STM32H7xx_HAL_Driver/Src/stm32h7xx_hal_uart_ex.o
                0x0800bb24                HAL_UARTEx_WakeupCallback
 .text.HAL_UARTEx_RxFifoFullCallback
                0x0800bb38       0x14 ./Drivers/STM32H7xx_HAL_Driver/Src/stm32h7xx_hal_uart_ex.o
                0x0800bb38                HAL_UARTEx_RxFifoFullCallback
 .text.HAL_UARTEx_TxFifoEmptyCallback
                0x0800bb4c       0x14 ./Drivers/STM32H7xx_HAL_Driver/Src/stm32h7xx_hal_uart_ex.o
                0x0800bb4c                HAL_UARTEx_TxFifoEmptyCallback
 .text.HAL_UARTEx_DisableFifoMode
                0x0800bb60       0x72 ./Drivers/STM32H7xx_HAL_Driver/Src/stm32h7xx_hal_uart_ex.o
                0x0800bb60                HAL_UARTEx_DisableFifoMode
 .text.HAL_UARTEx_SetTxFifoThreshold
                0x0800bbd2       0x7c ./Drivers/STM32H7xx_HAL_Driver/Src/stm32h7xx_hal_uart_ex.o
                0x0800bbd2                HAL_UARTEx_SetTxFifoThreshold
 .text.HAL_UARTEx_SetRxFifoThreshold
                0x0800bc4e       0x7c ./Drivers/STM32H7xx_HAL_Driver/Src/stm32h7xx_hal_uart_ex.o
                0x0800bc4e                HAL_UARTEx_SetRxFifoThreshold
 *fill*         0x0800bcca        0x2 
 .text.UARTEx_SetNbDataToProcess
                0x0800bccc       0x9c ./Drivers/STM32H7xx_HAL_Driver/Src/stm32h7xx_hal_uart_ex.o
 .text.USB_CoreInit
                0x0800bd68       0xe4 ./Drivers/STM32H7xx_HAL_Driver/Src/stm32h7xx_ll_usb.o
                0x0800bd68                USB_CoreInit
 .text.USB_SetTurnaroundTime
                0x0800be4c      0x144 ./Drivers/STM32H7xx_HAL_Driver/Src/stm32h7xx_ll_usb.o
                0x0800be4c                USB_SetTurnaroundTime
 .text.USB_EnableGlobalInt
                0x0800bf90       0x22 ./Drivers/STM32H7xx_HAL_Driver/Src/stm32h7xx_ll_usb.o
                0x0800bf90                USB_EnableGlobalInt
 .text.USB_DisableGlobalInt
                0x0800bfb2       0x22 ./Drivers/STM32H7xx_HAL_Driver/Src/stm32h7xx_ll_usb.o
                0x0800bfb2                USB_DisableGlobalInt
 .text.USB_SetCurrentMode
                0x0800bfd4       0x98 ./Drivers/STM32H7xx_HAL_Driver/Src/stm32h7xx_ll_usb.o
                0x0800bfd4                USB_SetCurrentMode
 .text.USB_DevInit
                0x0800c06c      0x2bc ./Drivers/STM32H7xx_HAL_Driver/Src/stm32h7xx_ll_usb.o
                0x0800c06c                USB_DevInit
 .text.USB_FlushTxFifo
                0x0800c328       0x64 ./Drivers/STM32H7xx_HAL_Driver/Src/stm32h7xx_ll_usb.o
                0x0800c328                USB_FlushTxFifo
 .text.USB_FlushRxFifo
                0x0800c38c       0x5c ./Drivers/STM32H7xx_HAL_Driver/Src/stm32h7xx_ll_usb.o
                0x0800c38c                USB_FlushRxFifo
 .text.USB_SetDevSpeed
                0x0800c3e8       0x32 ./Drivers/STM32H7xx_HAL_Driver/Src/stm32h7xx_ll_usb.o
                0x0800c3e8                USB_SetDevSpeed
 .text.USB_GetDevSpeed
                0x0800c41a       0x4a ./Drivers/STM32H7xx_HAL_Driver/Src/stm32h7xx_ll_usb.o
                0x0800c41a                USB_GetDevSpeed
 .text.USB_ActivateEndpoint
                0x0800c464      0x110 ./Drivers/STM32H7xx_HAL_Driver/Src/stm32h7xx_ll_usb.o
                0x0800c464                USB_ActivateEndpoint
 .text.USB_DeactivateEndpoint
                0x0800c574      0x1b8 ./Drivers/STM32H7xx_HAL_Driver/Src/stm32h7xx_ll_usb.o
                0x0800c574                USB_DeactivateEndpoint
 .text.USB_EPStartXfer
                0x0800c72c      0x548 ./Drivers/STM32H7xx_HAL_Driver/Src/stm32h7xx_ll_usb.o
                0x0800c72c                USB_EPStartXfer
 .text.USB_EPStopXfer
                0x0800cc74      0x154 ./Drivers/STM32H7xx_HAL_Driver/Src/stm32h7xx_ll_usb.o
                0x0800cc74                USB_EPStopXfer
 .text.USB_WritePacket
                0x0800cdc8       0x7c ./Drivers/STM32H7xx_HAL_Driver/Src/stm32h7xx_ll_usb.o
                0x0800cdc8                USB_WritePacket
 .text.USB_ReadPacket
                0x0800ce44       0xb0 ./Drivers/STM32H7xx_HAL_Driver/Src/stm32h7xx_ll_usb.o
                0x0800ce44                USB_ReadPacket
 .text.USB_EPSetStall
                0x0800cef4       0xdc ./Drivers/STM32H7xx_HAL_Driver/Src/stm32h7xx_ll_usb.o
                0x0800cef4                USB_EPSetStall
 .text.USB_EPClearStall
                0x0800cfd0       0xcc ./Drivers/STM32H7xx_HAL_Driver/Src/stm32h7xx_ll_usb.o
                0x0800cfd0                USB_EPClearStall
 .text.USB_SetDevAddress
                0x0800d09c       0x4c ./Drivers/STM32H7xx_HAL_Driver/Src/stm32h7xx_ll_usb.o
                0x0800d09c                USB_SetDevAddress
 .text.USB_DevConnect
                0x0800d0e8       0x42 ./Drivers/STM32H7xx_HAL_Driver/Src/stm32h7xx_ll_usb.o
                0x0800d0e8                USB_DevConnect
 .text.USB_DevDisconnect
                0x0800d12a       0x42 ./Drivers/STM32H7xx_HAL_Driver/Src/stm32h7xx_ll_usb.o
                0x0800d12a                USB_DevDisconnect
 .text.USB_ReadInterrupts
                0x0800d16c       0x26 ./Drivers/STM32H7xx_HAL_Driver/Src/stm32h7xx_ll_usb.o
                0x0800d16c                USB_ReadInterrupts
 .text.USB_ReadDevAllOutEpInterrupt
                0x0800d192       0x34 ./Drivers/STM32H7xx_HAL_Driver/Src/stm32h7xx_ll_usb.o
                0x0800d192                USB_ReadDevAllOutEpInterrupt
 .text.USB_ReadDevAllInEpInterrupt
                0x0800d1c6       0x34 ./Drivers/STM32H7xx_HAL_Driver/Src/stm32h7xx_ll_usb.o
                0x0800d1c6                USB_ReadDevAllInEpInterrupt
 .text.USB_ReadDevOutEPInterrupt
                0x0800d1fa       0x3c ./Drivers/STM32H7xx_HAL_Driver/Src/stm32h7xx_ll_usb.o
                0x0800d1fa                USB_ReadDevOutEPInterrupt
 .text.USB_ReadDevInEPInterrupt
                0x0800d236       0x5c ./Drivers/STM32H7xx_HAL_Driver/Src/stm32h7xx_ll_usb.o
                0x0800d236                USB_ReadDevInEPInterrupt
 .text.USB_GetMode
                0x0800d292       0x1c ./Drivers/STM32H7xx_HAL_Driver/Src/stm32h7xx_ll_usb.o
                0x0800d292                USB_GetMode
 *fill*         0x0800d2ae        0x2 
 .text.USB_ActivateSetup
                0x0800d2b0       0x48 ./Drivers/STM32H7xx_HAL_Driver/Src/stm32h7xx_ll_usb.o
                0x0800d2b0                USB_ActivateSetup
 .text.USB_EP0_OutStart
                0x0800d2f8       0xbc ./Drivers/STM32H7xx_HAL_Driver/Src/stm32h7xx_ll_usb.o
                0x0800d2f8                USB_EP0_OutStart
 .text.USB_CoreReset
                0x0800d3b4       0x62 ./Drivers/STM32H7xx_HAL_Driver/Src/stm32h7xx_ll_usb.o
 *fill*         0x0800d416        0x2 
 .text.USBD_CDC_Init
                0x0800d418      0x1f0 ./Middlewares/ST/STM32_USB_Device_Library/Class/CDC/Src/usbd_cdc.o
 .text.USBD_CDC_DeInit
                0x0800d608      0x104 ./Middlewares/ST/STM32_USB_Device_Library/Class/CDC/Src/usbd_cdc.o
 .text.USBD_CDC_Setup
                0x0800d70c      0x1b8 ./Middlewares/ST/STM32_USB_Device_Library/Class/CDC/Src/usbd_cdc.o
 .text.USBD_CDC_DataIn
                0x0800d8c4       0xfe ./Middlewares/ST/STM32_USB_Device_Library/Class/CDC/Src/usbd_cdc.o
 .text.USBD_CDC_DataOut
                0x0800d9c2       0x70 ./Middlewares/ST/STM32_USB_Device_Library/Class/CDC/Src/usbd_cdc.o
 .text.USBD_CDC_EP0_RxReady
                0x0800da32       0x74 ./Middlewares/ST/STM32_USB_Device_Library/Class/CDC/Src/usbd_cdc.o
 *fill*         0x0800daa6        0x2 
 .text.USBD_CDC_GetFSCfgDesc
                0x0800daa8       0x70 ./Middlewares/ST/STM32_USB_Device_Library/Class/CDC/Src/usbd_cdc.o
 .text.USBD_CDC_GetHSCfgDesc
                0x0800db18       0x70 ./Middlewares/ST/STM32_USB_Device_Library/Class/CDC/Src/usbd_cdc.o
 .text.USBD_CDC_GetOtherSpeedCfgDesc
                0x0800db88       0x70 ./Middlewares/ST/STM32_USB_Device_Library/Class/CDC/Src/usbd_cdc.o
 .text.USBD_CDC_GetDeviceQualifierDescriptor
                0x0800dbf8       0x20 ./Middlewares/ST/STM32_USB_Device_Library/Class/CDC/Src/usbd_cdc.o
                0x0800dbf8                USBD_CDC_GetDeviceQualifierDescriptor
 .text.USBD_CDC_RegisterInterface
                0x0800dc18       0x34 ./Middlewares/ST/STM32_USB_Device_Library/Class/CDC/Src/usbd_cdc.o
                0x0800dc18                USBD_CDC_RegisterInterface
 .text.USBD_CDC_SetTxBuffer
                0x0800dc4c       0x44 ./Middlewares/ST/STM32_USB_Device_Library/Class/CDC/Src/usbd_cdc.o
                0x0800dc4c                USBD_CDC_SetTxBuffer
 .text.USBD_CDC_SetRxBuffer
                0x0800dc90       0x3a ./Middlewares/ST/STM32_USB_Device_Library/Class/CDC/Src/usbd_cdc.o
                0x0800dc90                USBD_CDC_SetRxBuffer
 *fill*         0x0800dcca        0x2 
 .text.USBD_CDC_TransmitPacket
                0x0800dccc       0x80 ./Middlewares/ST/STM32_USB_Device_Library/Class/CDC/Src/usbd_cdc.o
                0x0800dccc                USBD_CDC_TransmitPacket
 .text.USBD_CDC_ReceivePacket
                0x0800dd4c       0x6c ./Middlewares/ST/STM32_USB_Device_Library/Class/CDC/Src/usbd_cdc.o
                0x0800dd4c                USBD_CDC_ReceivePacket
 .text.USBD_Init
                0x0800ddb8       0x60 ./Middlewares/ST/STM32_USB_Device_Library/Core/Src/usbd_core.o
                0x0800ddb8                USBD_Init
 .text.USBD_RegisterClass
                0x0800de18       0x6c ./Middlewares/ST/STM32_USB_Device_Library/Core/Src/usbd_core.o
                0x0800de18                USBD_RegisterClass
 .text.USBD_Start
                0x0800de84       0x18 ./Middlewares/ST/STM32_USB_Device_Library/Core/Src/usbd_core.o
                0x0800de84                USBD_Start
 .text.USBD_RunTestMode
                0x0800de9c       0x16 ./Middlewares/ST/STM32_USB_Device_Library/Core/Src/usbd_core.o
                0x0800de9c                USBD_RunTestMode
 .text.USBD_SetClassConfig
                0x0800deb2       0x38 ./Middlewares/ST/STM32_USB_Device_Library/Core/Src/usbd_core.o
                0x0800deb2                USBD_SetClassConfig
 .text.USBD_ClrClassConfig
                0x0800deea       0x34 ./Middlewares/ST/STM32_USB_Device_Library/Core/Src/usbd_core.o
                0x0800deea                USBD_ClrClassConfig
 .text.USBD_LL_SetupStage
                0x0800df1e       0xaa ./Middlewares/ST/STM32_USB_Device_Library/Core/Src/usbd_core.o
                0x0800df1e                USBD_LL_SetupStage
 .text.USBD_LL_DataOutStage
                0x0800dfc8      0x166 ./Middlewares/ST/STM32_USB_Device_Library/Core/Src/usbd_core.o
                0x0800dfc8                USBD_LL_DataOutStage
 .text.USBD_LL_DataInStage
                0x0800e12e      0x164 ./Middlewares/ST/STM32_USB_Device_Library/Core/Src/usbd_core.o
                0x0800e12e                USBD_LL_DataInStage
 .text.USBD_LL_Reset
                0x0800e292       0xa4 ./Middlewares/ST/STM32_USB_Device_Library/Core/Src/usbd_core.o
                0x0800e292                USBD_LL_Reset
 .text.USBD_LL_SetSpeed
                0x0800e336       0x20 ./Middlewares/ST/STM32_USB_Device_Library/Core/Src/usbd_core.o
                0x0800e336                USBD_LL_SetSpeed
 .text.USBD_LL_Suspend
                0x0800e356       0x38 ./Middlewares/ST/STM32_USB_Device_Library/Core/Src/usbd_core.o
                0x0800e356                USBD_LL_Suspend
 .text.USBD_LL_Resume
                0x0800e38e       0x30 ./Middlewares/ST/STM32_USB_Device_Library/Core/Src/usbd_core.o
                0x0800e38e                USBD_LL_Resume
 .text.USBD_LL_SOF
                0x0800e3be       0x40 ./Middlewares/ST/STM32_USB_Device_Library/Core/Src/usbd_core.o
                0x0800e3be                USBD_LL_SOF
 .text.USBD_LL_IsoINIncomplete
                0x0800e3fe       0x64 ./Middlewares/ST/STM32_USB_Device_Library/Core/Src/usbd_core.o
                0x0800e3fe                USBD_LL_IsoINIncomplete
 .text.USBD_LL_IsoOUTIncomplete
                0x0800e462       0x64 ./Middlewares/ST/STM32_USB_Device_Library/Core/Src/usbd_core.o
                0x0800e462                USBD_LL_IsoOUTIncomplete
 .text.USBD_LL_DevConnected
                0x0800e4c6       0x16 ./Middlewares/ST/STM32_USB_Device_Library/Core/Src/usbd_core.o
                0x0800e4c6                USBD_LL_DevConnected
 .text.USBD_LL_DevDisconnected
                0x0800e4dc       0x46 ./Middlewares/ST/STM32_USB_Device_Library/Core/Src/usbd_core.o
                0x0800e4dc                USBD_LL_DevDisconnected
 .text.USBD_CoreFindIF
                0x0800e522       0x1a ./Middlewares/ST/STM32_USB_Device_Library/Core/Src/usbd_core.o
                0x0800e522                USBD_CoreFindIF
 .text.USBD_CoreFindEP
                0x0800e53c       0x1a ./Middlewares/ST/STM32_USB_Device_Library/Core/Src/usbd_core.o
                0x0800e53c                USBD_CoreFindEP
 .text.USBD_GetEpDesc
                0x0800e556       0x70 ./Middlewares/ST/STM32_USB_Device_Library/Core/Src/usbd_core.o
                0x0800e556                USBD_GetEpDesc
 .text.USBD_GetNextDesc
                0x0800e5c6       0x38 ./Middlewares/ST/STM32_USB_Device_Library/Core/Src/usbd_core.o
                0x0800e5c6                USBD_GetNextDesc
 .text.SWAPBYTE
                0x0800e5fe       0x3e ./Middlewares/ST/STM32_USB_Device_Library/Core/Src/usbd_ctlreq.o
 .text.USBD_StdDevReq
                0x0800e63c       0xe4 ./Middlewares/ST/STM32_USB_Device_Library/Core/Src/usbd_ctlreq.o
                0x0800e63c                USBD_StdDevReq
 .text.USBD_StdItfReq
                0x0800e720       0xd8 ./Middlewares/ST/STM32_USB_Device_Library/Core/Src/usbd_ctlreq.o
                0x0800e720                USBD_StdItfReq
 .text.USBD_StdEPReq
                0x0800e7f8      0x33a ./Middlewares/ST/STM32_USB_Device_Library/Core/Src/usbd_ctlreq.o
                0x0800e7f8                USBD_StdEPReq
 *fill*         0x0800eb32        0x2 
 .text.USBD_GetDescriptor
                0x0800eb34      0x328 ./Middlewares/ST/STM32_USB_Device_Library/Core/Src/usbd_ctlreq.o
 .text.USBD_SetAddress
                0x0800ee5c       0x88 ./Middlewares/ST/STM32_USB_Device_Library/Core/Src/usbd_ctlreq.o
 .text.USBD_SetConfig
                0x0800eee4      0x154 ./Middlewares/ST/STM32_USB_Device_Library/Core/Src/usbd_ctlreq.o
 .text.USBD_GetConfig
                0x0800f038       0x6c ./Middlewares/ST/STM32_USB_Device_Library/Core/Src/usbd_ctlreq.o
 .text.USBD_GetStatus
                0x0800f0a4       0x68 ./Middlewares/ST/STM32_USB_Device_Library/Core/Src/usbd_ctlreq.o
 .text.USBD_SetFeature
                0x0800f10c       0x52 ./Middlewares/ST/STM32_USB_Device_Library/Core/Src/usbd_ctlreq.o
 .text.USBD_ClrFeature
                0x0800f15e       0x44 ./Middlewares/ST/STM32_USB_Device_Library/Core/Src/usbd_ctlreq.o
 .text.USBD_ParseSetupRequest
                0x0800f1a2       0x74 ./Middlewares/ST/STM32_USB_Device_Library/Core/Src/usbd_ctlreq.o
                0x0800f1a2                USBD_ParseSetupRequest
 .text.USBD_CtlError
                0x0800f216       0x22 ./Middlewares/ST/STM32_USB_Device_Library/Core/Src/usbd_ctlreq.o
                0x0800f216                USBD_CtlError
 .text.USBD_GetString
                0x0800f238       0xa4 ./Middlewares/ST/STM32_USB_Device_Library/Core/Src/usbd_ctlreq.o
                0x0800f238                USBD_GetString
 .text.USBD_GetLen
                0x0800f2dc       0x34 ./Middlewares/ST/STM32_USB_Device_Library/Core/Src/usbd_ctlreq.o
 .text.USBD_CtlSendData
                0x0800f310       0x36 ./Middlewares/ST/STM32_USB_Device_Library/Core/Src/usbd_ioreq.o
                0x0800f310                USBD_CtlSendData
 .text.USBD_CtlContinueSendData
                0x0800f346       0x22 ./Middlewares/ST/STM32_USB_Device_Library/Core/Src/usbd_ioreq.o
                0x0800f346                USBD_CtlContinueSendData
 .text.USBD_CtlPrepareRx
                0x0800f368       0x3a ./Middlewares/ST/STM32_USB_Device_Library/Core/Src/usbd_ioreq.o
                0x0800f368                USBD_CtlPrepareRx
 .text.USBD_CtlContinueRx
                0x0800f3a2       0x22 ./Middlewares/ST/STM32_USB_Device_Library/Core/Src/usbd_ioreq.o
                0x0800f3a2                USBD_CtlContinueRx
 .text.USBD_CtlSendStatus
                0x0800f3c4       0x26 ./Middlewares/ST/STM32_USB_Device_Library/Core/Src/usbd_ioreq.o
                0x0800f3c4                USBD_CtlSendStatus
 .text.USBD_CtlReceiveStatus
                0x0800f3ea       0x26 ./Middlewares/ST/STM32_USB_Device_Library/Core/Src/usbd_ioreq.o
                0x0800f3ea                USBD_CtlReceiveStatus
 .text.makeFreeRtosPriority
                0x0800f410       0x30 ./Middlewares/Third_Party/FreeRTOS/Source/CMSIS_RTOS/cmsis_os.o
 .text.inHandlerMode
                0x0800f440       0x24 ./Middlewares/Third_Party/FreeRTOS/Source/CMSIS_RTOS/cmsis_os.o
 .text.osKernelStart
                0x0800f464        0xe ./Middlewares/Third_Party/FreeRTOS/Source/CMSIS_RTOS/cmsis_os.o
                0x0800f464                osKernelStart
 .text.osThreadCreate
                0x0800f472       0x98 ./Middlewares/Third_Party/FreeRTOS/Source/CMSIS_RTOS/cmsis_os.o
                0x0800f472                osThreadCreate
 .text.osDelay  0x0800f50a       0x28 ./Middlewares/Third_Party/FreeRTOS/Source/CMSIS_RTOS/cmsis_os.o
                0x0800f50a                osDelay
 *fill*         0x0800f532        0x2 
 .text.osSignalSet
                0x0800f534       0x80 ./Middlewares/Third_Party/FreeRTOS/Source/CMSIS_RTOS/cmsis_os.o
                0x0800f534                osSignalSet
 .text.vListInitialise
                0x0800f5b4       0x40 ./Middlewares/Third_Party/FreeRTOS/Source/list.o
                0x0800f5b4                vListInitialise
 .text.vListInitialiseItem
                0x0800f5f4       0x1a ./Middlewares/Third_Party/FreeRTOS/Source/list.o
                0x0800f5f4                vListInitialiseItem
 .text.vListInsertEnd
                0x0800f60e       0x48 ./Middlewares/Third_Party/FreeRTOS/Source/list.o
                0x0800f60e                vListInsertEnd
 .text.vListInsert
                0x0800f656       0x72 ./Middlewares/Third_Party/FreeRTOS/Source/list.o
                0x0800f656                vListInsert
 .text.uxListRemove
                0x0800f6c8       0x54 ./Middlewares/Third_Party/FreeRTOS/Source/list.o
                0x0800f6c8                uxListRemove
 .text.xTaskCreateStatic
                0x0800f71c       0xc0 ./Middlewares/Third_Party/FreeRTOS/Source/tasks.o
                0x0800f71c                xTaskCreateStatic
 .text.xTaskCreate
                0x0800f7dc       0x8a ./Middlewares/Third_Party/FreeRTOS/Source/tasks.o
                0x0800f7dc                xTaskCreate
 *fill*         0x0800f866        0x2 
 .text.prvInitialiseNewTask
                0x0800f868      0x150 ./Middlewares/Third_Party/FreeRTOS/Source/tasks.o
 .text.prvAddNewTaskToReadyList
                0x0800f9b8       0xd4 ./Middlewares/Third_Party/FreeRTOS/Source/tasks.o
 .text.vTaskDelay
                0x0800fa8c       0x6c ./Middlewares/Third_Party/FreeRTOS/Source/tasks.o
                0x0800fa8c                vTaskDelay
 .text.vTaskStartScheduler
                0x0800faf8       0xd4 ./Middlewares/Third_Party/FreeRTOS/Source/tasks.o
                0x0800faf8                vTaskStartScheduler
 .text.vTaskSuspendAll
                0x0800fbcc       0x1c ./Middlewares/Third_Party/FreeRTOS/Source/tasks.o
                0x0800fbcc                vTaskSuspendAll
 .text.xTaskResumeAll
                0x0800fbe8      0x13c ./Middlewares/Third_Party/FreeRTOS/Source/tasks.o
                0x0800fbe8                xTaskResumeAll
 .text.xTaskIncrementTick
                0x0800fd24      0x174 ./Middlewares/Third_Party/FreeRTOS/Source/tasks.o
                0x0800fd24                xTaskIncrementTick
 .text.vTaskSwitchContext
                0x0800fe98       0xc8 ./Middlewares/Third_Party/FreeRTOS/Source/tasks.o
                0x0800fe98                vTaskSwitchContext
 .text.prvIdleTask
                0x0800ff60       0x30 ./Middlewares/Third_Party/FreeRTOS/Source/tasks.o
 .text.prvInitialiseTaskLists
                0x0800ff90       0x80 ./Middlewares/Third_Party/FreeRTOS/Source/tasks.o
 .text.prvCheckTasksWaitingTermination
                0x08010010       0x5c ./Middlewares/Third_Party/FreeRTOS/Source/tasks.o
 .text.prvDeleteTCB
                0x0801006c       0x6a ./Middlewares/Third_Party/FreeRTOS/Source/tasks.o
 *fill*         0x080100d6        0x2 
 .text.prvResetNextTaskUnblockTime
                0x080100d8       0x40 ./Middlewares/Third_Party/FreeRTOS/Source/tasks.o
 .text.xTaskGenericNotify
                0x08010118      0x184 ./Middlewares/Third_Party/FreeRTOS/Source/tasks.o
                0x08010118                xTaskGenericNotify
 .text.xTaskGenericNotifyFromISR
                0x0801029c      0x1cc ./Middlewares/Third_Party/FreeRTOS/Source/tasks.o
                0x0801029c                xTaskGenericNotifyFromISR
 .text.prvAddCurrentTaskToDelayedList
                0x08010468       0xcc ./Middlewares/Third_Party/FreeRTOS/Source/tasks.o
 .text.pxPortInitialiseStack
                0x08010534       0x68 ./Middlewares/Third_Party/FreeRTOS/Source/portable/GCC/ARM_CM4F/port.o
                0x08010534                pxPortInitialiseStack
 .text.prvTaskExitError
                0x0801059c       0x5c ./Middlewares/Third_Party/FreeRTOS/Source/portable/GCC/ARM_CM4F/port.o
 *fill*         0x080105f8        0x8 
 .text.SVC_Handler
                0x08010600       0x28 ./Middlewares/Third_Party/FreeRTOS/Source/portable/GCC/ARM_CM4F/port.o
                0x08010600                SVC_Handler
 .text.prvPortStartFirstTask
                0x08010628       0x28 ./Middlewares/Third_Party/FreeRTOS/Source/portable/GCC/ARM_CM4F/port.o
 .text.xPortStartScheduler
                0x08010650      0x148 ./Middlewares/Third_Party/FreeRTOS/Source/portable/GCC/ARM_CM4F/port.o
                0x08010650                xPortStartScheduler
 .text.vPortEnterCritical
                0x08010798       0x64 ./Middlewares/Third_Party/FreeRTOS/Source/portable/GCC/ARM_CM4F/port.o
                0x08010798                vPortEnterCritical
 .text.vPortExitCritical
                0x080107fc       0x54 ./Middlewares/Third_Party/FreeRTOS/Source/portable/GCC/ARM_CM4F/port.o
                0x080107fc                vPortExitCritical
 .text.PendSV_Handler
                0x08010850       0x68 ./Middlewares/Third_Party/FreeRTOS/Source/portable/GCC/ARM_CM4F/port.o
                0x08010850                PendSV_Handler
 .text.SysTick_Handler
                0x080108b8       0x44 ./Middlewares/Third_Party/FreeRTOS/Source/portable/GCC/ARM_CM4F/port.o
                0x080108b8                SysTick_Handler
 .text.vPortSetupTimerInterrupt
                0x080108fc       0x48 ./Middlewares/Third_Party/FreeRTOS/Source/portable/GCC/ARM_CM4F/port.o
                0x080108fc                vPortSetupTimerInterrupt
 .text.vPortEnableVFP
                0x08010944       0x14 ./Middlewares/Third_Party/FreeRTOS/Source/portable/GCC/ARM_CM4F/port.o
 .text.vPortValidateInterruptPriority
                0x08010958       0x84 ./Middlewares/Third_Party/FreeRTOS/Source/portable/GCC/ARM_CM4F/port.o
                0x08010958                vPortValidateInterruptPriority
 .text.pvPortMalloc
                0x080109dc      0x19c ./Middlewares/Third_Party/FreeRTOS/Source/portable/MemMang/heap_4.o
                0x080109dc                pvPortMalloc
 .text.vPortFree
                0x08010b78       0xc8 ./Middlewares/Third_Party/FreeRTOS/Source/portable/MemMang/heap_4.o
                0x08010b78                vPortFree
 .text.prvHeapInit
                0x08010c40       0xc4 ./Middlewares/Third_Party/FreeRTOS/Source/portable/MemMang/heap_4.o
 .text.prvInsertBlockIntoFreeList
                0x08010d04       0xb4 ./Middlewares/Third_Party/FreeRTOS/Source/portable/MemMang/heap_4.o
 .text.MX_USB_DEVICE_Init
                0x08010db8       0x64 ./USB_DEVICE/App/usb_device.o
                0x08010db8                MX_USB_DEVICE_Init
 .text.CDC_Init_FS
                0x08010e1c       0x28 ./USB_DEVICE/App/usbd_cdc_if.o
 .text.CDC_DeInit_FS
                0x08010e44       0x10 ./USB_DEVICE/App/usbd_cdc_if.o
 .text.CDC_Control_FS
                0x08010e54       0xbc ./USB_DEVICE/App/usbd_cdc_if.o
 .text.CDC_Receive_FS
                0x08010f10       0x28 ./USB_DEVICE/App/usbd_cdc_if.o
 .text.CDC_Transmit_FS
                0x08010f38       0x4c ./USB_DEVICE/App/usbd_cdc_if.o
                0x08010f38                CDC_Transmit_FS
 .text.CDC_TransmitCplt_FS
                0x08010f84       0x22 ./USB_DEVICE/App/usbd_cdc_if.o
 *fill*         0x08010fa6        0x2 
 .text.USBD_FS_DeviceDescriptor
                0x08010fa8       0x24 ./USB_DEVICE/App/usbd_desc.o
                0x08010fa8                USBD_FS_DeviceDescriptor
 .text.USBD_FS_LangIDStrDescriptor
                0x08010fcc       0x24 ./USB_DEVICE/App/usbd_desc.o
                0x08010fcc                USBD_FS_LangIDStrDescriptor
 .text.USBD_FS_ProductStrDescriptor
                0x08010ff0       0x3c ./USB_DEVICE/App/usbd_desc.o
                0x08010ff0                USBD_FS_ProductStrDescriptor
 .text.USBD_FS_ManufacturerStrDescriptor
                0x0801102c       0x28 ./USB_DEVICE/App/usbd_desc.o
                0x0801102c                USBD_FS_ManufacturerStrDescriptor
 .text.USBD_FS_SerialStrDescriptor
                0x08011054       0x24 ./USB_DEVICE/App/usbd_desc.o
                0x08011054                USBD_FS_SerialStrDescriptor
 .text.USBD_FS_ConfigStrDescriptor
                0x08011078       0x3c ./USB_DEVICE/App/usbd_desc.o
                0x08011078                USBD_FS_ConfigStrDescriptor
 .text.USBD_FS_InterfaceStrDescriptor
                0x080110b4       0x3c ./USB_DEVICE/App/usbd_desc.o
                0x080110b4                USBD_FS_InterfaceStrDescriptor
 .text.Get_SerialNum
                0x080110f0       0x58 ./USB_DEVICE/App/usbd_desc.o
 .text.IntToUnicode
                0x08011148       0x7e ./USB_DEVICE/App/usbd_desc.o
 *fill*         0x080111c6        0x2 
 .text.HAL_PCD_MspInit
                0x080111c8       0xe8 ./USB_DEVICE/Target/usbd_conf.o
                0x080111c8                HAL_PCD_MspInit
 .text.HAL_PCD_SetupStageCallback
                0x080112b0       0x24 ./USB_DEVICE/Target/usbd_conf.o
                0x080112b0                HAL_PCD_SetupStageCallback
 .text.HAL_PCD_DataOutStageCallback
                0x080112d4       0x36 ./USB_DEVICE/Target/usbd_conf.o
                0x080112d4                HAL_PCD_DataOutStageCallback
 .text.HAL_PCD_DataInStageCallback
                0x0801130a       0x34 ./USB_DEVICE/Target/usbd_conf.o
                0x0801130a                HAL_PCD_DataInStageCallback
 .text.HAL_PCD_SOFCallback
                0x0801133e       0x1c ./USB_DEVICE/Target/usbd_conf.o
                0x0801133e                HAL_PCD_SOFCallback
 .text.HAL_PCD_ResetCallback
                0x0801135a       0x50 ./USB_DEVICE/Target/usbd_conf.o
                0x0801135a                HAL_PCD_ResetCallback
 *fill*         0x080113aa        0x2 
 .text.HAL_PCD_SuspendCallback
                0x080113ac       0x4c ./USB_DEVICE/Target/usbd_conf.o
                0x080113ac                HAL_PCD_SuspendCallback
 .text.HAL_PCD_ResumeCallback
                0x080113f8       0x1c ./USB_DEVICE/Target/usbd_conf.o
                0x080113f8                HAL_PCD_ResumeCallback
 .text.HAL_PCD_ISOOUTIncompleteCallback
                0x08011414       0x24 ./USB_DEVICE/Target/usbd_conf.o
                0x08011414                HAL_PCD_ISOOUTIncompleteCallback
 .text.HAL_PCD_ISOINIncompleteCallback
                0x08011438       0x24 ./USB_DEVICE/Target/usbd_conf.o
                0x08011438                HAL_PCD_ISOINIncompleteCallback
 .text.HAL_PCD_ConnectCallback
                0x0801145c       0x1c ./USB_DEVICE/Target/usbd_conf.o
                0x0801145c                HAL_PCD_ConnectCallback
 .text.HAL_PCD_DisconnectCallback
                0x08011478       0x1c ./USB_DEVICE/Target/usbd_conf.o
                0x08011478                HAL_PCD_DisconnectCallback
 .text.USBD_LL_Init
                0x08011494       0xa0 ./USB_DEVICE/Target/usbd_conf.o
                0x08011494                USBD_LL_Init
 .text.USBD_LL_Start
                0x08011534       0x36 ./USB_DEVICE/Target/usbd_conf.o
                0x08011534                USBD_LL_Start
 .text.USBD_LL_OpenEP
                0x0801156a       0x4c ./USB_DEVICE/Target/usbd_conf.o
                0x0801156a                USBD_LL_OpenEP
 .text.USBD_LL_CloseEP
                0x080115b6       0x3e ./USB_DEVICE/Target/usbd_conf.o
                0x080115b6                USBD_LL_CloseEP
 .text.USBD_LL_StallEP
                0x080115f4       0x3e ./USB_DEVICE/Target/usbd_conf.o
                0x080115f4                USBD_LL_StallEP
 .text.USBD_LL_ClearStallEP
                0x08011632       0x3e ./USB_DEVICE/Target/usbd_conf.o
                0x08011632                USBD_LL_ClearStallEP
 .text.USBD_LL_IsStallEP
                0x08011670       0x58 ./USB_DEVICE/Target/usbd_conf.o
                0x08011670                USBD_LL_IsStallEP
 .text.USBD_LL_SetUSBAddress
                0x080116c8       0x3e ./USB_DEVICE/Target/usbd_conf.o
                0x080116c8                USBD_LL_SetUSBAddress
 .text.USBD_LL_Transmit
                0x08011706       0x42 ./USB_DEVICE/Target/usbd_conf.o
                0x08011706                USBD_LL_Transmit
 .text.USBD_LL_PrepareReceive
                0x08011748       0x42 ./USB_DEVICE/Target/usbd_conf.o
                0x08011748                USBD_LL_PrepareReceive
 .text.USBD_LL_GetRxDataSize
                0x0801178a       0x26 ./USB_DEVICE/Target/usbd_conf.o
                0x0801178a                USBD_LL_GetRxDataSize
 .text.USBD_static_malloc
                0x080117b0       0x1c ./USB_DEVICE/Target/usbd_conf.o
                0x080117b0                USBD_static_malloc
 .text.USBD_static_free
                0x080117cc       0x14 ./USB_DEVICE/Target/usbd_conf.o
                0x080117cc                USBD_static_free
 .text.USBD_Get_USB_Status
                0x080117e0       0x58 ./USB_DEVICE/Target/usbd_conf.o
                0x080117e0                USBD_Get_USB_Status
 .text.memset   0x08011838       0x10 C:/ST/STM32CubeIDE_1.17.0/STM32CubeIDE/plugins/com.st.stm32cube.ide.mcu.externaltools.gnu-tools-for-stm32.13.3.rel1.win32_1.0.0.202411081344/tools/bin/../lib/gcc/arm-none-eabi/13.3.1/../../../../arm-none-eabi/lib/thumb/v7e-m+dp/hard\libc_nano.a(libc_a-memset.o)
                0x08011838                memset
 .text._reclaim_reent
                0x08011848       0xbc C:/ST/STM32CubeIDE_1.17.0/STM32CubeIDE/plugins/com.st.stm32cube.ide.mcu.externaltools.gnu-tools-for-stm32.13.3.rel1.win32_1.0.0.202411081344/tools/bin/../lib/gcc/arm-none-eabi/13.3.1/../../../../arm-none-eabi/lib/thumb/v7e-m+dp/hard\libc_nano.a(libc_a-reent.o)
                0x08011848                _reclaim_reent
 .text.__libc_init_array
                0x08011904       0x48 C:/ST/STM32CubeIDE_1.17.0/STM32CubeIDE/plugins/com.st.stm32cube.ide.mcu.externaltools.gnu-tools-for-stm32.13.3.rel1.win32_1.0.0.202411081344/tools/bin/../lib/gcc/arm-none-eabi/13.3.1/../../../../arm-none-eabi/lib/thumb/v7e-m+dp/hard\libc_nano.a(libc_a-init.o)
                0x08011904                __libc_init_array
 .text.__retarget_lock_acquire_recursive
                0x0801194c        0x2 C:/ST/STM32CubeIDE_1.17.0/STM32CubeIDE/plugins/com.st.stm32cube.ide.mcu.externaltools.gnu-tools-for-stm32.13.3.rel1.win32_1.0.0.202411081344/tools/bin/../lib/gcc/arm-none-eabi/13.3.1/../../../../arm-none-eabi/lib/thumb/v7e-m+dp/hard\libc_nano.a(libc_a-lock.o)
                0x0801194c                __retarget_lock_acquire_recursive
 .text.__retarget_lock_release_recursive
                0x0801194e        0x2 C:/ST/STM32CubeIDE_1.17.0/STM32CubeIDE/plugins/com.st.stm32cube.ide.mcu.externaltools.gnu-tools-for-stm32.13.3.rel1.win32_1.0.0.202411081344/tools/bin/../lib/gcc/arm-none-eabi/13.3.1/../../../../arm-none-eabi/lib/thumb/v7e-m+dp/hard\libc_nano.a(libc_a-lock.o)
                0x0801194e                __retarget_lock_release_recursive
 .text._free_r  0x08011950       0x94 C:/ST/STM32CubeIDE_1.17.0/STM32CubeIDE/plugins/com.st.stm32cube.ide.mcu.externaltools.gnu-tools-for-stm32.13.3.rel1.win32_1.0.0.202411081344/tools/bin/../lib/gcc/arm-none-eabi/13.3.1/../../../../arm-none-eabi/lib/thumb/v7e-m+dp/hard\libc_nano.a(libc_a-freer.o)
                0x08011950                _free_r
 .text.__malloc_lock
                0x080119e4        0xc C:/ST/STM32CubeIDE_1.17.0/STM32CubeIDE/plugins/com.st.stm32cube.ide.mcu.externaltools.gnu-tools-for-stm32.13.3.rel1.win32_1.0.0.202411081344/tools/bin/../lib/gcc/arm-none-eabi/13.3.1/../../../../arm-none-eabi/lib/thumb/v7e-m+dp/hard\libc_nano.a(libc_a-mlock.o)
                0x080119e4                __malloc_lock
 .text.__malloc_unlock
                0x080119f0        0xc C:/ST/STM32CubeIDE_1.17.0/STM32CubeIDE/plugins/com.st.stm32cube.ide.mcu.externaltools.gnu-tools-for-stm32.13.3.rel1.win32_1.0.0.202411081344/tools/bin/../lib/gcc/arm-none-eabi/13.3.1/../../../../arm-none-eabi/lib/thumb/v7e-m+dp/hard\libc_nano.a(libc_a-mlock.o)
                0x080119f0                __malloc_unlock
 *fill*         0x080119fc        0x4 
 .text.floor    0x08011a00       0xf0 C:/ST/STM32CubeIDE_1.17.0/STM32CubeIDE/plugins/com.st.stm32cube.ide.mcu.externaltools.gnu-tools-for-stm32.13.3.rel1.win32_1.0.0.202411081344/tools/bin/../lib/gcc/arm-none-eabi/13.3.1/../../../../arm-none-eabi/lib/thumb/v7e-m+dp/hard\libm.a(libm_a-s_floor.o)
                0x08011a00                floor
 *(.glue_7)
 .glue_7        0x08011af0        0x0 linker stubs
 *(.glue_7t)
 .glue_7t       0x08011af0        0x0 linker stubs
 *(.eh_frame)
 .eh_frame      0x08011af0        0x0 C:/ST/STM32CubeIDE_1.17.0/STM32CubeIDE/plugins/com.st.stm32cube.ide.mcu.externaltools.gnu-tools-for-stm32.13.3.rel1.win32_1.0.0.202411081344/tools/bin/../lib/gcc/arm-none-eabi/13.3.1/thumb/v7e-m+dp/hard/crtbegin.o
 *(.init)
 .init          0x08011af0        0x4 C:/ST/STM32CubeIDE_1.17.0/STM32CubeIDE/plugins/com.st.stm32cube.ide.mcu.externaltools.gnu-tools-for-stm32.13.3.rel1.win32_1.0.0.202411081344/tools/bin/../lib/gcc/arm-none-eabi/13.3.1/thumb/v7e-m+dp/hard/crti.o
                0x08011af0                _init
 .init          0x08011af4        0x8 C:/ST/STM32CubeIDE_1.17.0/STM32CubeIDE/plugins/com.st.stm32cube.ide.mcu.externaltools.gnu-tools-for-stm32.13.3.rel1.win32_1.0.0.202411081344/tools/bin/../lib/gcc/arm-none-eabi/13.3.1/thumb/v7e-m+dp/hard/crtn.o
 *(.fini)
 .fini          0x08011afc        0x4 C:/ST/STM32CubeIDE_1.17.0/STM32CubeIDE/plugins/com.st.stm32cube.ide.mcu.externaltools.gnu-tools-for-stm32.13.3.rel1.win32_1.0.0.202411081344/tools/bin/../lib/gcc/arm-none-eabi/13.3.1/thumb/v7e-m+dp/hard/crti.o
                0x08011afc                _fini
 .fini          0x08011b00        0x8 C:/ST/STM32CubeIDE_1.17.0/STM32CubeIDE/plugins/com.st.stm32cube.ide.mcu.externaltools.gnu-tools-for-stm32.13.3.rel1.win32_1.0.0.202411081344/tools/bin/../lib/gcc/arm-none-eabi/13.3.1/thumb/v7e-m+dp/hard/crtn.o
                0x08011b08                        . = ALIGN (0x4)
                0x08011b08                        _etext = .

.vfp11_veneer   0x08011b08        0x0
 .vfp11_veneer  0x08011b08        0x0 linker stubs

.v4_bx          0x08011b08        0x0
 .v4_bx         0x08011b08        0x0 linker stubs

.iplt           0x08011b08        0x0
 .iplt          0x08011b08        0x0 C:/ST/STM32CubeIDE_1.17.0/STM32CubeIDE/plugins/com.st.stm32cube.ide.mcu.externaltools.gnu-tools-for-stm32.13.3.rel1.win32_1.0.0.202411081344/tools/bin/../lib/gcc/arm-none-eabi/13.3.1/thumb/v7e-m+dp/hard/crtbegin.o

.rodata         0x08011b08       0xe0
                0x08011b08                        . = ALIGN (0x4)
 *(.rodata)
 .rodata        0x08011b08       0x50 ./Core/Src/freertos.o
 .rodata        0x08011b58        0x5 ./Middlewares/Third_Party/FreeRTOS/Source/tasks.o
 *fill*         0x08011b5d        0x3 
 .rodata        0x08011b60       0x46 ./USB_DEVICE/App/usbd_desc.o
 *(.rodata*)
 *fill*         0x08011ba6        0x2 
 .rodata.D1CorePrescTable
                0x08011ba8       0x10 ./Core/Src/system_stm32h7xx.o
                0x08011ba8                D1CorePrescTable
 .rodata.flagBitshiftOffset.0
                0x08011bb8        0x8 ./Drivers/STM32H7xx_HAL_Driver/Src/stm32h7xx_hal_dma.o
 .rodata.UARTPrescTable
                0x08011bc0       0x18 ./Drivers/STM32H7xx_HAL_Driver/Src/stm32h7xx_hal_uart.o
                0x08011bc0                UARTPrescTable
 .rodata.numerator.1
                0x08011bd8        0x8 ./Drivers/STM32H7xx_HAL_Driver/Src/stm32h7xx_hal_uart_ex.o
 .rodata.denominator.0
                0x08011be0        0x8 ./Drivers/STM32H7xx_HAL_Driver/Src/stm32h7xx_hal_uart_ex.o
                0x08011be8                        . = ALIGN (0x4)

.ARM.extab
 *(.ARM.extab* .gnu.linkonce.armextab.*)

.ARM            0x08011be8        0x8
                0x08011be8                        __exidx_start = .
 *(.ARM.exidx*)
 .ARM.exidx     0x08011be8        0x8 C:/ST/STM32CubeIDE_1.17.0/STM32CubeIDE/plugins/com.st.stm32cube.ide.mcu.externaltools.gnu-tools-for-stm32.13.3.rel1.win32_1.0.0.202411081344/tools/bin/../lib/gcc/arm-none-eabi/13.3.1/thumb/v7e-m+dp/hard\libgcc.a(_udivmoddi4.o)
                0x08011bf0                        __exidx_end = .

.preinit_array  0x08011bf0        0x0
                0x08011bf0                        PROVIDE (__preinit_array_start = .)
 *(.preinit_array*)
                0x08011bf0                        PROVIDE (__preinit_array_end = .)

.init_array     0x08011bf0        0x4
                0x08011bf0                        PROVIDE (__init_array_start = .)
 *(SORT_BY_NAME(.init_array.*))
 *(.init_array*)
 .init_array    0x08011bf0        0x4 C:/ST/STM32CubeIDE_1.17.0/STM32CubeIDE/plugins/com.st.stm32cube.ide.mcu.externaltools.gnu-tools-for-stm32.13.3.rel1.win32_1.0.0.202411081344/tools/bin/../lib/gcc/arm-none-eabi/13.3.1/thumb/v7e-m+dp/hard/crtbegin.o
                0x08011bf4                        PROVIDE (__init_array_end = .)

.fini_array     0x08011bf4        0x4
                [!provide]                        PROVIDE (__fini_array_start = .)
 *(SORT_BY_NAME(.fini_array.*))
 *(.fini_array*)
 .fini_array    0x08011bf4        0x4 C:/ST/STM32CubeIDE_1.17.0/STM32CubeIDE/plugins/com.st.stm32cube.ide.mcu.externaltools.gnu-tools-for-stm32.13.3.rel1.win32_1.0.0.202411081344/tools/bin/../lib/gcc/arm-none-eabi/13.3.1/thumb/v7e-m+dp/hard/crtbegin.o
                [!provide]                        PROVIDE (__fini_array_end = .)
                0x08011bf8                        _sidata = LOADADDR (.data)

.rel.dyn        0x08011bf8        0x0
 .rel.iplt      0x08011bf8        0x0 C:/ST/STM32CubeIDE_1.17.0/STM32CubeIDE/plugins/com.st.stm32cube.ide.mcu.externaltools.gnu-tools-for-stm32.13.3.rel1.win32_1.0.0.202411081344/tools/bin/../lib/gcc/arm-none-eabi/13.3.1/thumb/v7e-m+dp/hard/crtbegin.o

.data           0x24000000      0x158 load address 0x08011bf8
                0x24000000                        . = ALIGN (0x4)
                0x24000000                        _sdata = .
 *(.data)
 *(.data*)
 .data.SystemCoreClock
                0x24000000        0x4 ./Core/Src/system_stm32h7xx.o
                0x24000000                SystemCoreClock
 .data.SystemD2Clock
                0x24000004        0x4 ./Core/Src/system_stm32h7xx.o
                0x24000004                SystemD2Clock
 .data.uwTickPrio
                0x24000008        0x4 ./Drivers/STM32H7xx_HAL_Driver/Src/stm32h7xx_hal.o
                0x24000008                uwTickPrio
 .data.uwTickFreq
                0x2400000c        0x1 ./Drivers/STM32H7xx_HAL_Driver/Src/stm32h7xx_hal.o
                0x2400000c                uwTickFreq
 *fill*         0x2400000d        0x3 
 .data.USBD_CDC_DeviceQualifierDesc
                0x24000010        0xa ./Middlewares/ST/STM32_USB_Device_Library/Class/CDC/Src/usbd_cdc.o
 *fill*         0x2400001a        0x2 
 .data.USBD_CDC
                0x2400001c       0x38 ./Middlewares/ST/STM32_USB_Device_Library/Class/CDC/Src/usbd_cdc.o
                0x2400001c                USBD_CDC
 .data.USBD_CDC_CfgDesc
                0x24000054       0x43 ./Middlewares/ST/STM32_USB_Device_Library/Class/CDC/Src/usbd_cdc.o
 .data.CDCInEpAdd
                0x24000097        0x1 ./Middlewares/ST/STM32_USB_Device_Library/Class/CDC/Src/usbd_cdc.o
 .data.CDCOutEpAdd
                0x24000098        0x1 ./Middlewares/ST/STM32_USB_Device_Library/Class/CDC/Src/usbd_cdc.o
 .data.CDCCmdEpAdd
                0x24000099        0x1 ./Middlewares/ST/STM32_USB_Device_Library/Class/CDC/Src/usbd_cdc.o
 *fill*         0x2400009a        0x2 
 .data.uxCriticalNesting
                0x2400009c        0x4 ./Middlewares/Third_Party/FreeRTOS/Source/portable/GCC/ARM_CM4F/port.o
 .data.USBD_Interface_fops_FS
                0x240000a0       0x14 ./USB_DEVICE/App/usbd_cdc_if.o
                0x240000a0                USBD_Interface_fops_FS
 .data.FS_Desc  0x240000b4       0x20 ./USB_DEVICE/App/usbd_desc.o
                0x240000b4                FS_Desc
 .data.USBD_FS_DeviceDesc
                0x240000d4       0x12 ./USB_DEVICE/App/usbd_desc.o
                0x240000d4                USBD_FS_DeviceDesc
 *fill*         0x240000e6        0x2 
 .data.USBD_LangIDDesc
                0x240000e8        0x4 ./USB_DEVICE/App/usbd_desc.o
                0x240000e8                USBD_LangIDDesc
 .data.USBD_StringSerial
                0x240000ec       0x1a ./USB_DEVICE/App/usbd_desc.o
                0x240000ec                USBD_StringSerial
 *fill*         0x24000106        0x2 
 .data._impure_ptr
                0x24000108        0x4 C:/ST/STM32CubeIDE_1.17.0/STM32CubeIDE/plugins/com.st.stm32cube.ide.mcu.externaltools.gnu-tools-for-stm32.13.3.rel1.win32_1.0.0.202411081344/tools/bin/../lib/gcc/arm-none-eabi/13.3.1/../../../../arm-none-eabi/lib/thumb/v7e-m+dp/hard\libc_nano.a(libc_a-impure.o)
                0x24000108                _impure_ptr
 .data._impure_data
                0x2400010c       0x4c C:/ST/STM32CubeIDE_1.17.0/STM32CubeIDE/plugins/com.st.stm32cube.ide.mcu.externaltools.gnu-tools-for-stm32.13.3.rel1.win32_1.0.0.202411081344/tools/bin/../lib/gcc/arm-none-eabi/13.3.1/../../../../arm-none-eabi/lib/thumb/v7e-m+dp/hard\libc_nano.a(libc_a-impure.o)
                0x2400010c                _impure_data
 *(.RamFunc)
 *(.RamFunc*)
                0x24000158                        . = ALIGN (0x4)
                0x24000158                        _edata = .

.igot.plt       0x24000158        0x0 load address 0x08011d50
 .igot.plt      0x24000158        0x0 C:/ST/STM32CubeIDE_1.17.0/STM32CubeIDE/plugins/com.st.stm32cube.ide.mcu.externaltools.gnu-tools-for-stm32.13.3.rel1.win32_1.0.0.202411081344/tools/bin/../lib/gcc/arm-none-eabi/13.3.1/thumb/v7e-m+dp/hard/crtbegin.o
                0x24000158                        . = ALIGN (0x4)

.bss            0x24000158     0x66f8 load address 0x08011d50
                0x24000158                        _sbss = .
                0x24000158                        __bss_start__ = _sbss
 *(.bss)
 .bss           0x24000158       0x1c C:/ST/STM32CubeIDE_1.17.0/STM32CubeIDE/plugins/com.st.stm32cube.ide.mcu.externaltools.gnu-tools-for-stm32.13.3.rel1.win32_1.0.0.202411081344/tools/bin/../lib/gcc/arm-none-eabi/13.3.1/thumb/v7e-m+dp/hard/crtbegin.o
 *(.bss*)
 .bss.maintaskHandle
                0x24000174        0x4 ./Core/Src/freertos.o
                0x24000174                maintaskHandle
 .bss.lidarparseHandle
                0x24000178        0x4 ./Core/Src/freertos.o
                0x24000178                lidarparseHandle
 .bss.xIdleTaskTCBBuffer
                0x2400017c       0xa0 ./Core/Src/freertos.o
 .bss.xIdleStack
                0x2400021c      0x200 ./Core/Src/freertos.o
 .bss.htim1     0x2400041c       0x4c ./Core/Src/stm32h7xx_hal_timebase_tim.o
                0x2400041c                htim1
 .bss.htim2     0x24000468       0x4c ./Core/Src/tim.o
                0x24000468                htim2
 .bss.huart8    0x240004b4       0x94 ./Core/Src/usart.o
                0x240004b4                huart8
 .bss.hdma_uart8_rx
                0x24000548       0x78 ./Core/Src/usart.o
                0x24000548                hdma_uart8_rx
 .bss.ylidar_read_index
                0x240005c0        0x2 ./Core/Src/ylidar.o
                0x240005c0                ylidar_read_index
 .bss.ylidar_write_index
                0x240005c2        0x2 ./Core/Src/ylidar.o
                0x240005c2                ylidar_write_index
 .bss.ylidar_circular_buffer
                0x240005c4      0x400 ./Core/Src/ylidar.o
                0x240005c4                ylidar_circular_buffer
 .bss.ydlidarstate
                0x240009c4        0x1 ./Core/Src/ylidar.o
                0x240009c4                ydlidarstate
 .bss.current_point_number
                0x240009c5        0x1 ./Core/Src/ylidar.o
                0x240009c5                current_point_number
 *fill*         0x240009c6        0x2 
 .bss.ylidar_finalbuffer
                0x240009c8      0x400 ./Core/Src/ylidar.o
                0x240009c8                ylidar_finalbuffer
 .bss.FSA       0x24000dc8        0x4 ./Core/Src/ylidar.o
                0x24000dc8                FSA
 .bss.LSA       0x24000dcc        0x4 ./Core/Src/ylidar.o
                0x24000dcc                LSA
 .bss.CHECKSUM  0x24000dd0        0x2 ./Core/Src/ylidar.o
                0x24000dd0                CHECKSUM
 *fill*         0x24000dd2        0x2 
 .bss.uwTick    0x24000dd4        0x4 ./Drivers/STM32H7xx_HAL_Driver/Src/stm32h7xx_hal.o
                0x24000dd4                uwTick
 .bss.cfgidx.0  0x24000dd8        0x1 ./Middlewares/ST/STM32_USB_Device_Library/Core/Src/usbd_ctlreq.o
 *fill*         0x24000dd9        0x3 
 .bss.pxCurrentTCB
                0x24000ddc        0x4 ./Middlewares/Third_Party/FreeRTOS/Source/tasks.o
                0x24000ddc                pxCurrentTCB
 .bss.pxReadyTasksLists
                0x24000de0       0x8c ./Middlewares/Third_Party/FreeRTOS/Source/tasks.o
 .bss.xDelayedTaskList1
                0x24000e6c       0x14 ./Middlewares/Third_Party/FreeRTOS/Source/tasks.o
 .bss.xDelayedTaskList2
                0x24000e80       0x14 ./Middlewares/Third_Party/FreeRTOS/Source/tasks.o
 .bss.pxDelayedTaskList
                0x24000e94        0x4 ./Middlewares/Third_Party/FreeRTOS/Source/tasks.o
 .bss.pxOverflowDelayedTaskList
                0x24000e98        0x4 ./Middlewares/Third_Party/FreeRTOS/Source/tasks.o
 .bss.xPendingReadyList
                0x24000e9c       0x14 ./Middlewares/Third_Party/FreeRTOS/Source/tasks.o
 .bss.xTasksWaitingTermination
                0x24000eb0       0x14 ./Middlewares/Third_Party/FreeRTOS/Source/tasks.o
 .bss.uxDeletedTasksWaitingCleanUp
                0x24000ec4        0x4 ./Middlewares/Third_Party/FreeRTOS/Source/tasks.o
 .bss.xSuspendedTaskList
                0x24000ec8       0x14 ./Middlewares/Third_Party/FreeRTOS/Source/tasks.o
 .bss.uxCurrentNumberOfTasks
                0x24000edc        0x4 ./Middlewares/Third_Party/FreeRTOS/Source/tasks.o
 .bss.xTickCount
                0x24000ee0        0x4 ./Middlewares/Third_Party/FreeRTOS/Source/tasks.o
 .bss.uxTopReadyPriority
                0x24000ee4        0x4 ./Middlewares/Third_Party/FreeRTOS/Source/tasks.o
 .bss.xSchedulerRunning
                0x24000ee8        0x4 ./Middlewares/Third_Party/FreeRTOS/Source/tasks.o
 .bss.xPendedTicks
                0x24000eec        0x4 ./Middlewares/Third_Party/FreeRTOS/Source/tasks.o
 .bss.xYieldPending
                0x24000ef0        0x4 ./Middlewares/Third_Party/FreeRTOS/Source/tasks.o
 .bss.xNumOfOverflows
                0x24000ef4        0x4 ./Middlewares/Third_Party/FreeRTOS/Source/tasks.o
 .bss.uxTaskNumber
                0x24000ef8        0x4 ./Middlewares/Third_Party/FreeRTOS/Source/tasks.o
 .bss.xNextTaskUnblockTime
                0x24000efc        0x4 ./Middlewares/Third_Party/FreeRTOS/Source/tasks.o
 .bss.xIdleTaskHandle
                0x24000f00        0x4 ./Middlewares/Third_Party/FreeRTOS/Source/tasks.o
 .bss.uxSchedulerSuspended
                0x24000f04        0x4 ./Middlewares/Third_Party/FreeRTOS/Source/tasks.o
 .bss.ucMaxSysCallPriority
                0x24000f08        0x1 ./Middlewares/Third_Party/FreeRTOS/Source/portable/GCC/ARM_CM4F/port.o
 *fill*         0x24000f09        0x3 
 .bss.ulMaxPRIGROUPValue
                0x24000f0c        0x4 ./Middlewares/Third_Party/FreeRTOS/Source/portable/GCC/ARM_CM4F/port.o
 .bss.ucHeap    0x24000f10     0x3c00 ./Middlewares/Third_Party/FreeRTOS/Source/portable/MemMang/heap_4.o
 .bss.xStart    0x24004b10        0x8 ./Middlewares/Third_Party/FreeRTOS/Source/portable/MemMang/heap_4.o
 .bss.pxEnd     0x24004b18        0x4 ./Middlewares/Third_Party/FreeRTOS/Source/portable/MemMang/heap_4.o
 .bss.xFreeBytesRemaining
                0x24004b1c        0x4 ./Middlewares/Third_Party/FreeRTOS/Source/portable/MemMang/heap_4.o
 .bss.xMinimumEverFreeBytesRemaining
                0x24004b20        0x4 ./Middlewares/Third_Party/FreeRTOS/Source/portable/MemMang/heap_4.o
 .bss.xNumberOfSuccessfulAllocations
                0x24004b24        0x4 ./Middlewares/Third_Party/FreeRTOS/Source/portable/MemMang/heap_4.o
 .bss.xNumberOfSuccessfulFrees
                0x24004b28        0x4 ./Middlewares/Third_Party/FreeRTOS/Source/portable/MemMang/heap_4.o
 .bss.xBlockAllocatedBit
                0x24004b2c        0x4 ./Middlewares/Third_Party/FreeRTOS/Source/portable/MemMang/heap_4.o
 .bss.hUsbDeviceFS
                0x24004b30      0x2dc ./USB_DEVICE/App/usb_device.o
                0x24004b30                hUsbDeviceFS
 .bss.UserRxBufferFS
                0x24004e0c      0x800 ./USB_DEVICE/App/usbd_cdc_if.o
                0x24004e0c                UserRxBufferFS
 .bss.UserTxBufferFS
                0x2400560c      0x800 ./USB_DEVICE/App/usbd_cdc_if.o
                0x2400560c                UserTxBufferFS
 .bss.USBD_StrDesc
                0x24005e0c      0x200 ./USB_DEVICE/App/usbd_desc.o
                0x24005e0c                USBD_StrDesc
 .bss.hpcd_USB_OTG_FS
                0x2400600c      0x4e4 ./USB_DEVICE/Target/usbd_conf.o
                0x2400600c                hpcd_USB_OTG_FS
 .bss.mem.0     0x240064f0      0x220 ./USB_DEVICE/Target/usbd_conf.o
 .bss.__sf      0x24006710      0x138 C:/ST/STM32CubeIDE_1.17.0/STM32CubeIDE/plugins/com.st.stm32cube.ide.mcu.externaltools.gnu-tools-for-stm32.13.3.rel1.win32_1.0.0.202411081344/tools/bin/../lib/gcc/arm-none-eabi/13.3.1/../../../../arm-none-eabi/lib/thumb/v7e-m+dp/hard\libc_nano.a(libc_a-findfp.o)
                0x24006710                __sf
 .bss.__lock___malloc_recursive_mutex
                0x24006848        0x1 C:/ST/STM32CubeIDE_1.17.0/STM32CubeIDE/plugins/com.st.stm32cube.ide.mcu.externaltools.gnu-tools-for-stm32.13.3.rel1.win32_1.0.0.202411081344/tools/bin/../lib/gcc/arm-none-eabi/13.3.1/../../../../arm-none-eabi/lib/thumb/v7e-m+dp/hard\libc_nano.a(libc_a-lock.o)
                0x24006848                __lock___malloc_recursive_mutex
 *fill*         0x24006849        0x3 
 .bss.__malloc_free_list
                0x2400684c        0x4 C:/ST/STM32CubeIDE_1.17.0/STM32CubeIDE/plugins/com.st.stm32cube.ide.mcu.externaltools.gnu-tools-for-stm32.13.3.rel1.win32_1.0.0.202411081344/tools/bin/../lib/gcc/arm-none-eabi/13.3.1/../../../../arm-none-eabi/lib/thumb/v7e-m+dp/hard\libc_nano.a(libc_a-mallocr.o)
                0x2400684c                __malloc_free_list
 *(COMMON)
                0x24006850                        . = ALIGN (0x4)
                0x24006850                        _ebss = .
                0x24006850                        __bss_end__ = _ebss

._user_heap_stack
                0x24006850      0x600 load address 0x08011d50
                0x24006850                        . = ALIGN (0x8)
                [!provide]                        PROVIDE (end = .)
                0x24006850                        PROVIDE (_end = .)
                0x24006a50                        . = (. + _Min_Heap_Size)
 *fill*         0x24006850      0x200 
                0x24006e50                        . = (. + _Min_Stack_Size)
 *fill*         0x24006a50      0x400 
                0x24006e50                        . = ALIGN (0x8)

/DISCARD/
 libc.a(*)
 libm.a(*)
 libgcc.a(*)

.ARM.attributes
                0x00000000       0x2e
 *(.ARM.attributes)
 .ARM.attributes
                0x00000000       0x20 C:/ST/STM32CubeIDE_1.17.0/STM32CubeIDE/plugins/com.st.stm32cube.ide.mcu.externaltools.gnu-tools-for-stm32.13.3.rel1.win32_1.0.0.202411081344/tools/bin/../lib/gcc/arm-none-eabi/13.3.1/thumb/v7e-m+dp/hard/crti.o
 .ARM.attributes
                0x00000020       0x32 C:/ST/STM32CubeIDE_1.17.0/STM32CubeIDE/plugins/com.st.stm32cube.ide.mcu.externaltools.gnu-tools-for-stm32.13.3.rel1.win32_1.0.0.202411081344/tools/bin/../lib/gcc/arm-none-eabi/13.3.1/thumb/v7e-m+dp/hard/crtbegin.o
 .ARM.attributes
                0x00000052       0x32 ./Core/Src/dma.o
 .ARM.attributes
                0x00000084       0x32 ./Core/Src/freertos.o
 .ARM.attributes
                0x000000b6       0x32 ./Core/Src/gpio.o
 .ARM.attributes
                0x000000e8       0x32 ./Core/Src/main.o
 .ARM.attributes
                0x0000011a       0x32 ./Core/Src/stm32h7xx_hal_msp.o
 .ARM.attributes
                0x0000014c       0x32 ./Core/Src/stm32h7xx_hal_timebase_tim.o
 .ARM.attributes
                0x0000017e       0x32 ./Core/Src/stm32h7xx_it.o
 .ARM.attributes
                0x000001b0       0x32 ./Core/Src/system_stm32h7xx.o
 .ARM.attributes
                0x000001e2       0x32 ./Core/Src/tim.o
 .ARM.attributes
                0x00000214       0x32 ./Core/Src/usart.o
 .ARM.attributes
                0x00000246       0x32 ./Core/Src/ylidar.o
 .ARM.attributes
                0x00000278       0x21 ./Core/Startup/startup_stm32h743vihx.o
 .ARM.attributes
                0x00000299       0x32 ./Drivers/STM32H7xx_HAL_Driver/Src/stm32h7xx_hal.o
 .ARM.attributes
                0x000002cb       0x32 ./Drivers/STM32H7xx_HAL_Driver/Src/stm32h7xx_hal_cortex.o
 .ARM.attributes
                0x000002fd       0x32 ./Drivers/STM32H7xx_HAL_Driver/Src/stm32h7xx_hal_dma.o